[    0.000000] Initializing cgroup subsys cpuset
[    0.000000] Initializing cgroup subsys cpu
[    0.000000] Linux version 3.2.0-2-686-pae (Debian 3.2.19-1) (debian-kernel@lists.debian.org) (gcc version 4.6.3 (Debian 4.6.3-7) ) #1 SMP Fri Jun 1 18:56:14 UTC 2012
[    0.000000] BIOS-provided physical RAM map:
[    0.000000]  BIOS-e820: 0000000000000000 - 000000000009d800 (usable)
[    0.000000]  BIOS-e820: 000000000009d800 - 00000000000a0000 (reserved)
[    0.000000]  BIOS-e820: 00000000000e0000 - 0000000000100000 (reserved)
[    0.000000]  BIOS-e820: 0000000000100000 - 00000000a6e3f000 (usable)
[    0.000000]  BIOS-e820: 00000000a6e3f000 - 00000000a6ebf000 (reserved)
[    0.000000]  BIOS-e820: 00000000a6ebf000 - 00000000a6fbf000 (ACPI NVS)
[    0.000000]  BIOS-e820: 00000000a6fbf000 - 00000000a6fff000 (ACPI data)
[    0.000000]  BIOS-e820: 00000000a6fff000 - 00000000a7000000 (usable)
[    0.000000]  BIOS-e820: 00000000a7000000 - 00000000afa00000 (reserved)
[    0.000000]  BIOS-e820: 00000000e0000000 - 00000000f0000000 (reserved)
[    0.000000]  BIOS-e820: 00000000feb00000 - 00000000feb04000 (reserved)
[    0.000000]  BIOS-e820: 00000000fec00000 - 00000000fec01000 (reserved)
[    0.000000]  BIOS-e820: 00000000fed10000 - 00000000fed1a000 (reserved)
[    0.000000]  BIOS-e820: 00000000fed1c000 - 00000000fed20000 (reserved)
[    0.000000]  BIOS-e820: 00000000fee00000 - 00000000fee01000 (reserved)
[    0.000000]  BIOS-e820: 00000000ffd80000 - 0000000100000000 (reserved)
[    0.000000]  BIOS-e820: 0000000100000000 - 000000014fe00000 (usable)
[    0.000000] NX (Execute Disable) protection: active
[    0.000000] DMI 2.7 present.
[    0.000000] DMI: Acer Aspire 5349/HMA51_HR, BIOS V1.08    11/29/2011
[    0.000000] e820 update range: 0000000000000000 - 0000000000010000 (usable) ==> (reserved)
[    0.000000] e820 remove range: 00000000000a0000 - 0000000000100000 (usable)
[    0.000000] last_pfn = 0x14fe00 max_arch_pfn = 0x1000000
[    0.000000] MTRR default type: uncachable
[    0.000000] MTRR fixed ranges enabled:
[    0.000000]   00000-9FFFF write-back
[    0.000000]   A0000-BFFFF uncachable
[    0.000000]   C0000-FFFFF write-protect
[    0.000000] MTRR variable ranges enabled:
[    0.000000]   0 base 000000000 mask F80000000 write-back
[    0.000000]   1 base 080000000 mask FC0000000 write-back
[    0.000000]   2 base 0A7000000 mask FFF000000 uncachable
[    0.000000]   3 base 0A8000000 mask FF8000000 uncachable
[    0.000000]   4 base 0B0000000 mask FF0000000 uncachable
[    0.000000]   5 base 0FFC00000 mask FFFC00000 write-protect
[    0.000000]   6 base 100000000 mask FC0000000 write-back
[    0.000000]   7 base 140000000 mask FF0000000 write-back
[    0.000000]   8 base 14FE00000 mask FFFE00000 uncachable
[    0.000000]   9 disabled
[    0.000000] x86 PAT enabled: cpu 0, old 0x7040600070406, new 0x7010600070106
[    0.000000] found SMP MP-table at [c00fe1b0] fe1b0
[    0.000000] initial memory mapped : 0 - 01a00000
[    0.000000] Base memory trampoline at [c0099000] 99000 size 16384
[    0.000000] init_memory_mapping: 0000000000000000-00000000379fe000
[    0.000000]  0000000000 - 0000200000 page 4k
[    0.000000]  0000200000 - 0037800000 page 2M
[    0.000000]  0037800000 - 00379fe000 page 4k
[    0.000000] kernel direct mapping tables up to 379fe000 @ 19fa000-1a00000
[    0.000000] RAMDISK: 36b88000 - 375bc000
[    0.000000] ACPI: RSDP 000fe020 00024 (v02 ACRSYS)
[    0.000000] ACPI: XSDT a6ffe120 0007C (v01 ACRSYS ACRPRDCT 00000001      01000013)
[    0.000000] ACPI: FACP a6ffc000 000F4 (v04 ACRSYS ACRPRDCT 00000001 1025 00040000)
[    0.000000] ACPI: DSDT a6fee000 0A504 (v01 ACRSYS ACRPRDCT 00000000 1025 00040000)
[    0.000000] ACPI: FACS a6f6d000 00040
[    0.000000] ACPI: ASF! a6ffd000 000A5 (v32 ACRSYS ACRPRDCT 00000001 1025 00040000)
[    0.000000] ACPI: HPET a6ffb000 00038 (v01 ACRSYS ACRPRDCT 00000001 1025 00040000)
[    0.000000] ACPI: APIC a6ffa000 0008C (v02 ACRSYS ACRPRDCT 00000001 1025 00040000)
[    0.000000] ACPI: MCFG a6ff9000 0003C (v01 ACRSYS ACRPRDCT 00000001 1025 00040000)
[    0.000000] ACPI: SLIC a6fed000 00176 (v01 ACRSYS ACRPRDCT 00000001 1025 00040000)
[    0.000000] ACPI: SSDT a6fec000 00C43 (v01 ACRSYS ACRPRDCT 00001000 1025 00040000)
[    0.000000] ACPI: BOOT a6fea000 00028 (v01 ACRSYS ACRPRDCT 00000001 1025 00040000)
[    0.000000] ACPI: ASPT a6fe7000 00034 (v07 ACRSYS ACRPRDCT 00000001 1025 00040000)
[    0.000000] ACPI: SSDT a6fe6000 007C2 (v01 ACRSYS ACRPRDCT 00003000 1025 00040000)
[    0.000000] ACPI: SSDT a6fe5000 00996 (v01 ACRSYS ACRPRDCT 00003000 1025 00040000)
[    0.000000] ACPI: Local APIC address 0xfee00000
[    0.000000] 4484MB HIGHMEM available.
[    0.000000] 889MB LOWMEM available.
[    0.000000]   mapped low ram: 0 - 379fe000
[    0.000000]   low ram: 0 - 379fe000
[    0.000000] Zone PFN ranges:
[    0.000000]   DMA      0x00000010 -> 0x00001000
[    0.000000]   Normal   0x00001000 -> 0x000379fe
[    0.000000]   HighMem  0x000379fe -> 0x0014fe00
[    0.000000] Movable zone start PFN for each node
[    0.000000] early_node_map[4] active PFN ranges
[    0.000000]     0: 0x00000010 -> 0x0000009d
[    0.000000]     0: 0x00000100 -> 0x000a6e3f
[    0.000000]     0: 0x000a6fff -> 0x000a7000
[    0.000000]     0: 0x00100000 -> 0x0014fe00
[    0.000000] On node 0 totalpages: 1010637
[    0.000000] free_area_init_node: node 0, pgdat c1415d40, node_mem_map f4188200
[    0.000000]   DMA zone: 32 pages used for memmap
[    0.000000]   DMA zone: 0 pages reserved
[    0.000000]   DMA zone: 3949 pages, LIFO batch:0
[    0.000000]   Normal zone: 1748 pages used for memmap
[    0.000000]   Normal zone: 221994 pages, LIFO batch:31
[    0.000000]   HighMem zone: 8969 pages used for memmap
[    0.000000]   HighMem zone: 773945 pages, LIFO batch:31
[    0.000000] Using APIC driver default
[    0.000000] ACPI: PM-Timer IO Port: 0x408
[    0.000000] ACPI: Local APIC address 0xfee00000
[    0.000000] ACPI: LAPIC (acpi_id[0x01] lapic_id[0x00] enabled)
[    0.000000] ACPI: LAPIC (acpi_id[0x02] lapic_id[0x02] enabled)
[    0.000000] ACPI: LAPIC (acpi_id[0x03] lapic_id[0x00] disabled)
[    0.000000] ACPI: LAPIC (acpi_id[0x04] lapic_id[0x00] disabled)
[    0.000000] ACPI: LAPIC (acpi_id[0x05] lapic_id[0x00] disabled)
[    0.000000] ACPI: LAPIC (acpi_id[0x06] lapic_id[0x00] disabled)
[    0.000000] ACPI: LAPIC (acpi_id[0x07] lapic_id[0x00] disabled)
[    0.000000] ACPI: LAPIC (acpi_id[0x08] lapic_id[0x00] disabled)
[    0.000000] ACPI: IOAPIC (id[0x00] address[0xfec00000] gsi_base[0])
[    0.000000] IOAPIC[0]: apic_id 0, version 32, address 0xfec00000, GSI 0-23
[    0.000000] ACPI: INT_SRC_OVR (bus 0 bus_irq 0 global_irq 2 dfl dfl)
[    0.000000] ACPI: INT_SRC_OVR (bus 0 bus_irq 9 global_irq 9 high level)
[    0.000000] ACPI: IRQ0 used by override.
[    0.000000] ACPI: IRQ2 used by override.
[    0.000000] ACPI: IRQ9 used by override.
[    0.000000] Using ACPI (MADT) for SMP configuration information
[    0.000000] ACPI: HPET id: 0x8086a201 base: 0xfed00000
[    0.000000] SMP: Allowing 8 CPUs, 6 hotplug CPUs
[    0.000000] nr_irqs_gsi: 40
[    0.000000] PM: Registered nosave memory: 000000000009d000 - 000000000009e000
[    0.000000] PM: Registered nosave memory: 000000000009e000 - 00000000000a0000
[    0.000000] PM: Registered nosave memory: 00000000000a0000 - 00000000000e0000
[    0.000000] PM: Registered nosave memory: 00000000000e0000 - 0000000000100000
[    0.000000] Allocating PCI resources starting at afa00000 (gap: afa00000:30600000)
[    0.000000] Booting paravirtualized kernel on bare hardware
[    0.000000] setup_percpu: NR_CPUS:32 nr_cpumask_bits:32 nr_cpu_ids:8 nr_node_ids:1
[    0.000000] PERCPU: Embedded 14 pages/cpu @f797b000 s33024 r0 d24320 u57344
[    0.000000] pcpu-alloc: s33024 r0 d24320 u57344 alloc=14*4096
[    0.000000] pcpu-alloc: [0] 0 [0] 1 [0] 2 [0] 3 [0] 4 [0] 5 [0] 6 [0] 7 
[    0.000000] Built 1 zonelists in Zone order, mobility grouping on.  Total pages: 999888
[    0.000000] Kernel command line: BOOT_IMAGE=/boot/vmlinuz-3.2.0-2-686-pae root=UUID=5d02d9de-00b1-49a6-9469-bdf601fb23c3 ro quiet
[    0.000000] PID hash table entries: 4096 (order: 2, 16384 bytes)
[    0.000000] Dentry cache hash table entries: 131072 (order: 7, 524288 bytes)
[    0.000000] Inode-cache hash table entries: 65536 (order: 6, 262144 bytes)
[    0.000000] Initializing CPU#0
[    0.000000] xsave/xrstor: enabled xstate_bv 0x3, cntxt size 0x240
[    0.000000] Initializing HighMem for node 0 (000379fe:0014fe00)
[    0.000000] Memory: 3982524k/5502976k available (2843k kernel code, 60024k reserved, 1369k data, 412k init, 3131656k highmem)
[    0.000000] virtual kernel memory layout:
[    0.000000]     fixmap  : 0xffd36000 - 0xfffff000   (2852 kB)
[    0.000000]     pkmap   : 0xffa00000 - 0xffc00000   (2048 kB)
[    0.000000]     vmalloc : 0xf81fe000 - 0xff9fe000   ( 120 MB)
[    0.000000]     lowmem  : 0xc0000000 - 0xf79fe000   ( 889 MB)
[    0.000000]       .init : 0xc141e000 - 0xc1485000   ( 412 kB)
[    0.000000]       .data : 0xc12c6e6c - 0xc141d600   (1369 kB)
[    0.000000]       .text : 0xc1000000 - 0xc12c6e6c   (2843 kB)
[    0.000000] Checking if this processor honours the WP bit even in supervisor mode...Ok.
[    0.000000] Hierarchical RCU implementation.
[    0.000000] 	RCU dyntick-idle grace-period acceleration is enabled.
[    0.000000] NR_IRQS:2304 nr_irqs:744 16
[    0.000000] CPU 0 irqstacks, hard=f3c06000 soft=f3c08000
[    0.000000] Extended CMOS year: 2000
[    0.000000] Console: colour VGA+ 80x25
[    0.000000] console [tty0] enabled
[    0.000000] hpet clockevent registered
[    0.000000] Fast TSC calibration using PIT
[    0.004000] Detected 1596.187 MHz processor.
[    0.000002] Calibrating delay loop (skipped), value calculated using timer frequency.. 3192.37 BogoMIPS (lpj=6384748)
[    0.000007] pid_max: default: 32768 minimum: 301
[    0.000041] Security Framework initialized
[    0.000046] AppArmor: AppArmor disabled by boot time parameter
[    0.000062] Mount-cache hash table entries: 512
[    0.000184] Initializing cgroup subsys cpuacct
[    0.000191] Initializing cgroup subsys memory
[    0.000200] Initializing cgroup subsys devices
[    0.000203] Initializing cgroup subsys freezer
[    0.000205] Initializing cgroup subsys net_cls
[    0.000207] Initializing cgroup subsys blkio
[    0.000213] Initializing cgroup subsys perf_event
[    0.000245] CPU: Physical Processor ID: 0
[    0.000247] CPU: Processor Core ID: 0
[    0.000254] ENERGY_PERF_BIAS: Set to 'normal', was 'performance'
[    0.000255] ENERGY_PERF_BIAS: View and update with x86_energy_perf_policy(8)
[    0.000259] mce: CPU supports 7 MCE banks
[    0.000270] CPU0: Thermal monitoring handled by SMI
[    0.000280] using mwait in idle threads.
[    0.000892] ACPI: Core revision 20110623
[    0.019652] Enabling APIC mode:  Flat.  Using 1 I/O APICs
[    0.020079] ..TIMER: vector=0x30 apic1=0 pin1=2 apic2=-1 pin2=-1
[    0.059732] CPU0: Intel(R) Celeron(R) CPU B815 @ 1.60GHz stepping 07
[    0.167616] Performance Events: PEBS fmt1+, SandyBridge events, Intel PMU driver.
[    0.167623] PEBS disabled due to CPU errata.
[    0.167626] ... version:                3
[    0.167628] ... bit width:              48
[    0.167630] ... generic registers:      8
[    0.167632] ... value mask:             0000ffffffffffff
[    0.167634] ... max period:             000000007fffffff
[    0.167636] ... fixed-purpose events:   3
[    0.167638] ... event mask:             00000007000000ff
[    0.167832] NMI watchdog enabled, takes one hw-pmu counter.
[    0.167947] CPU 1 irqstacks, hard=f3d32000 soft=f3d34000
[    0.167949] Booting Node   0, Processors  #1
[    0.167952] smpboot cpu 1: start_ip = 99000
[    0.178202] Initializing CPU#1
[    0.255581] CPU1: Thermal monitoring handled by SMI
[    0.275631] NMI watchdog enabled, takes one hw-pmu counter.
[    0.275661] Brought up 2 CPUs
[    0.275664] Total of 2 processors activated (6385.11 BogoMIPS).
[    0.277546] devtmpfs: initialized
[    0.277723] PM: Registering ACPI NVS region at a6ebf000 (1048576 bytes)
[    0.277955] print_constraints: dummy: 
[    0.278015] NET: Registered protocol family 16
[    0.278115] ACPI FADT declares the system doesn't support PCIe ASPM, so disable it
[    0.278118] ACPI: bus type pci registered
[    0.278207] PCI: MMCONFIG for domain 0000 [bus 00-ff] at [mem 0xe0000000-0xefffffff] (base 0xe0000000)
[    0.278212] PCI: MMCONFIG at [mem 0xe0000000-0xefffffff] reserved in E820
[    0.278214] PCI: Using MMCONFIG for extended config space
[    0.278216] PCI: Using configuration type 1 for base access
[    0.278895] bio: create slab <bio-0> at 0
[    0.278986] ACPI: Added _OSI(Module Device)
[    0.278989] ACPI: Added _OSI(Processor Device)
[    0.278991] ACPI: Added _OSI(3.0 _SCP Extensions)
[    0.278994] ACPI: Added _OSI(Processor Aggregator Device)
[    0.280847] ACPI: EC: Look up EC in DSDT
[    0.295662] [Firmware Bug]: ACPI: BIOS _OSI(Linux) query ignored
[    0.296629] ACPI: SSDT a6e70718 0067C (v01  PmRef  Cpu0Cst 00003001 INTL 20100121)
[    0.297121] ACPI: Dynamic OEM Table Load:
[    0.297124] ACPI: SSDT   (null) 0067C (v01  PmRef  Cpu0Cst 00003001 INTL 20100121)
[    0.308018] ACPI: SSDT a6e71a98 00303 (v01  PmRef    ApIst 00003000 INTL 20100121)
[    0.308553] ACPI: Dynamic OEM Table Load:
[    0.308556] ACPI: SSDT   (null) 00303 (v01  PmRef    ApIst 00003000 INTL 20100121)
[    0.319798] ACPI: SSDT a6e6fd98 00119 (v01  PmRef    ApCst 00003000 INTL 20100121)
[    0.320271] ACPI: Dynamic OEM Table Load:
[    0.320274] ACPI: SSDT   (null) 00119 (v01  PmRef    ApCst 00003000 INTL 20100121)
[    0.332107] ACPI: Interpreter enabled
[    0.332114] ACPI: (supports S0 S3 S4 S5)
[    0.332144] ACPI: Using IOAPIC for interrupt routing
[    0.337520] ACPI: EC: GPE = 0x17, I/O: command/status = 0x66, data = 0x62
[    0.337729] ACPI: No dock devices found.
[    0.337732] HEST: Table not found.
[    0.337737] PCI: Using host bridge windows from ACPI; if necessary, use "pci=nocrs" and report a bug
[    0.338195] \_SB_.PCI0:_OSC invalid UUID
[    0.338197] _OSC request data:1 8 1f 
[    0.338202] ACPI: PCI Root Bridge [PCI0] (domain 0000 [bus 00-fe])
[    0.338981] pci_root PNP0A08:00: host bridge window [io  0x0000-0x0cf7]
[    0.338985] pci_root PNP0A08:00: host bridge window [io  0x0d00-0xffff]
[    0.338988] pci_root PNP0A08:00: host bridge window [mem 0x000a0000-0x000bffff]
[    0.338993] pci_root PNP0A08:00: host bridge window [mem 0xafa00000-0xfeafffff]
[    0.339008] pci 0000:00:00.0: [8086:0104] type 0 class 0x000600
[    0.339059] pci 0000:00:02.0: [8086:0106] type 0 class 0x000300
[    0.339074] pci 0000:00:02.0: reg 10: [mem 0xc0000000-0xc03fffff 64bit]
[    0.339083] pci 0000:00:02.0: reg 18: [mem 0xb0000000-0xbfffffff 64bit pref]
[    0.339089] pci 0000:00:02.0: reg 20: [io  0x4000-0x403f]
[    0.339179] pci 0000:00:16.0: [8086:1c3a] type 0 class 0x000780
[    0.339214] pci 0000:00:16.0: reg 10: [mem 0xc4404000-0xc440400f 64bit]
[    0.339337] pci 0000:00:16.0: PME# supported from D0 D3hot D3cold
[    0.339343] pci 0000:00:16.0: PME# disabled
[    0.339398] pci 0000:00:1a.0: [8086:1c2d] type 0 class 0x000c03
[    0.339678] pci 0000:00:1a.0: reg 10: [mem 0xc4409000-0xc44093ff]
[    0.341212] pci 0000:00:1a.0: PME# supported from D0 D3hot D3cold
[    0.341218] pci 0000:00:1a.0: PME# disabled
[    0.341259] pci 0000:00:1b.0: [8086:1c20] type 0 class 0x000403
[    0.341287] pci 0000:00:1b.0: reg 10: [mem 0xc4400000-0xc4403fff 64bit]
[    0.341420] pci 0000:00:1b.0: PME# supported from D0 D3hot D3cold
[    0.341426] pci 0000:00:1b.0: PME# disabled
[    0.341464] pci 0000:00:1c.0: [8086:1c10] type 1 class 0x000604
[    0.341610] pci 0000:00:1c.0: PME# supported from D0 D3hot D3cold
[    0.341616] pci 0000:00:1c.0: PME# disabled
[    0.341663] pci 0000:00:1c.5: [8086:1c1a] type 1 class 0x000604
[    0.341803] pci 0000:00:1c.5: PME# supported from D0 D3hot D3cold
[    0.341809] pci 0000:00:1c.5: PME# disabled
[    0.341857] pci 0000:00:1d.0: [8086:1c26] type 0 class 0x000c03
[    0.342121] pci 0000:00:1d.0: reg 10: [mem 0xc4408000-0xc44083ff]
[    0.343658] pci 0000:00:1d.0: PME# supported from D0 D3hot D3cold
[    0.343664] pci 0000:00:1d.0: PME# disabled
[    0.343699] pci 0000:00:1f.0: [8086:1c49] type 0 class 0x000601
[    0.343892] pci 0000:00:1f.2: [8086:1c03] type 0 class 0x000106
[    0.343928] pci 0000:00:1f.2: reg 10: [io  0x4088-0x408f]
[    0.343943] pci 0000:00:1f.2: reg 14: [io  0x4094-0x4097]
[    0.343958] pci 0000:00:1f.2: reg 18: [io  0x4080-0x4087]
[    0.343973] pci 0000:00:1f.2: reg 1c: [io  0x4090-0x4093]
[    0.343987] pci 0000:00:1f.2: reg 20: [io  0x4060-0x407f]
[    0.344002] pci 0000:00:1f.2: reg 24: [mem 0xc4407000-0xc44077ff]
[    0.344097] pci 0000:00:1f.2: PME# supported from D3hot
[    0.344103] pci 0000:00:1f.2: PME# disabled
[    0.344135] pci 0000:00:1f.3: [8086:1c22] type 0 class 0x000c05
[    0.344163] pci 0000:00:1f.3: reg 10: [mem 0xc4405000-0xc44050ff 64bit]
[    0.344201] pci 0000:00:1f.3: reg 20: [io  0x4040-0x405f]
[    0.344472] pci 0000:02:00.0: [1969:2062] type 0 class 0x000200
[    0.344558] pci 0000:02:00.0: reg 10: [mem 0xc3400000-0xc343ffff 64bit]
[    0.344626] pci 0000:02:00.0: reg 18: [io  0x3000-0x307f]
[    0.345174] pci 0000:02:00.0: PME# supported from D0 D1 D2 D3hot D3cold
[    0.345186] pci 0000:02:00.0: PME# disabled
[    0.351649] pci 0000:00:1c.0: PCI bridge to [bus 02-02]
[    0.351660] pci 0000:00:1c.0:   bridge window [io  0x3000-0x3fff]
[    0.351670] pci 0000:00:1c.0:   bridge window [mem 0xc3400000-0xc43fffff]
[    0.351686] pci 0000:00:1c.0:   bridge window [mem 0xc0400000-0xc13fffff 64bit pref]
[    0.351814] pci 0000:07:00.0: [168c:0032] type 0 class 0x000280
[    0.351851] pci 0000:07:00.0: reg 10: [mem 0xc2400000-0xc247ffff 64bit]
[    0.351937] pci 0000:07:00.0: reg 30: [mem 0xffff0000-0xffffffff pref]
[    0.352030] pci 0000:07:00.0: supports D1 D2
[    0.352032] pci 0000:07:00.0: PME# supported from D0 D1 D2 D3hot D3cold
[    0.352039] pci 0000:07:00.0: PME# disabled
[    0.359588] pci 0000:00:1c.5: PCI bridge to [bus 07-07]
[    0.359597] pci 0000:00:1c.5:   bridge window [io  0x2000-0x2fff]
[    0.359607] pci 0000:00:1c.5:   bridge window [mem 0xc2400000-0xc33fffff]
[    0.359622] pci 0000:00:1c.5:   bridge window [mem 0xc1400000-0xc23fffff 64bit pref]
[    0.359650] pci_bus 0000:00: on NUMA node 0
[    0.359658] ACPI: PCI Interrupt Routing Table [\_SB_.PCI0._PRT]
[    0.359931] ACPI: PCI Interrupt Routing Table [\_SB_.PCI0.RP01._PRT]
[    0.359990] ACPI: PCI Interrupt Routing Table [\_SB_.PCI0.RP06._PRT]
[    0.360105] \_SB_.PCI0:_OSC invalid UUID
[    0.360107] _OSC request data:1 1f 1f 
[    0.360112]  pci0000:00: Requesting ACPI _OSC control (0x1d)
[    0.360158] \_SB_.PCI0:_OSC invalid UUID
[    0.360159] _OSC request data:1 0 1d 
[    0.360164]  pci0000:00: ACPI _OSC request failed (AE_ERROR), returned control mask: 0x1d
[    0.360166] ACPI _OSC control for PCIe not granted, disabling ASPM
[    0.363659] ACPI: PCI Interrupt Link [LNKA] (IRQs 1 3 4 5 6 10 11 12 14 15) *7
[    0.363725] ACPI: PCI Interrupt Link [LNKB] (IRQs 1 3 4 5 6 10 11 12 14 15) *0, disabled.
[    0.363787] ACPI: PCI Interrupt Link [LNKC] (IRQs 1 3 4 5 6 10 *11 12 14 15)
[    0.363849] ACPI: PCI Interrupt Link [LNKD] (IRQs 1 3 4 5 6 10 11 12 14 15) *7
[    0.363910] ACPI: PCI Interrupt Link [LNKE] (IRQs 1 3 4 5 6 10 11 12 14 15) *0, disabled.
[    0.363977] ACPI: PCI Interrupt Link [LNKF] (IRQs 1 3 4 5 6 *10 11 12 14 15)
[    0.364038] ACPI: PCI Interrupt Link [LNKG] (IRQs 1 3 4 5 6 *10 11 12 14 15)
[    0.364100] ACPI: PCI Interrupt Link [LNKH] (IRQs 1 3 4 5 6 10 *11 12 14 15)
[    0.364221] vgaarb: device added: PCI:0000:00:02.0,decodes=io+mem,owns=io+mem,locks=none
[    0.364229] vgaarb: loaded
[    0.364231] vgaarb: bridge control possible 0000:00:02.0
[    0.364272] PCI: Using ACPI for IRQ routing
[    0.372123] PCI: pci_cache_line_size set to 64 bytes
[    0.372234] reserve RAM buffer: 000000000009d800 - 000000000009ffff 
[    0.372237] reserve RAM buffer: 00000000a6e3f000 - 00000000a7ffffff 
[    0.372241] reserve RAM buffer: 00000000a7000000 - 00000000a7ffffff 
[    0.372244] reserve RAM buffer: 000000014fe00000 - 000000014fffffff 
[    0.372372] hpet0: at MMIO 0xfed00000, IRQs 2, 8, 0, 0, 0, 0, 0, 0
[    0.372379] hpet0: 8 comparators, 64-bit 14.318180 MHz counter
[    0.375396] Switching to clocksource hpet
[    0.377302] pnp: PnP ACPI init
[    0.377318] ACPI: bus type pnp registered
[    0.377728] pnp 00:00: [bus 00-fe]
[    0.377732] pnp 00:00: [io  0x0000-0x0cf7 window]
[    0.377735] pnp 00:00: [io  0x0cf8-0x0cff]
[    0.377737] pnp 00:00: [io  0x0d00-0xffff window]
[    0.377740] pnp 00:00: [mem 0x000a0000-0x000bffff window]
[    0.377743] pnp 00:00: [mem 0x000c0000-0x000c3fff window]
[    0.377745] pnp 00:00: [mem 0x000c4000-0x000c7fff window]
[    0.377748] pnp 00:00: [mem 0x000c8000-0x000cbfff window]
[    0.377750] pnp 00:00: [mem 0x000cc000-0x000cffff window]
[    0.377753] pnp 00:00: [mem 0x000d0000-0x000d3fff window]
[    0.377755] pnp 00:00: [mem 0x000d4000-0x000d7fff window]
[    0.377758] pnp 00:00: [mem 0x000d8000-0x000dbfff window]
[    0.377760] pnp 00:00: [mem 0x000dc000-0x000dffff window]
[    0.377763] pnp 00:00: [mem 0x000e0000-0x000e3fff window]
[    0.377765] pnp 00:00: [mem 0x000e4000-0x000e7fff window]
[    0.377768] pnp 00:00: [mem 0x000e8000-0x000ebfff window]
[    0.377770] pnp 00:00: [mem 0x000ec000-0x000effff window]
[    0.377773] pnp 00:00: [mem 0x000f0000-0x000fffff window]
[    0.377776] pnp 00:00: [mem 0xafa00000-0xfeafffff window]
[    0.377836] pnp 00:00: Plug and Play ACPI device, IDs PNP0a08 PNP0a03 (active)
[    0.377859] pnp 00:01: [io  0x0000-0x001f]
[    0.377862] pnp 00:01: [io  0x0081-0x0091]
[    0.377864] pnp 00:01: [io  0x0093-0x009f]
[    0.377866] pnp 00:01: [io  0x00c0-0x00df]
[    0.377868] pnp 00:01: [dma 4]
[    0.377897] pnp 00:01: Plug and Play ACPI device, IDs PNP0200 (active)
[    0.377908] pnp 00:02: [mem 0xff000000-0xffffffff]
[    0.377935] pnp 00:02: Plug and Play ACPI device, IDs INT0800 (active)
[    0.378027] pnp 00:03: [mem 0xfed00000-0xfed003ff]
[    0.378058] pnp 00:03: Plug and Play ACPI device, IDs PNP0103 (active)
[    0.378070] pnp 00:04: [io  0x00f0]
[    0.378079] pnp 00:04: [irq 13]
[    0.378108] pnp 00:04: Plug and Play ACPI device, IDs PNP0c04 (active)
[    0.378122] pnp 00:05: [io  0x002e-0x002f]
[    0.378124] pnp 00:05: [io  0x004e-0x004f]
[    0.378126] pnp 00:05: [io  0x0061]
[    0.378128] pnp 00:05: [io  0x0063]
[    0.378130] pnp 00:05: [io  0x0065]
[    0.378132] pnp 00:05: [io  0x0067]
[    0.378134] pnp 00:05: [io  0x0070]
[    0.378136] pnp 00:05: [io  0x0080]
[    0.378138] pnp 00:05: [io  0x0092]
[    0.378140] pnp 00:05: [io  0x00b2-0x00b3]
[    0.378142] pnp 00:05: [io  0x0680-0x069f]
[    0.378144] pnp 00:05: [io  0x1000-0x100f]
[    0.378146] pnp 00:05: [io  0x1010-0x1013]
[    0.378148] pnp 00:05: [io  0xffff]
[    0.378152] pnp 00:05: [io  0x0400-0x0453]
[    0.378154] pnp 00:05: [io  0x0458-0x047f]
[    0.378156] pnp 00:05: [io  0x0500-0x057f]
[    0.378158] pnp 00:05: [io  0x164e-0x164f]
[    0.378210] system 00:05: [io  0x0680-0x069f] has been reserved
[    0.378214] system 00:05: [io  0x1000-0x100f] has been reserved
[    0.378217] system 00:05: [io  0x1010-0x1013] has been reserved
[    0.378220] system 00:05: [io  0xffff] has been reserved
[    0.378223] system 00:05: [io  0x0400-0x0453] has been reserved
[    0.378226] system 00:05: [io  0x0458-0x047f] has been reserved
[    0.378229] system 00:05: [io  0x0500-0x057f] has been reserved
[    0.378232] system 00:05: [io  0x164e-0x164f] has been reserved
[    0.378235] system 00:05: Plug and Play ACPI device, IDs PNP0c02 (active)
[    0.378245] pnp 00:06: [io  0x0070-0x0077]
[    0.378251] pnp 00:06: [irq 8]
[    0.378284] pnp 00:06: Plug and Play ACPI device, IDs PNP0b00 (active)
[    0.378308] pnp 00:07: [io  0x0454-0x0457]
[    0.378353] system 00:07: [io  0x0454-0x0457] has been reserved
[    0.378356] system 00:07: Plug and Play ACPI device, IDs INT3f0d PNP0c02 (active)
[    0.378367] pnp 00:08: [io  0x0060]
[    0.378369] pnp 00:08: [io  0x0064]
[    0.378375] pnp 00:08: [irq 1]
[    0.378405] pnp 00:08: Plug and Play ACPI device, IDs PNP0303 (active)
[    0.378418] pnp 00:09: [irq 12]
[    0.378450] pnp 00:09: Plug and Play ACPI device, IDs SYN1b39 SYN1b00 SYN0002 PNP0f13 (active)
[    0.378590] pnp 00:0a: [mem 0xfed1c000-0xfed1ffff]
[    0.378593] pnp 00:0a: [mem 0xfed10000-0xfed17fff]
[    0.378595] pnp 00:0a: [mem 0xfed18000-0xfed18fff]
[    0.378598] pnp 00:0a: [mem 0xfed19000-0xfed19fff]
[    0.378600] pnp 00:0a: [mem 0xe0000000-0xefffffff]
[    0.378602] pnp 00:0a: [mem 0xfed20000-0xfed3ffff]
[    0.378605] pnp 00:0a: [mem 0xfed90000-0xfed93fff]
[    0.378607] pnp 00:0a: [mem 0xff000000-0xffffffff]
[    0.378609] pnp 00:0a: [mem 0xfee00000-0xfeefffff]
[    0.378612] pnp 00:0a: [mem 0xafa00000-0xafa00fff]
[    0.378663] system 00:0a: [mem 0xfed1c000-0xfed1ffff] has been reserved
[    0.378667] system 00:0a: [mem 0xfed10000-0xfed17fff] has been reserved
[    0.378670] system 00:0a: [mem 0xfed18000-0xfed18fff] has been reserved
[    0.378673] system 00:0a: [mem 0xfed19000-0xfed19fff] has been reserved
[    0.378677] system 00:0a: [mem 0xe0000000-0xefffffff] has been reserved
[    0.378680] system 00:0a: [mem 0xfed20000-0xfed3ffff] has been reserved
[    0.378683] system 00:0a: [mem 0xfed90000-0xfed93fff] has been reserved
[    0.378687] system 00:0a: [mem 0xff000000-0xffffffff] could not be reserved
[    0.378690] system 00:0a: [mem 0xfee00000-0xfeefffff] could not be reserved
[    0.378693] system 00:0a: [mem 0xafa00000-0xafa00fff] has been reserved
[    0.378697] system 00:0a: Plug and Play ACPI device, IDs PNP0c02 (active)
[    0.378960] pnp 00:0b: [mem 0x20000000-0x201fffff]
[    0.378962] pnp 00:0b: [mem 0x40000000-0x401fffff]
[    0.379025] system 00:0b: [mem 0x20000000-0x201fffff] could not be reserved
[    0.379029] system 00:0b: [mem 0x40000000-0x401fffff] could not be reserved
[    0.379032] system 00:0b: Plug and Play ACPI device, IDs PNP0c01 (active)
[    0.379080] pnp: PnP ACPI: found 12 devices
[    0.379082] ACPI: ACPI bus type pnp unregistered
[    0.379085] PnPBIOS: Disabled by ACPI PNP
[    0.416085] pci 0000:07:00.0: no compatible bridge window for [mem 0xffff0000-0xffffffff pref]
[    0.416089] PCI: max bus depth: 1 pci_try_num: 2
[    0.416120] pci 0000:00:1c.0: PCI bridge to [bus 02-02]
[    0.416125] pci 0000:00:1c.0:   bridge window [io  0x3000-0x3fff]
[    0.416134] pci 0000:00:1c.0:   bridge window [mem 0xc3400000-0xc43fffff]
[    0.416141] pci 0000:00:1c.0:   bridge window [mem 0xc0400000-0xc13fffff 64bit pref]
[    0.416154] pci 0000:07:00.0: BAR 6: assigned [mem 0xc1400000-0xc140ffff pref]
[    0.416157] pci 0000:00:1c.5: PCI bridge to [bus 07-07]
[    0.416162] pci 0000:00:1c.5:   bridge window [io  0x2000-0x2fff]
[    0.416170] pci 0000:00:1c.5:   bridge window [mem 0xc2400000-0xc33fffff]
[    0.416176] pci 0000:00:1c.5:   bridge window [mem 0xc1400000-0xc23fffff 64bit pref]
[    0.416202] pci 0000:00:1c.0: PCI INT A -> GSI 17 (level, low) -> IRQ 17
[    0.416210] pci 0000:00:1c.0: setting latency timer to 64
[    0.416223] pci 0000:00:1c.5: PCI INT B -> GSI 16 (level, low) -> IRQ 16
[    0.416230] pci 0000:00:1c.5: setting latency timer to 64
[    0.416235] pci_bus 0000:00: resource 4 [io  0x0000-0x0cf7]
[    0.416238] pci_bus 0000:00: resource 5 [io  0x0d00-0xffff]
[    0.416240] pci_bus 0000:00: resource 6 [mem 0x000a0000-0x000bffff]
[    0.416243] pci_bus 0000:00: resource 7 [mem 0xafa00000-0xfeafffff]
[    0.416246] pci_bus 0000:02: resource 0 [io  0x3000-0x3fff]
[    0.416248] pci_bus 0000:02: resource 1 [mem 0xc3400000-0xc43fffff]
[    0.416251] pci_bus 0000:02: resource 2 [mem 0xc0400000-0xc13fffff 64bit pref]
[    0.416254] pci_bus 0000:07: resource 0 [io  0x2000-0x2fff]
[    0.416257] pci_bus 0000:07: resource 1 [mem 0xc2400000-0xc33fffff]
[    0.416259] pci_bus 0000:07: resource 2 [mem 0xc1400000-0xc23fffff 64bit pref]
[    0.416313] NET: Registered protocol family 2
[    0.416378] IP route cache hash table entries: 32768 (order: 5, 131072 bytes)
[    0.416575] TCP established hash table entries: 131072 (order: 8, 1048576 bytes)
[    0.416904] TCP bind hash table entries: 65536 (order: 7, 524288 bytes)
[    0.417048] TCP: Hash tables configured (established 131072 bind 65536)
[    0.417051] TCP reno registered
[    0.417055] UDP hash table entries: 512 (order: 2, 16384 bytes)
[    0.417062] UDP-Lite hash table entries: 512 (order: 2, 16384 bytes)
[    0.417169] NET: Registered protocol family 1
[    0.417183] pci 0000:00:02.0: Boot video device
[    0.417199] pci 0000:00:1a.0: PCI INT A -> GSI 16 (level, low) -> IRQ 16
[    0.431400] pci 0000:00:1a.0: PCI INT A disabled
[    0.431446] pci 0000:00:1d.0: PCI INT A -> GSI 23 (level, low) -> IRQ 23
[    0.447373] pci 0000:00:1d.0: PCI INT A disabled
[    0.447423] PCI: CLS 64 bytes, default 64
[    0.447516] Unpacking initramfs...
[    0.843328] Freeing initrd memory: 10448k freed
[    0.845319] Simple Boot Flag at 0x44 set to 0x1
[    0.845763] audit: initializing netlink socket (disabled)
[    0.845775] type=2000 audit(1372265248.712:1): initialized
[    0.871150] highmem bounce pool size: 64 pages
[    0.871156] HugeTLB registered 2 MB page size, pre-allocated 0 pages
[    0.880101] VFS: Disk quotas dquot_6.5.2
[    0.880141] Dquot-cache hash table entries: 1024 (order 0, 4096 bytes)
[    0.880217] msgmni has been set to 1682
[    0.880411] alg: No test for stdrng (krng)
[    0.880442] Block layer SCSI generic (bsg) driver version 0.4 loaded (major 253)
[    0.880446] io scheduler noop registered
[    0.880448] io scheduler deadline registered
[    0.880462] io scheduler cfq registered (default)
[    0.880717] pci_hotplug: PCI Hot Plug PCI Core version: 0.5
[    0.880746] pciehp: PCI Express Hot Plug Controller Driver version: 0.4
[    0.880748] acpiphp: ACPI Hot Plug PCI Controller Driver version: 0.5
[    0.881121] intel_idle: MWAIT substates: 0x120
[    0.881123] intel_idle: v0.4 model 0x2A
[    0.881125] intel_idle: lapic_timer_reliable_states 0xffffffff
[    0.881166] ERST: Table is not found!
[    0.881168] GHES: HEST is not enabled!
[    0.881183] isapnp: Scanning for PnP cards...
[    1.234947] isapnp: No Plug & Play device found
[    1.235014] Serial: 8250/16550 driver, 4 ports, IRQ sharing enabled
[    1.243255] Linux agpgart interface v0.103
[    1.243378] agpgart-intel 0000:00:00.0: Intel Sandybridge Chipset
[    1.243448] agpgart-intel 0000:00:00.0: detected gtt size: 2097152K total, 262144K mappable
[    1.244141] agpgart-intel 0000:00:00.0: detected 131072K stolen memory
[    1.244266] agpgart-intel 0000:00:00.0: AGP aperture is 256M @ 0xb0000000
[    1.244432] i8042: PNP: PS/2 Controller [PNP0303:PS2K,PNP0f13:PS2M] at 0x60,0x64 irq 1,12
[    1.250643] i8042: Detected active multiplexing controller, rev 1.1
[    1.253906] serio: i8042 KBD port at 0x60,0x64 irq 1
[    1.253914] serio: i8042 AUX0 port at 0x60,0x64 irq 12
[    1.253951] serio: i8042 AUX1 port at 0x60,0x64 irq 12
[    1.253980] serio: i8042 AUX2 port at 0x60,0x64 irq 12
[    1.254009] serio: i8042 AUX3 port at 0x60,0x64 irq 12
[    1.254142] mousedev: PS/2 mouse device common for all mice
[    1.254194] rtc_cmos 00:06: RTC can wake from S4
[    1.254317] rtc_cmos 00:06: rtc core: registered rtc_cmos as rtc0
[    1.254348] rtc0: alarms up to one year, y3k, 242 bytes nvram, hpet irqs
[    1.254414] cpuidle: using governor ladder
[    1.254503] cpuidle: using governor menu
[    1.254706] TCP cubic registered
[    1.254779] NET: Registered protocol family 10
[    1.255326] Mobile IPv6
[    1.255329] NET: Registered protocol family 17
[    1.255334] Registering the dns_resolver key type
[    1.255358] Using IPI No-Shortcut mode
[    1.255545] PM: Hibernation image not present or could not be loaded.
[    1.255559] registered taskstats version 1
[    1.260433] rtc_cmos 00:06: setting system clock to 2013-06-26 16:47:30 UTC (1372265250)
[    1.260504] Initializing network drop monitor service
[    1.260606] Freeing unused kernel memory: 412k freed
[    1.260759] Write protecting the kernel text: 2844k
[    1.260810] Write protecting the kernel read-only data: 1112k
[    1.260812] NX-protecting the kernel data: 3300k
[    1.273912] udevd[49]: starting version 175
[    1.277960] input: AT Translated Set 2 keyboard as /devices/platform/i8042/serio0/input/input0
[    1.294522] usbcore: registered new interface driver usbfs
[    1.294548] usbcore: registered new interface driver hub
[    1.309177] atl1c 0000:02:00.0: PCI INT A -> GSI 16 (level, low) -> IRQ 16
[    1.309209] atl1c 0000:02:00.0: setting latency timer to 64
[    1.317672] usbcore: registered new device driver usb
[    1.318122] ehci_hcd: USB 2.0 'Enhanced' Host Controller (EHCI) Driver
[    1.318150] ehci_hcd 0000:00:1a.0: PCI INT A -> GSI 16 (level, low) -> IRQ 16
[    1.318173] ehci_hcd 0000:00:1a.0: setting latency timer to 64
[    1.318178] ehci_hcd 0000:00:1a.0: EHCI Host Controller
[    1.318203] ehci_hcd 0000:00:1a.0: new USB bus registered, assigned bus number 1
[    1.318235] ehci_hcd 0000:00:1a.0: debug port 2
[    1.322122] ehci_hcd 0000:00:1a.0: cache line size of 64 is not supported
[    1.322162] ehci_hcd 0000:00:1a.0: irq 16, io mem 0xc4409000
[    1.328810] SCSI subsystem initialized
[    1.340411] ehci_hcd 0000:00:1a.0: USB 2.0 started, EHCI 1.00
[    1.340443] usb usb1: New USB device found, idVendor=1d6b, idProduct=0002
[    1.340447] usb usb1: New USB device strings: Mfr=3, Product=2, SerialNumber=1
[    1.340450] usb usb1: Product: EHCI Host Controller
[    1.340452] usb usb1: Manufacturer: Linux 3.2.0-2-686-pae ehci_hcd
[    1.340454] usb usb1: SerialNumber: 0000:00:1a.0
[    1.340598] hub 1-0:1.0: USB hub found
[    1.340603] hub 1-0:1.0: 2 ports detected
[    1.340686] ehci_hcd 0000:00:1d.0: PCI INT A -> GSI 23 (level, low) -> IRQ 23
[    1.340714] ehci_hcd 0000:00:1d.0: setting latency timer to 64
[    1.340718] ehci_hcd 0000:00:1d.0: EHCI Host Controller
[    1.340727] ehci_hcd 0000:00:1d.0: new USB bus registered, assigned bus number 2
[    1.340758] ehci_hcd 0000:00:1d.0: debug port 2
[    1.344657] ehci_hcd 0000:00:1d.0: cache line size of 64 is not supported
[    1.344911] libata version 3.00 loaded.
[    1.356354] ehci_hcd 0000:00:1d.0: irq 23, io mem 0xc4408000
[    1.358337] thermal LNXTHERM:00: registered as thermal_zone0
[    1.358342] ACPI: Thermal Zone [THRM] (81 C)
[    1.370725] ehci_hcd 0000:00:1d.0: USB 2.0 started, EHCI 1.00
[    1.370755] usb usb2: New USB device found, idVendor=1d6b, idProduct=0002
[    1.370759] usb usb2: New USB device strings: Mfr=3, Product=2, SerialNumber=1
[    1.370762] usb usb2: Product: EHCI Host Controller
[    1.370764] usb usb2: Manufacturer: Linux 3.2.0-2-686-pae ehci_hcd
[    1.370766] usb usb2: SerialNumber: 0000:00:1d.0
[    1.370909] hub 2-0:1.0: USB hub found
[    1.370915] hub 2-0:1.0: 2 ports detected
[    1.371004] ahci 0000:00:1f.2: version 3.0
[    1.371031] ahci 0000:00:1f.2: PCI INT B -> GSI 19 (level, low) -> IRQ 19
[    1.371096] ahci 0000:00:1f.2: irq 40 for MSI/MSI-X
[    1.371131] ahci: SSS flag set, parallel bus scan disabled
[    1.371162] ahci 0000:00:1f.2: AHCI 0001.0300 32 slots 6 ports 6 Gbps 0x3 impl SATA mode
[    1.371166] ahci 0000:00:1f.2: flags: 64bit ncq sntf stag pm led clo pio slum part ems apst 
[    1.371173] ahci 0000:00:1f.2: setting latency timer to 64
[    1.379412] scsi0 : ahci
[    1.379556] scsi1 : ahci
[    1.379646] scsi2 : ahci
[    1.379723] scsi3 : ahci
[    1.379806] scsi4 : ahci
[    1.379878] scsi5 : ahci
[    1.380013] ata1: SATA max UDMA/133 abar m2048@0xc4407000 port 0xc4407100 irq 40
[    1.380017] ata2: SATA max UDMA/133 abar m2048@0xc4407000 port 0xc4407180 irq 40
[    1.380020] ata3: DUMMY
[    1.380021] ata4: DUMMY
[    1.380023] ata5: DUMMY
[    1.380025] ata6: DUMMY
[    1.435446] atl1c 0000:02:00.0: version 1.0.1.0-NAPI
[    1.650527] usb 1-1: new high-speed USB device number 2 using ehci_hcd
[    1.698500] ata1: SATA link up 3.0 Gbps (SStatus 123 SControl 300)
[    1.736534] ata1.00: ATA-8: TOSHIBA MQ01ABD032, AX001A, max UDMA/100
[    1.736542] ata1.00: 625142448 sectors, multi 16: LBA48 NCQ (depth 31/32), AA
[    1.738397] ata1.00: configured for UDMA/100
[    1.738702] scsi 0:0:0:0: Direct-Access     ATA      TOSHIBA MQ01ABD0 AX00 PQ: 0 ANSI: 5
[    1.782804] usb 1-1: New USB device found, idVendor=8087, idProduct=0024
[    1.782811] usb 1-1: New USB device strings: Mfr=0, Product=0, SerialNumber=0
[    1.783213] hub 1-1:1.0: USB hub found
[    1.783269] hub 1-1:1.0: 6 ports detected
[    1.842386] Refined TSC clocksource calibration: 1596.373 MHz.
[    1.842396] Switching to clocksource tsc
[    1.894349] usb 2-1: new high-speed USB device number 2 using ehci_hcd
[    2.026630] usb 2-1: New USB device found, idVendor=8087, idProduct=0024
[    2.026639] usb 2-1: New USB device strings: Mfr=0, Product=0, SerialNumber=0
[    2.027023] hub 2-1:1.0: USB hub found
[    2.027083] hub 2-1:1.0: 6 ports detected
[    2.058235] ata2: SATA link up 1.5 Gbps (SStatus 113 SControl 300)
[    2.060758] ata2.00: ATAPI: HL-DT-ST DVDRAM GT51N, 1.00, max UDMA/100
[    2.063600] ata2.00: configured for UDMA/100
[    2.065462] scsi 1:0:0:0: CD-ROM            HL-DT-ST DVDRAM GT51N     1.00 PQ: 0 ANSI: 5
[    2.071477] sd 0:0:0:0: [sda] 625142448 512-byte logical blocks: (320 GB/298 GiB)
[    2.071481] sd 0:0:0:0: [sda] 4096-byte physical blocks
[    2.071529] sd 0:0:0:0: [sda] Write Protect is off
[    2.071533] sd 0:0:0:0: [sda] Mode Sense: 00 3a 00 00
[    2.071573] sd 0:0:0:0: [sda] Write cache: enabled, read cache: enabled, doesn't support DPO or FUA
[    2.073703] sr0: scsi3-mmc drive: 24x/24x writer dvd-ram cd/rw xa/form2 cdda tray
[    2.073710] cdrom: Uniform CD-ROM driver Revision: 3.20
[    2.073904] sr 1:0:0:0: Attached scsi CD-ROM sr0
[    2.098327] usb 1-1.1: new high-speed USB device number 3 using ehci_hcd
[    2.178755]  sda: sda1 sda2 sda3 sda4 < sda5 sda6 sda7 sda8 sda9 sda10 sda11 >
[    2.179832] sd 0:0:0:0: [sda] Attached SCSI disk
[    2.182064] sd 0:0:0:0: Attached scsi generic sg0 type 0
[    2.182140] sr 1:0:0:0: Attached scsi generic sg1 type 5
[    2.296684] usb 1-1.1: New USB device found, idVendor=0402, idProduct=9665
[    2.296694] usb 1-1.1: New USB device strings: Mfr=3, Product=1, SerialNumber=0
[    2.296701] usb 1-1.1: Product: 1.3M WebCam
[    2.296705] usb 1-1.1: Manufacturer: XPC1J04E0
[    4.548669] device-mapper: uevent: version 1.0.3
[    4.548730] device-mapper: ioctl: 4.22.0-ioctl (2011-10-19) initialised: dm-devel@redhat.com
[    4.651316] EXT4-fs (sda5): INFO: recovery required on readonly filesystem
[    4.651321] EXT4-fs (sda5): write access will be enabled during recovery
[    4.844796] EXT4-fs (sda5): recovery complete
[    4.845200] EXT4-fs (sda5): mounted filesystem with ordered data mode. Opts: (null)
[    6.870924] udevd[335]: starting version 175
[    7.369680] input: Power Button as /devices/LNXSYSTM:00/device:00/PNP0C0C:00/input/input1
[    7.369687] ACPI: Power Button [PWRB]
[    7.369751] input: Sleep Button as /devices/LNXSYSTM:00/device:00/PNP0C0E:00/input/input2
[    7.369755] ACPI: Sleep Button [SLPB]
[    7.369820] input: Lid Switch as /devices/LNXSYSTM:00/device:00/PNP0C0D:00/input/input3
[    7.369864] ACPI: Lid Switch [LID]
[    7.369924] input: Power Button as /devices/LNXSYSTM:00/LNXPWRBN:00/input/input4
[    7.369928] ACPI: Power Button [PWRF]
[    7.393902] wmi: Mapper loaded
[    7.447803] input: PC Speaker as /devices/platform/pcspkr/input/input5
[    7.494052] acer_wmi: Acer Laptop ACPI-WMI Extras
[    7.494074] acer_wmi: Function bitmap for Communication Button: 0x1
[    7.494190] acer_wmi: Brightness must be controlled by generic video driver
[    7.494651] input: Acer WMI hotkeys as /devices/virtual/input/input6
[    7.548326] iTCO_vendor_support: vendor-support=0
[    7.583951] iTCO_wdt: Intel TCO WatchDog Timer Driver v1.07
[    7.584048] iTCO_wdt: Found a Cougar Point TCO device (Version=2, TCOBASE=0x0460)
[    7.584286] iTCO_wdt: initialized. heartbeat=30 sec (nowayout=0)
[    7.602783] ACPI: AC Adapter [ACAD] (on-line)
[    7.604467] ACPI: Battery Slot [BAT1] (battery present)
[    7.611854] cfg80211: Calling CRDA to update world regulatory domain
[    7.644261] Linux media interface: v0.10
[    7.649141] Linux video capture interface: v2.00
[    7.654030] uvcvideo: Found UVC 1.00 device 1.3M WebCam (0402:9665)
[    7.656814] input: 1.3M WebCam as /devices/pci0000:00/0000:00:1a.0/usb1/1-1/1-1.1/1-1.1:1.0/input/input7
[    7.656903] usbcore: registered new interface driver uvcvideo
[    7.656905] USB Video Class driver (1.1.1)
[    7.662728] i801_smbus 0000:00:1f.3: PCI INT C -> GSI 19 (level, low) -> IRQ 19
[    7.662736] ACPI: resource 0000:00:1f.3 [io  0x4040-0x405f] conflicts with ACPI region SMBI [io 0x4040-0x404f]
[    7.662739] ACPI: If an ACPI driver is available for this device, you should use it instead of the native driver
[    7.801309] [drm] Initialized drm 1.1.0 20060810
[    7.820025] i915 0000:00:02.0: PCI INT A -> GSI 16 (level, low) -> IRQ 16
[    7.820031] i915 0000:00:02.0: setting latency timer to 64
[    7.836735] mtrr: type mismatch for b0000000,10000000 old: write-back new: write-combining
[    7.836739] [drm] MTRR allocation failed.  Graphics performance may suffer.
[    7.837086] i915 0000:00:02.0: irq 41 for MSI/MSI-X
[    7.837093] [drm] Supports vblank timestamp caching Rev 1 (10.10.2010).
[    7.837095] [drm] Driver supports precise vblank timestamp query.
[    7.837130] vgaarb: device changed decodes: PCI:0000:00:02.0,olddecodes=io+mem,decodes=io+mem:owns=io+mem
[    8.026720] ath9k 0000:07:00.0: PCI INT A -> GSI 17 (level, low) -> IRQ 17
[    8.026735] ath9k 0000:07:00.0: setting latency timer to 64
[    8.034943] ath: EEPROM regdomain: 0x6c
[    8.034945] ath: EEPROM indicates we should expect a direct regpair map
[    8.034948] ath: Country alpha2 being used: 00
[    8.034950] ath: Regpair used: 0x6c
[    8.061057] ieee80211 phy0: Selected rate control algorithm 'ath9k_rate_control'
[    8.061593] Registered led device: ath9k-phy0
[    8.061601] ieee80211 phy0: Atheros AR9485 Rev:1 mem=0xf8d80000, irq=17
[    8.217159] psmouse serio2: synaptics: Touchpad model: 1, fw: 7.2, id: 0x1c0b1, caps: 0xd04733/0xa44000/0xa0000
[    8.261174] input: SynPS/2 Synaptics TouchPad as /devices/platform/i8042/serio2/input/input8
[    8.427068] fbcon: inteldrmfb (fb0) is primary device
[    8.846686] Console: switching to colour frame buffer device 170x48
[    8.852242] fb0: inteldrmfb frame buffer device
[    8.852244] drm: registered panic notifier
[    8.874600] acpi device:30: registered as cooling_device2
[    8.874865] input: Video Bus as /devices/LNXSYSTM:00/device:00/PNP0A08:00/LNXVIDEO:00/input/input9
[    8.874918] ACPI: Video Device [GFX0] (multi-head: yes  rom: no  post: no)
[    8.874982] [drm] Initialized i915 1.6.0 20080730 for 0000:00:02.0 on minor 0
[    8.875253] snd_hda_intel 0000:00:1b.0: PCI INT A -> GSI 22 (level, low) -> IRQ 22
[    8.875328] snd_hda_intel 0000:00:1b.0: irq 42 for MSI/MSI-X
[    8.875367] snd_hda_intel 0000:00:1b.0: setting latency timer to 64
[    9.445009] input: HDA Digital PCBeep as /devices/pci0000:00/0000:00:1b.0/input/input10
[    9.450690] HDMI status: Codec=3 Pin=5 Presence_Detect=0 ELD_Valid=0
[    9.450858] input: HDA Intel PCH HDMI/DP,pcm=3 as /devices/pci0000:00/0000:00:1b.0/sound/card0/input11
[    9.451053] input: HDA Intel PCH Mic as /devices/pci0000:00/0000:00:1b.0/sound/card0/input12
[    9.451131] input: HDA Intel PCH Headphone as /devices/pci0000:00/0000:00:1b.0/sound/card0/input13
[   10.599828] EXT4-fs (sda5): re-mounted. Opts: (null)
[   11.245508] EXT4-fs (sda5): re-mounted. Opts: errors=remount-ro
[   11.382366] fuse init (API version 7.17)
[   11.411918] loop: module loaded
[  235.893476] EXT4-fs (sda7): mounted filesystem with ordered data mode. Opts: (null)
[  235.988704] EXT4-fs (sda8): mounted filesystem with ordered data mode. Opts: (null)
[  236.046962] EXT4-fs (sda9): mounted filesystem without journal. Opts: (null)
[  236.128825] EXT4-fs (sda6): mounted filesystem with ordered data mode. Opts: (null)
[  236.197782] EXT4-fs (sda10): warning: mounting unchecked fs, running e2fsck is recommended
[  236.198060] EXT4-fs (sda10): mounted filesystem without journal. Opts: (null)
[  236.368523] EXT4-fs (sda11): mounted filesystem without journal. Opts: (null)
[  236.747740] EXT4-fs error (device sda10): ext4_mb_generate_buddy:739: group 64, 16663 clusters in bitmap, 16684 in gd
[  391.974787] EXT4-fs (sda10): mounted filesystem without journal. Opts: (null)
[  402.346611] ADDRCONF(NETDEV_UP): wlan0: link is not ready
[  402.535947] RPC: Registered named UNIX socket transport module.
[  402.535951] RPC: Registered udp transport module.
[  402.535953] RPC: Registered tcp transport module.
[  402.535955] RPC: Registered tcp NFSv4.1 backchannel transport module.
[  402.586201] FS-Cache: Loaded
[  402.665430] FS-Cache: Netfs 'nfs' registered for caching
[  402.678287] Installing knfsd (copyright (C) 1996 okir@monad.swb.de).
[  406.395752] input: ACPI Virtual Keyboard Device as /devices/virtual/input/input14
[  413.689069] Netfilter messages via NETLINK v0.30.
[  414.872256] Bluetooth: Core ver 2.16
[  414.872275] NET: Registered protocol family 31
[  414.872278] Bluetooth: HCI device and connection manager initialized
[  414.872281] Bluetooth: HCI socket layer initialized
[  414.872283] Bluetooth: L2CAP socket layer initialized
[  414.872289] Bluetooth: SCO socket layer initialized
[  414.876728] Bluetooth: BNEP (Ethernet Emulation) ver 1.3
[  414.876732] Bluetooth: BNEP filters: protocol multicast
[  414.985394] Bluetooth: RFCOMM TTY layer initialized
[  414.985400] Bluetooth: RFCOMM socket layer initialized
[  414.985402] Bluetooth: RFCOMM ver 1.11
[  415.783549] lp: driver loaded but no devices found
[  416.152077] atl1c 0000:02:00.0: irq 43 for MSI/MSI-X
[  416.174782] ppdev: user-space parallel port driver
[  416.233952] ADDRCONF(NETDEV_UP): eth0: link is not ready
[  433.645462] postgres (6010): /proc/6010/oom_adj is deprecated, please use /proc/6010/oom_score_adj instead.
[  869.221283] gnome-settings-[6895]: segfault at 40 ip acf6c6e0 sp bfdc18fc error 4 in libmouse.so[acf6a000+9000]
[  869.524856] gnome-settings-[6965]: segfault at 40 ip adedf6e0 sp bfae183c error 4 in libmouse.so[adedd000+9000]
[  900.405681] UDF-fs: warning (device sr0): udf_load_vrs: No VRS found
[  900.405691] UDF-fs: warning (device sr0): udf_fill_super: No partition found (1)
[  901.765995] ISO 9660 Extensions: Microsoft Joliet Level 3
[  902.334276] ISOFS: changing to secondary root
[64208.237942] atl1c 0000:02:00.0: atl1c: eth0 NIC Link is Up<100 Mbps Full Duplex>
[64208.238147] ADDRCONF(NETDEV_CHANGE): eth0: link becomes ready
[64218.754901] eth0: no IPv6 routers present
[72476.004064] udevd[8709]: starting version 175
[72524.974964] eth0: no IPv6 routers present
[72794.551604] atl1c 0000:02:00.0: atl1c: eth0 NIC Link is Down
[440088.238711] tracker-miner-f[6991]: segfault at 45534e56 ip b74a24a7 sp bf98cf08 error 4 in libgobject-2.0.so.0.3200.4 (deleted)[b7470000+50000]
