[    0.000000] Initializing cgroup subsys cpuset
[    0.000000] Initializing cgroup subsys cpu
[    0.000000] Linux version 3.2.0-2-686-pae (Debian 3.2.19-1) (debian-kernel@lists.debian.org) (gcc version 4.6.3 (Debian 4.6.3-7) ) #1 SMP Fri Jun 1 18:56:14 UTC 2012
[    0.000000] BIOS-provided physical RAM map:
[    0.000000]  BIOS-e820: 0000000000000000 - 000000000009d800 (usable)
[    0.000000]  BIOS-e820: 000000000009d800 - 00000000000a0000 (reserved)
[    0.000000]  BIOS-e820: 00000000000e0000 - 0000000000100000 (reserved)
[    0.000000]  BIOS-e820: 0000000000100000 - 00000000a6e3f000 (usable)
[    0.000000]  BIOS-e820: 00000000a6e3f000 - 00000000a6ebf000 (reserved)
[    0.000000]  BIOS-e820: 00000000a6ebf000 - 00000000a6fbf000 (ACPI NVS)
[    0.000000]  BIOS-e820: 00000000a6fbf000 - 00000000a6fff000 (ACPI data)
[    0.000000]  BIOS-e820: 00000000a6fff000 - 00000000a7000000 (usable)
[    0.000000]  BIOS-e820: 00000000a7000000 - 00000000afa00000 (reserved)
[    0.000000]  BIOS-e820: 00000000e0000000 - 00000000f0000000 (reserved)
[    0.000000]  BIOS-e820: 00000000feb00000 - 00000000feb04000 (reserved)
[    0.000000]  BIOS-e820: 00000000fec00000 - 00000000fec01000 (reserved)
[    0.000000]  BIOS-e820: 00000000fed10000 - 00000000fed1a000 (reserved)
[    0.000000]  BIOS-e820: 00000000fed1c000 - 00000000fed20000 (reserved)
[    0.000000]  BIOS-e820: 00000000fee00000 - 00000000fee01000 (reserved)
[    0.000000]  BIOS-e820: 00000000ffd80000 - 0000000100000000 (reserved)
[    0.000000]  BIOS-e820: 0000000100000000 - 000000014fe00000 (usable)
[    0.000000] NX (Execute Disable) protection: active
[    0.000000] DMI 2.7 present.
[    0.000000] DMI: Acer Aspire 5349/HMA51_HR, BIOS V1.08    11/29/2011
[    0.000000] e820 update range: 0000000000000000 - 0000000000010000 (usable) ==> (reserved)
[    0.000000] e820 remove range: 00000000000a0000 - 0000000000100000 (usable)
[    0.000000] last_pfn = 0x14fe00 max_arch_pfn = 0x1000000
[    0.000000] MTRR default type: uncachable
[    0.000000] MTRR fixed ranges enabled:
[    0.000000]   00000-9FFFF write-back
[    0.000000]   A0000-BFFFF uncachable
[    0.000000]   C0000-FFFFF write-protect
[    0.000000] MTRR variable ranges enabled:
[    0.000000]   0 base 000000000 mask F80000000 write-back
[    0.000000]   1 base 080000000 mask FC0000000 write-back
[    0.000000]   2 base 0A7000000 mask FFF000000 uncachable
[    0.000000]   3 base 0A8000000 mask FF8000000 uncachable
[    0.000000]   4 base 0B0000000 mask FF0000000 uncachable
[    0.000000]   5 base 0FFC00000 mask FFFC00000 write-protect
[    0.000000]   6 base 100000000 mask FC0000000 write-back
[    0.000000]   7 base 140000000 mask FF0000000 write-back
[    0.000000]   8 base 14FE00000 mask FFFE00000 uncachable
[    0.000000]   9 disabled
[    0.000000] x86 PAT enabled: cpu 0, old 0x7040600070406, new 0x7010600070106
[    0.000000] found SMP MP-table at [c00fe1b0] fe1b0
[    0.000000] initial memory mapped : 0 - 01a00000
[    0.000000] Base memory trampoline at [c0099000] 99000 size 16384
[    0.000000] init_memory_mapping: 0000000000000000-00000000379fe000
[    0.000000]  0000000000 - 0000200000 page 4k
[    0.000000]  0000200000 - 0037800000 page 2M
[    0.000000]  0037800000 - 00379fe000 page 4k
[    0.000000] kernel direct mapping tables up to 379fe000 @ 19fa000-1a00000
[    0.000000] RAMDISK: 36b88000 - 375bc000
[    0.000000] ACPI: RSDP 000fe020 00024 (v02 ACRSYS)
[    0.000000] ACPI: XSDT a6ffe120 0007C (v01 ACRSYS ACRPRDCT 00000001      01000013)
[    0.000000] ACPI: FACP a6ffc000 000F4 (v04 ACRSYS ACRPRDCT 00000001 1025 00040000)
[    0.000000] ACPI: DSDT a6fee000 0A504 (v01 ACRSYS ACRPRDCT 00000000 1025 00040000)
[    0.000000] ACPI: FACS a6f6d000 00040
[    0.000000] ACPI: ASF! a6ffd000 000A5 (v32 ACRSYS ACRPRDCT 00000001 1025 00040000)
[    0.000000] ACPI: HPET a6ffb000 00038 (v01 ACRSYS ACRPRDCT 00000001 1025 00040000)
[    0.000000] ACPI: APIC a6ffa000 0008C (v02 ACRSYS ACRPRDCT 00000001 1025 00040000)
[    0.000000] ACPI: MCFG a6ff9000 0003C (v01 ACRSYS ACRPRDCT 00000001 1025 00040000)
[    0.000000] ACPI: SLIC a6fed000 00176 (v01 ACRSYS ACRPRDCT 00000001 1025 00040000)
[    0.000000] ACPI: SSDT a6fec000 00C43 (v01 ACRSYS ACRPRDCT 00001000 1025 00040000)
[    0.000000] ACPI: BOOT a6fea000 00028 (v01 ACRSYS ACRPRDCT 00000001 1025 00040000)
[    0.000000] ACPI: ASPT a6fe7000 00034 (v07 ACRSYS ACRPRDCT 00000001 1025 00040000)
[    0.000000] ACPI: SSDT a6fe6000 007C2 (v01 ACRSYS ACRPRDCT 00003000 1025 00040000)
[    0.000000] ACPI: SSDT a6fe5000 00996 (v01 ACRSYS ACRPRDCT 00003000 1025 00040000)
[    0.000000] ACPI: Local APIC address 0xfee00000
[    0.000000] 4484MB HIGHMEM available.
[    0.000000] 889MB LOWMEM available.
[    0.000000]   mapped low ram: 0 - 379fe000
[    0.000000]   low ram: 0 - 379fe000
[    0.000000] Zone PFN ranges:
[    0.000000]   DMA      0x00000010 -> 0x00001000
[    0.000000]   Normal   0x00001000 -> 0x000379fe
[    0.000000]   HighMem  0x000379fe -> 0x0014fe00
[    0.000000] Movable zone start PFN for each node
[    0.000000] early_node_map[4] active PFN ranges
[    0.000000]     0: 0x00000010 -> 0x0000009d
[    0.000000]     0: 0x00000100 -> 0x000a6e3f
[    0.000000]     0: 0x000a6fff -> 0x000a7000
[    0.000000]     0: 0x00100000 -> 0x0014fe00
[    0.000000] On node 0 totalpages: 1010637
[    0.000000] free_area_init_node: node 0, pgdat c1415d40, node_mem_map f4188200
[    0.000000]   DMA zone: 32 pages used for memmap
[    0.000000]   DMA zone: 0 pages reserved
[    0.000000]   DMA zone: 3949 pages, LIFO batch:0
[    0.000000]   Normal zone: 1748 pages used for memmap
[    0.000000]   Normal zone: 221994 pages, LIFO batch:31
[    0.000000]   HighMem zone: 8969 pages used for memmap
[    0.000000]   HighMem zone: 773945 pages, LIFO batch:31
[    0.000000] Using APIC driver default
[    0.000000] ACPI: PM-Timer IO Port: 0x408
[    0.000000] ACPI: Local APIC address 0xfee00000
[    0.000000] ACPI: LAPIC (acpi_id[0x01] lapic_id[0x00] enabled)
[    0.000000] ACPI: LAPIC (acpi_id[0x02] lapic_id[0x02] enabled)
[    0.000000] ACPI: LAPIC (acpi_id[0x03] lapic_id[0x00] disabled)
[    0.000000] ACPI: LAPIC (acpi_id[0x04] lapic_id[0x00] disabled)
[    0.000000] ACPI: LAPIC (acpi_id[0x05] lapic_id[0x00] disabled)
[    0.000000] ACPI: LAPIC (acpi_id[0x06] lapic_id[0x00] disabled)
[    0.000000] ACPI: LAPIC (acpi_id[0x07] lapic_id[0x00] disabled)
[    0.000000] ACPI: LAPIC (acpi_id[0x08] lapic_id[0x00] disabled)
[    0.000000] ACPI: IOAPIC (id[0x00] address[0xfec00000] gsi_base[0])
[    0.000000] IOAPIC[0]: apic_id 0, version 32, address 0xfec00000, GSI 0-23
[    0.000000] ACPI: INT_SRC_OVR (bus 0 bus_irq 0 global_irq 2 dfl dfl)
[    0.000000] ACPI: INT_SRC_OVR (bus 0 bus_irq 9 global_irq 9 high level)
[    0.000000] ACPI: IRQ0 used by override.
[    0.000000] ACPI: IRQ2 used by override.
[    0.000000] ACPI: IRQ9 used by override.
[    0.000000] Using ACPI (MADT) for SMP configuration information
[    0.000000] ACPI: HPET id: 0x8086a201 base: 0xfed00000
[    0.000000] SMP: Allowing 8 CPUs, 6 hotplug CPUs
[    0.000000] nr_irqs_gsi: 40
[    0.000000] PM: Registered nosave memory: 000000000009d000 - 000000000009e000
[    0.000000] PM: Registered nosave memory: 000000000009e000 - 00000000000a0000
[    0.000000] PM: Registered nosave memory: 00000000000a0000 - 00000000000e0000
[    0.000000] PM: Registered nosave memory: 00000000000e0000 - 0000000000100000
[    0.000000] Allocating PCI resources starting at afa00000 (gap: afa00000:30600000)
[    0.000000] Booting paravirtualized kernel on bare hardware
[    0.000000] setup_percpu: NR_CPUS:32 nr_cpumask_bits:32 nr_cpu_ids:8 nr_node_ids:1
[    0.000000] PERCPU: Embedded 14 pages/cpu @f797b000 s33024 r0 d24320 u57344
[    0.000000] pcpu-alloc: s33024 r0 d24320 u57344 alloc=14*4096
[    0.000000] pcpu-alloc: [0] 0 [0] 1 [0] 2 [0] 3 [0] 4 [0] 5 [0] 6 [0] 7 
[    0.000000] Built 1 zonelists in Zone order, mobility grouping on.  Total pages: 999888
[    0.000000] Kernel command line: BOOT_IMAGE=/boot/vmlinuz-3.2.0-2-686-pae root=UUID=5d02d9de-00b1-49a6-9469-bdf601fb23c3 ro quiet
[    0.000000] PID hash table entries: 4096 (order: 2, 16384 bytes)
[    0.000000] Dentry cache hash table entries: 131072 (order: 7, 524288 bytes)
[    0.000000] Inode-cache hash table entries: 65536 (order: 6, 262144 bytes)
[    0.000000] Initializing CPU#0
[    0.000000] xsave/xrstor: enabled xstate_bv 0x3, cntxt size 0x240
[    0.000000] Initializing HighMem for node 0 (000379fe:0014fe00)
[    0.000000] Memory: 3982524k/5502976k available (2843k kernel code, 60024k reserved, 1369k data, 412k init, 3131656k highmem)
[    0.000000] virtual kernel memory layout:
[    0.000000]     fixmap  : 0xffd36000 - 0xfffff000   (2852 kB)
[    0.000000]     pkmap   : 0xffa00000 - 0xffc00000   (2048 kB)
[    0.000000]     vmalloc : 0xf81fe000 - 0xff9fe000   ( 120 MB)
[    0.000000]     lowmem  : 0xc0000000 - 0xf79fe000   ( 889 MB)
[    0.000000]       .init : 0xc141e000 - 0xc1485000   ( 412 kB)
[    0.000000]       .data : 0xc12c6e6c - 0xc141d600   (1369 kB)
[    0.000000]       .text : 0xc1000000 - 0xc12c6e6c   (2843 kB)
[    0.000000] Checking if this processor honours the WP bit even in supervisor mode...Ok.
[    0.000000] Hierarchical RCU implementation.
[    0.000000] 	RCU dyntick-idle grace-period acceleration is enabled.
[    0.000000] NR_IRQS:2304 nr_irqs:744 16
[    0.000000] CPU 0 irqstacks, hard=f3c06000 soft=f3c08000
[    0.000000] Extended CMOS year: 2000
[    0.000000] Console: colour VGA+ 80x25
[    0.000000] console [tty0] enabled
[    0.000000] hpet clockevent registered
[    0.000000] Fast TSC calibration using PIT
[    0.004000] Detected 1596.640 MHz processor.
[    0.000002] Calibrating delay loop (skipped), value calculated using timer frequency.. 3193.28 BogoMIPS (lpj=6386560)
[    0.000007] pid_max: default: 32768 minimum: 301
[    0.000041] Security Framework initialized
[    0.000045] AppArmor: AppArmor disabled by boot time parameter
[    0.000061] Mount-cache hash table entries: 512
[    0.000185] Initializing cgroup subsys cpuacct
[    0.000192] Initializing cgroup subsys memory
[    0.000201] Initializing cgroup subsys devices
[    0.000204] Initializing cgroup subsys freezer
[    0.000206] Initializing cgroup subsys net_cls
[    0.000208] Initializing cgroup subsys blkio
[    0.000214] Initializing cgroup subsys perf_event
[    0.000247] CPU: Physical Processor ID: 0
[    0.000249] CPU: Processor Core ID: 0
[    0.000255] ENERGY_PERF_BIAS: Set to 'normal', was 'performance'
[    0.000256] ENERGY_PERF_BIAS: View and update with x86_energy_perf_policy(8)
[    0.000260] mce: CPU supports 7 MCE banks
[    0.000272] CPU0: Thermal monitoring handled by SMI
[    0.000281] using mwait in idle threads.
[    0.000896] ACPI: Core revision 20110623
[    0.019555] Enabling APIC mode:  Flat.  Using 1 I/O APICs
[    0.019997] ..TIMER: vector=0x30 apic1=0 pin1=2 apic2=-1 pin2=-1
[    0.059662] CPU0: Intel(R) Celeron(R) CPU B815 @ 1.60GHz stepping 07
[    0.163617] Performance Events: PEBS fmt1+, SandyBridge events, Intel PMU driver.
[    0.163625] PEBS disabled due to CPU errata.
[    0.163628] ... version:                3
[    0.163629] ... bit width:              48
[    0.163631] ... generic registers:      8
[    0.163633] ... value mask:             0000ffffffffffff
[    0.163635] ... max period:             000000007fffffff
[    0.163637] ... fixed-purpose events:   3
[    0.163639] ... event mask:             00000007000000ff
[    0.163833] NMI watchdog enabled, takes one hw-pmu counter.
[    0.163947] CPU 1 irqstacks, hard=f3d32000 soft=f3d34000
[    0.163950] Booting Node   0, Processors  #1
[    0.163953] smpboot cpu 1: start_ip = 99000
[    0.174205] Initializing CPU#1
[    0.251582] CPU1: Thermal monitoring handled by SMI
[    0.271667] NMI watchdog enabled, takes one hw-pmu counter.
[    0.271698] Brought up 2 CPUs
[    0.271701] Total of 2 processors activated (6386.01 BogoMIPS).
[    0.273583] devtmpfs: initialized
[    0.273759] PM: Registering ACPI NVS region at a6ebf000 (1048576 bytes)
[    0.273993] print_constraints: dummy: 
[    0.274053] NET: Registered protocol family 16
[    0.274154] ACPI FADT declares the system doesn't support PCIe ASPM, so disable it
[    0.274157] ACPI: bus type pci registered
[    0.274247] PCI: MMCONFIG for domain 0000 [bus 00-ff] at [mem 0xe0000000-0xefffffff] (base 0xe0000000)
[    0.274251] PCI: MMCONFIG at [mem 0xe0000000-0xefffffff] reserved in E820
[    0.274254] PCI: Using MMCONFIG for extended config space
[    0.274256] PCI: Using configuration type 1 for base access
[    0.274935] bio: create slab <bio-0> at 0
[    0.275027] ACPI: Added _OSI(Module Device)
[    0.275030] ACPI: Added _OSI(Processor Device)
[    0.275032] ACPI: Added _OSI(3.0 _SCP Extensions)
[    0.275035] ACPI: Added _OSI(Processor Aggregator Device)
[    0.276890] ACPI: EC: Look up EC in DSDT
[    0.291697] [Firmware Bug]: ACPI: BIOS _OSI(Linux) query ignored
[    0.292618] ACPI: SSDT a6e70718 0067C (v01  PmRef  Cpu0Cst 00003001 INTL 20100121)
[    0.293110] ACPI: Dynamic OEM Table Load:
[    0.293113] ACPI: SSDT   (null) 0067C (v01  PmRef  Cpu0Cst 00003001 INTL 20100121)
[    0.304044] ACPI: SSDT a6e71a98 00303 (v01  PmRef    ApIst 00003000 INTL 20100121)
[    0.304579] ACPI: Dynamic OEM Table Load:
[    0.304582] ACPI: SSDT   (null) 00303 (v01  PmRef    ApIst 00003000 INTL 20100121)
[    0.315827] ACPI: SSDT a6e6fd98 00119 (v01  PmRef    ApCst 00003000 INTL 20100121)
[    0.316299] ACPI: Dynamic OEM Table Load:
[    0.316302] ACPI: SSDT   (null) 00119 (v01  PmRef    ApCst 00003000 INTL 20100121)
[    0.328138] ACPI: Interpreter enabled
[    0.328145] ACPI: (supports S0 S3 S4 S5)
[    0.328175] ACPI: Using IOAPIC for interrupt routing
[    0.333554] ACPI: EC: GPE = 0x17, I/O: command/status = 0x66, data = 0x62
[    0.333764] ACPI: No dock devices found.
[    0.333766] HEST: Table not found.
[    0.333771] PCI: Using host bridge windows from ACPI; if necessary, use "pci=nocrs" and report a bug
[    0.334230] \_SB_.PCI0:_OSC invalid UUID
[    0.334232] _OSC request data:1 8 1f 
[    0.334237] ACPI: PCI Root Bridge [PCI0] (domain 0000 [bus 00-fe])
[    0.335019] pci_root PNP0A08:00: host bridge window [io  0x0000-0x0cf7]
[    0.335022] pci_root PNP0A08:00: host bridge window [io  0x0d00-0xffff]
[    0.335026] pci_root PNP0A08:00: host bridge window [mem 0x000a0000-0x000bffff]
[    0.335030] pci_root PNP0A08:00: host bridge window [mem 0xafa00000-0xfeafffff]
[    0.335046] pci 0000:00:00.0: [8086:0104] type 0 class 0x000600
[    0.335098] pci 0000:00:02.0: [8086:0106] type 0 class 0x000300
[    0.335113] pci 0000:00:02.0: reg 10: [mem 0xc0000000-0xc03fffff 64bit]
[    0.335122] pci 0000:00:02.0: reg 18: [mem 0xb0000000-0xbfffffff 64bit pref]
[    0.335128] pci 0000:00:02.0: reg 20: [io  0x4000-0x403f]
[    0.335218] pci 0000:00:16.0: [8086:1c3a] type 0 class 0x000780
[    0.335256] pci 0000:00:16.0: reg 10: [mem 0xc4404000-0xc440400f 64bit]
[    0.335380] pci 0000:00:16.0: PME# supported from D0 D3hot D3cold
[    0.335386] pci 0000:00:16.0: PME# disabled
[    0.335441] pci 0000:00:1a.0: [8086:1c2d] type 0 class 0x000c03
[    0.335723] pci 0000:00:1a.0: reg 10: [mem 0xc4409000-0xc44093ff]
[    0.337254] pci 0000:00:1a.0: PME# supported from D0 D3hot D3cold
[    0.337260] pci 0000:00:1a.0: PME# disabled
[    0.337302] pci 0000:00:1b.0: [8086:1c20] type 0 class 0x000403
[    0.337330] pci 0000:00:1b.0: reg 10: [mem 0xc4400000-0xc4403fff 64bit]
[    0.337462] pci 0000:00:1b.0: PME# supported from D0 D3hot D3cold
[    0.337468] pci 0000:00:1b.0: PME# disabled
[    0.337506] pci 0000:00:1c.0: [8086:1c10] type 1 class 0x000604
[    0.337646] pci 0000:00:1c.0: PME# supported from D0 D3hot D3cold
[    0.337652] pci 0000:00:1c.0: PME# disabled
[    0.337699] pci 0000:00:1c.5: [8086:1c1a] type 1 class 0x000604
[    0.337837] pci 0000:00:1c.5: PME# supported from D0 D3hot D3cold
[    0.337843] pci 0000:00:1c.5: PME# disabled
[    0.337892] pci 0000:00:1d.0: [8086:1c26] type 0 class 0x000c03
[    0.338158] pci 0000:00:1d.0: reg 10: [mem 0xc4408000-0xc44083ff]
[    0.339695] pci 0000:00:1d.0: PME# supported from D0 D3hot D3cold
[    0.339701] pci 0000:00:1d.0: PME# disabled
[    0.339737] pci 0000:00:1f.0: [8086:1c49] type 0 class 0x000601
[    0.339933] pci 0000:00:1f.2: [8086:1c03] type 0 class 0x000106
[    0.339970] pci 0000:00:1f.2: reg 10: [io  0x4088-0x408f]
[    0.339984] pci 0000:00:1f.2: reg 14: [io  0x4094-0x4097]
[    0.339998] pci 0000:00:1f.2: reg 18: [io  0x4080-0x4087]
[    0.340013] pci 0000:00:1f.2: reg 1c: [io  0x4090-0x4093]
[    0.340028] pci 0000:00:1f.2: reg 20: [io  0x4060-0x407f]
[    0.340042] pci 0000:00:1f.2: reg 24: [mem 0xc4407000-0xc44077ff]
[    0.340136] pci 0000:00:1f.2: PME# supported from D3hot
[    0.340142] pci 0000:00:1f.2: PME# disabled
[    0.340173] pci 0000:00:1f.3: [8086:1c22] type 0 class 0x000c05
[    0.340199] pci 0000:00:1f.3: reg 10: [mem 0xc4405000-0xc44050ff 64bit]
[    0.340237] pci 0000:00:1f.3: reg 20: [io  0x4040-0x405f]
[    0.340391] pci 0000:02:00.0: [1969:2062] type 0 class 0x000200
[    0.340428] pci 0000:02:00.0: reg 10: [mem 0xc3400000-0xc343ffff 64bit]
[    0.340447] pci 0000:02:00.0: reg 18: [io  0x3000-0x307f]
[    0.340620] pci 0000:02:00.0: PME# supported from D0 D1 D2 D3hot D3cold
[    0.340627] pci 0000:02:00.0: PME# disabled
[    0.347638] pci 0000:00:1c.0: PCI bridge to [bus 02-02]
[    0.347648] pci 0000:00:1c.0:   bridge window [io  0x3000-0x3fff]
[    0.347658] pci 0000:00:1c.0:   bridge window [mem 0xc3400000-0xc43fffff]
[    0.347673] pci 0000:00:1c.0:   bridge window [mem 0xc0400000-0xc13fffff 64bit pref]
[    0.347807] pci 0000:07:00.0: [168c:0032] type 0 class 0x000280
[    0.347844] pci 0000:07:00.0: reg 10: [mem 0xc2400000-0xc247ffff 64bit]
[    0.347929] pci 0000:07:00.0: reg 30: [mem 0xffff0000-0xffffffff pref]
[    0.348021] pci 0000:07:00.0: supports D1 D2
[    0.348024] pci 0000:07:00.0: PME# supported from D0 D1 D2 D3hot D3cold
[    0.348031] pci 0000:07:00.0: PME# disabled
[    0.355623] pci 0000:00:1c.5: PCI bridge to [bus 07-07]
[    0.355633] pci 0000:00:1c.5:   bridge window [io  0x2000-0x2fff]
[    0.355643] pci 0000:00:1c.5:   bridge window [mem 0xc2400000-0xc33fffff]
[    0.355658] pci 0000:00:1c.5:   bridge window [mem 0xc1400000-0xc23fffff 64bit pref]
[    0.355685] pci_bus 0000:00: on NUMA node 0
[    0.355693] ACPI: PCI Interrupt Routing Table [\_SB_.PCI0._PRT]
[    0.355959] ACPI: PCI Interrupt Routing Table [\_SB_.PCI0.RP01._PRT]
[    0.356018] ACPI: PCI Interrupt Routing Table [\_SB_.PCI0.RP06._PRT]
[    0.356133] \_SB_.PCI0:_OSC invalid UUID
[    0.356135] _OSC request data:1 1f 1f 
[    0.356141]  pci0000:00: Requesting ACPI _OSC control (0x1d)
[    0.356187] \_SB_.PCI0:_OSC invalid UUID
[    0.356188] _OSC request data:1 0 1d 
[    0.356193]  pci0000:00: ACPI _OSC request failed (AE_ERROR), returned control mask: 0x1d
[    0.356195] ACPI _OSC control for PCIe not granted, disabling ASPM
[    0.359690] ACPI: PCI Interrupt Link [LNKA] (IRQs 1 3 4 5 6 10 11 12 14 15) *7
[    0.359756] ACPI: PCI Interrupt Link [LNKB] (IRQs 1 3 4 5 6 10 11 12 14 15) *0, disabled.
[    0.359819] ACPI: PCI Interrupt Link [LNKC] (IRQs 1 3 4 5 6 10 *11 12 14 15)
[    0.359881] ACPI: PCI Interrupt Link [LNKD] (IRQs 1 3 4 5 6 10 11 12 14 15) *7
[    0.359942] ACPI: PCI Interrupt Link [LNKE] (IRQs 1 3 4 5 6 10 11 12 14 15) *0, disabled.
[    0.360008] ACPI: PCI Interrupt Link [LNKF] (IRQs 1 3 4 5 6 *10 11 12 14 15)
[    0.360069] ACPI: PCI Interrupt Link [LNKG] (IRQs 1 3 4 5 6 *10 11 12 14 15)
[    0.360129] ACPI: PCI Interrupt Link [LNKH] (IRQs 1 3 4 5 6 10 *11 12 14 15)
[    0.360248] vgaarb: device added: PCI:0000:00:02.0,decodes=io+mem,owns=io+mem,locks=none
[    0.360256] vgaarb: loaded
[    0.360258] vgaarb: bridge control possible 0000:00:02.0
[    0.360299] PCI: Using ACPI for IRQ routing
[    0.368058] PCI: pci_cache_line_size set to 64 bytes
[    0.368130] reserve RAM buffer: 000000000009d800 - 000000000009ffff 
[    0.368134] reserve RAM buffer: 00000000a6e3f000 - 00000000a7ffffff 
[    0.368138] reserve RAM buffer: 00000000a7000000 - 00000000a7ffffff 
[    0.368141] reserve RAM buffer: 000000014fe00000 - 000000014fffffff 
[    0.368269] hpet0: at MMIO 0xfed00000, IRQs 2, 8, 0, 0, 0, 0, 0, 0
[    0.368277] hpet0: 8 comparators, 64-bit 14.318180 MHz counter
[    0.370292] Switching to clocksource hpet
[    0.372199] pnp: PnP ACPI init
[    0.372216] ACPI: bus type pnp registered
[    0.372625] pnp 00:00: [bus 00-fe]
[    0.372628] pnp 00:00: [io  0x0000-0x0cf7 window]
[    0.372631] pnp 00:00: [io  0x0cf8-0x0cff]
[    0.372633] pnp 00:00: [io  0x0d00-0xffff window]
[    0.372636] pnp 00:00: [mem 0x000a0000-0x000bffff window]
[    0.372639] pnp 00:00: [mem 0x000c0000-0x000c3fff window]
[    0.372641] pnp 00:00: [mem 0x000c4000-0x000c7fff window]
[    0.372644] pnp 00:00: [mem 0x000c8000-0x000cbfff window]
[    0.372646] pnp 00:00: [mem 0x000cc000-0x000cffff window]
[    0.372649] pnp 00:00: [mem 0x000d0000-0x000d3fff window]
[    0.372651] pnp 00:00: [mem 0x000d4000-0x000d7fff window]
[    0.372654] pnp 00:00: [mem 0x000d8000-0x000dbfff window]
[    0.372656] pnp 00:00: [mem 0x000dc000-0x000dffff window]
[    0.372659] pnp 00:00: [mem 0x000e0000-0x000e3fff window]
[    0.372661] pnp 00:00: [mem 0x000e4000-0x000e7fff window]
[    0.372664] pnp 00:00: [mem 0x000e8000-0x000ebfff window]
[    0.372666] pnp 00:00: [mem 0x000ec000-0x000effff window]
[    0.372669] pnp 00:00: [mem 0x000f0000-0x000fffff window]
[    0.372671] pnp 00:00: [mem 0xafa00000-0xfeafffff window]
[    0.372732] pnp 00:00: Plug and Play ACPI device, IDs PNP0a08 PNP0a03 (active)
[    0.372755] pnp 00:01: [io  0x0000-0x001f]
[    0.372757] pnp 00:01: [io  0x0081-0x0091]
[    0.372759] pnp 00:01: [io  0x0093-0x009f]
[    0.372761] pnp 00:01: [io  0x00c0-0x00df]
[    0.372764] pnp 00:01: [dma 4]
[    0.372793] pnp 00:01: Plug and Play ACPI device, IDs PNP0200 (active)
[    0.372803] pnp 00:02: [mem 0xff000000-0xffffffff]
[    0.372831] pnp 00:02: Plug and Play ACPI device, IDs INT0800 (active)
[    0.372922] pnp 00:03: [mem 0xfed00000-0xfed003ff]
[    0.372952] pnp 00:03: Plug and Play ACPI device, IDs PNP0103 (active)
[    0.372965] pnp 00:04: [io  0x00f0]
[    0.372975] pnp 00:04: [irq 13]
[    0.373004] pnp 00:04: Plug and Play ACPI device, IDs PNP0c04 (active)
[    0.373017] pnp 00:05: [io  0x002e-0x002f]
[    0.373020] pnp 00:05: [io  0x004e-0x004f]
[    0.373022] pnp 00:05: [io  0x0061]
[    0.373024] pnp 00:05: [io  0x0063]
[    0.373025] pnp 00:05: [io  0x0065]
[    0.373028] pnp 00:05: [io  0x0067]
[    0.373030] pnp 00:05: [io  0x0070]
[    0.373032] pnp 00:05: [io  0x0080]
[    0.373033] pnp 00:05: [io  0x0092]
[    0.373035] pnp 00:05: [io  0x00b2-0x00b3]
[    0.373038] pnp 00:05: [io  0x0680-0x069f]
[    0.373040] pnp 00:05: [io  0x1000-0x100f]
[    0.373042] pnp 00:05: [io  0x1010-0x1013]
[    0.373044] pnp 00:05: [io  0xffff]
[    0.373048] pnp 00:05: [io  0x0400-0x0453]
[    0.373050] pnp 00:05: [io  0x0458-0x047f]
[    0.373052] pnp 00:05: [io  0x0500-0x057f]
[    0.373054] pnp 00:05: [io  0x164e-0x164f]
[    0.373106] system 00:05: [io  0x0680-0x069f] has been reserved
[    0.373110] system 00:05: [io  0x1000-0x100f] has been reserved
[    0.373113] system 00:05: [io  0x1010-0x1013] has been reserved
[    0.373116] system 00:05: [io  0xffff] has been reserved
[    0.373119] system 00:05: [io  0x0400-0x0453] has been reserved
[    0.373122] system 00:05: [io  0x0458-0x047f] has been reserved
[    0.373125] system 00:05: [io  0x0500-0x057f] has been reserved
[    0.373128] system 00:05: [io  0x164e-0x164f] has been reserved
[    0.373132] system 00:05: Plug and Play ACPI device, IDs PNP0c02 (active)
[    0.373142] pnp 00:06: [io  0x0070-0x0077]
[    0.373148] pnp 00:06: [irq 8]
[    0.373180] pnp 00:06: Plug and Play ACPI device, IDs PNP0b00 (active)
[    0.373205] pnp 00:07: [io  0x0454-0x0457]
[    0.373249] system 00:07: [io  0x0454-0x0457] has been reserved
[    0.373253] system 00:07: Plug and Play ACPI device, IDs INT3f0d PNP0c02 (active)
[    0.373263] pnp 00:08: [io  0x0060]
[    0.373265] pnp 00:08: [io  0x0064]
[    0.373271] pnp 00:08: [irq 1]
[    0.373301] pnp 00:08: Plug and Play ACPI device, IDs PNP0303 (active)
[    0.373314] pnp 00:09: [irq 12]
[    0.373346] pnp 00:09: Plug and Play ACPI device, IDs SYN1b39 SYN1b00 SYN0002 PNP0f13 (active)
[    0.373486] pnp 00:0a: [mem 0xfed1c000-0xfed1ffff]
[    0.373489] pnp 00:0a: [mem 0xfed10000-0xfed17fff]
[    0.373491] pnp 00:0a: [mem 0xfed18000-0xfed18fff]
[    0.373494] pnp 00:0a: [mem 0xfed19000-0xfed19fff]
[    0.373496] pnp 00:0a: [mem 0xe0000000-0xefffffff]
[    0.373498] pnp 00:0a: [mem 0xfed20000-0xfed3ffff]
[    0.373501] pnp 00:0a: [mem 0xfed90000-0xfed93fff]
[    0.373503] pnp 00:0a: [mem 0xff000000-0xffffffff]
[    0.373505] pnp 00:0a: [mem 0xfee00000-0xfeefffff]
[    0.373508] pnp 00:0a: [mem 0xafa00000-0xafa00fff]
[    0.373560] system 00:0a: [mem 0xfed1c000-0xfed1ffff] has been reserved
[    0.373563] system 00:0a: [mem 0xfed10000-0xfed17fff] has been reserved
[    0.373566] system 00:0a: [mem 0xfed18000-0xfed18fff] has been reserved
[    0.373570] system 00:0a: [mem 0xfed19000-0xfed19fff] has been reserved
[    0.373573] system 00:0a: [mem 0xe0000000-0xefffffff] has been reserved
[    0.373576] system 00:0a: [mem 0xfed20000-0xfed3ffff] has been reserved
[    0.373579] system 00:0a: [mem 0xfed90000-0xfed93fff] has been reserved
[    0.373583] system 00:0a: [mem 0xff000000-0xffffffff] could not be reserved
[    0.373586] system 00:0a: [mem 0xfee00000-0xfeefffff] could not be reserved
[    0.373590] system 00:0a: [mem 0xafa00000-0xafa00fff] has been reserved
[    0.373593] system 00:0a: Plug and Play ACPI device, IDs PNP0c02 (active)
[    0.373854] pnp 00:0b: [mem 0x20000000-0x201fffff]
[    0.373856] pnp 00:0b: [mem 0x40000000-0x401fffff]
[    0.373919] system 00:0b: [mem 0x20000000-0x201fffff] could not be reserved
[    0.373922] system 00:0b: [mem 0x40000000-0x401fffff] could not be reserved
[    0.373925] system 00:0b: Plug and Play ACPI device, IDs PNP0c01 (active)
[    0.373973] pnp: PnP ACPI: found 12 devices
[    0.373976] ACPI: ACPI bus type pnp unregistered
[    0.373979] PnPBIOS: Disabled by ACPI PNP
[    0.410979] pci 0000:07:00.0: no compatible bridge window for [mem 0xffff0000-0xffffffff pref]
[    0.410983] PCI: max bus depth: 1 pci_try_num: 2
[    0.411013] pci 0000:00:1c.0: PCI bridge to [bus 02-02]
[    0.411018] pci 0000:00:1c.0:   bridge window [io  0x3000-0x3fff]
[    0.411024] pci 0000:00:1c.0:   bridge window [mem 0xc3400000-0xc43fffff]
[    0.411031] pci 0000:00:1c.0:   bridge window [mem 0xc0400000-0xc13fffff 64bit pref]
[    0.411044] pci 0000:07:00.0: BAR 6: assigned [mem 0xc1400000-0xc140ffff pref]
[    0.411048] pci 0000:00:1c.5: PCI bridge to [bus 07-07]
[    0.411052] pci 0000:00:1c.5:   bridge window [io  0x2000-0x2fff]
[    0.411060] pci 0000:00:1c.5:   bridge window [mem 0xc2400000-0xc33fffff]
[    0.411067] pci 0000:00:1c.5:   bridge window [mem 0xc1400000-0xc23fffff 64bit pref]
[    0.411092] pci 0000:00:1c.0: PCI INT A -> GSI 17 (level, low) -> IRQ 17
[    0.411099] pci 0000:00:1c.0: setting latency timer to 64
[    0.411113] pci 0000:00:1c.5: PCI INT B -> GSI 16 (level, low) -> IRQ 16
[    0.411119] pci 0000:00:1c.5: setting latency timer to 64
[    0.411124] pci_bus 0000:00: resource 4 [io  0x0000-0x0cf7]
[    0.411127] pci_bus 0000:00: resource 5 [io  0x0d00-0xffff]
[    0.411130] pci_bus 0000:00: resource 6 [mem 0x000a0000-0x000bffff]
[    0.411133] pci_bus 0000:00: resource 7 [mem 0xafa00000-0xfeafffff]
[    0.411136] pci_bus 0000:02: resource 0 [io  0x3000-0x3fff]
[    0.411138] pci_bus 0000:02: resource 1 [mem 0xc3400000-0xc43fffff]
[    0.411141] pci_bus 0000:02: resource 2 [mem 0xc0400000-0xc13fffff 64bit pref]
[    0.411144] pci_bus 0000:07: resource 0 [io  0x2000-0x2fff]
[    0.411146] pci_bus 0000:07: resource 1 [mem 0xc2400000-0xc33fffff]
[    0.411149] pci_bus 0000:07: resource 2 [mem 0xc1400000-0xc23fffff 64bit pref]
[    0.411202] NET: Registered protocol family 2
[    0.411269] IP route cache hash table entries: 32768 (order: 5, 131072 bytes)
[    0.411466] TCP established hash table entries: 131072 (order: 8, 1048576 bytes)
[    0.411793] TCP bind hash table entries: 65536 (order: 7, 524288 bytes)
[    0.411937] TCP: Hash tables configured (established 131072 bind 65536)
[    0.411940] TCP reno registered
[    0.411944] UDP hash table entries: 512 (order: 2, 16384 bytes)
[    0.411951] UDP-Lite hash table entries: 512 (order: 2, 16384 bytes)
[    0.412057] NET: Registered protocol family 1
[    0.412071] pci 0000:00:02.0: Boot video device
[    0.412087] pci 0000:00:1a.0: PCI INT A -> GSI 16 (level, low) -> IRQ 16
[    0.426295] pci 0000:00:1a.0: PCI INT A disabled
[    0.426342] pci 0000:00:1d.0: PCI INT A -> GSI 23 (level, low) -> IRQ 23
[    0.442269] pci 0000:00:1d.0: PCI INT A disabled
[    0.442301] PCI: CLS 64 bytes, default 64
[    0.442396] Unpacking initramfs...
[    0.838178] Freeing initrd memory: 10448k freed
[    0.840162] Simple Boot Flag at 0x44 set to 0x1
[    0.840607] audit: initializing netlink socket (disabled)
[    0.840619] type=2000 audit(1366369345.708:1): initialized
[    0.865969] highmem bounce pool size: 64 pages
[    0.865976] HugeTLB registered 2 MB page size, pre-allocated 0 pages
[    0.874911] VFS: Disk quotas dquot_6.5.2
[    0.874951] Dquot-cache hash table entries: 1024 (order 0, 4096 bytes)
[    0.875029] msgmni has been set to 1682
[    0.875221] alg: No test for stdrng (krng)
[    0.875252] Block layer SCSI generic (bsg) driver version 0.4 loaded (major 253)
[    0.875255] io scheduler noop registered
[    0.875257] io scheduler deadline registered
[    0.875271] io scheduler cfq registered (default)
[    0.875521] pci_hotplug: PCI Hot Plug PCI Core version: 0.5
[    0.875550] pciehp: PCI Express Hot Plug Controller Driver version: 0.4
[    0.875553] acpiphp: ACPI Hot Plug PCI Controller Driver version: 0.5
[    0.875928] intel_idle: MWAIT substates: 0x120
[    0.875930] intel_idle: v0.4 model 0x2A
[    0.875932] intel_idle: lapic_timer_reliable_states 0xffffffff
[    0.875973] ERST: Table is not found!
[    0.875975] GHES: HEST is not enabled!
[    0.875990] isapnp: Scanning for PnP cards...
[    1.229792] isapnp: No Plug & Play device found
[    1.229861] Serial: 8250/16550 driver, 4 ports, IRQ sharing enabled
[    1.238145] Linux agpgart interface v0.103
[    1.238268] agpgart-intel 0000:00:00.0: Intel Sandybridge Chipset
[    1.238337] agpgart-intel 0000:00:00.0: detected gtt size: 2097152K total, 262144K mappable
[    1.239029] agpgart-intel 0000:00:00.0: detected 131072K stolen memory
[    1.239157] agpgart-intel 0000:00:00.0: AGP aperture is 256M @ 0xb0000000
[    1.239323] i8042: PNP: PS/2 Controller [PNP0303:PS2K,PNP0f13:PS2M] at 0x60,0x64 irq 1,12
[    1.245538] i8042: Detected active multiplexing controller, rev 1.1
[    1.248748] serio: i8042 KBD port at 0x60,0x64 irq 1
[    1.248756] serio: i8042 AUX0 port at 0x60,0x64 irq 12
[    1.248795] serio: i8042 AUX1 port at 0x60,0x64 irq 12
[    1.248823] serio: i8042 AUX2 port at 0x60,0x64 irq 12
[    1.248853] serio: i8042 AUX3 port at 0x60,0x64 irq 12
[    1.248986] mousedev: PS/2 mouse device common for all mice
[    1.249037] rtc_cmos 00:06: RTC can wake from S4
[    1.249161] rtc_cmos 00:06: rtc core: registered rtc_cmos as rtc0
[    1.249192] rtc0: alarms up to one year, y3k, 242 bytes nvram, hpet irqs
[    1.249258] cpuidle: using governor ladder
[    1.249347] cpuidle: using governor menu
[    1.249548] TCP cubic registered
[    1.249615] NET: Registered protocol family 10
[    1.250136] Mobile IPv6
[    1.250139] NET: Registered protocol family 17
[    1.250144] Registering the dns_resolver key type
[    1.250164] Using IPI No-Shortcut mode
[    1.250349] PM: Hibernation image not present or could not be loaded.
[    1.250363] registered taskstats version 1
[    1.255155] rtc_cmos 00:06: setting system clock to 2013-04-19 11:02:27 UTC (1366369347)
[    1.255226] Initializing network drop monitor service
[    1.255329] Freeing unused kernel memory: 412k freed
[    1.255483] Write protecting the kernel text: 2844k
[    1.255535] Write protecting the kernel read-only data: 1112k
[    1.255537] NX-protecting the kernel data: 3300k
[    1.268562] udevd[49]: starting version 175
[    1.272444] input: AT Translated Set 2 keyboard as /devices/platform/i8042/serio0/input/input0
[    1.292638] usbcore: registered new interface driver usbfs
[    1.292666] usbcore: registered new interface driver hub
[    1.302126] atl1c 0000:02:00.0: PCI INT A -> GSI 16 (level, low) -> IRQ 16
[    1.302141] atl1c 0000:02:00.0: setting latency timer to 64
[    1.309037] SCSI subsystem initialized
[    1.318331] usbcore: registered new device driver usb
[    1.318787] ehci_hcd: USB 2.0 'Enhanced' Host Controller (EHCI) Driver
[    1.318816] ehci_hcd 0000:00:1a.0: PCI INT A -> GSI 16 (level, low) -> IRQ 16
[    1.318840] ehci_hcd 0000:00:1a.0: setting latency timer to 64
[    1.318845] ehci_hcd 0000:00:1a.0: EHCI Host Controller
[    1.318872] ehci_hcd 0000:00:1a.0: new USB bus registered, assigned bus number 1
[    1.318905] ehci_hcd 0000:00:1a.0: debug port 2
[    1.322796] ehci_hcd 0000:00:1a.0: cache line size of 64 is not supported
[    1.331997] ehci_hcd 0000:00:1a.0: irq 16, io mem 0xc4409000
[    1.339853] libata version 3.00 loaded.
[    1.345620] ehci_hcd 0000:00:1a.0: USB 2.0 started, EHCI 1.00
[    1.345652] usb usb1: New USB device found, idVendor=1d6b, idProduct=0002
[    1.345656] usb usb1: New USB device strings: Mfr=3, Product=2, SerialNumber=1
[    1.345659] usb usb1: Product: EHCI Host Controller
[    1.345661] usb usb1: Manufacturer: Linux 3.2.0-2-686-pae ehci_hcd
[    1.345663] usb usb1: SerialNumber: 0000:00:1a.0
[    1.345811] hub 1-0:1.0: USB hub found
[    1.345816] hub 1-0:1.0: 2 ports detected
[    1.345907] ehci_hcd 0000:00:1d.0: PCI INT A -> GSI 23 (level, low) -> IRQ 23
[    1.345933] ehci_hcd 0000:00:1d.0: setting latency timer to 64
[    1.345937] ehci_hcd 0000:00:1d.0: EHCI Host Controller
[    1.345947] ehci_hcd 0000:00:1d.0: new USB bus registered, assigned bus number 2
[    1.345976] ehci_hcd 0000:00:1d.0: debug port 2
[    1.349876] ehci_hcd 0000:00:1d.0: cache line size of 64 is not supported
[    1.357509] thermal LNXTHERM:00: registered as thermal_zone0
[    1.357513] ACPI: Thermal Zone [THRM] (39 C)
[    1.357675] ehci_hcd 0000:00:1d.0: irq 23, io mem 0xc4408000
[    1.369610] ehci_hcd 0000:00:1d.0: USB 2.0 started, EHCI 1.00
[    1.369640] usb usb2: New USB device found, idVendor=1d6b, idProduct=0002
[    1.369643] usb usb2: New USB device strings: Mfr=3, Product=2, SerialNumber=1
[    1.369646] usb usb2: Product: EHCI Host Controller
[    1.369648] usb usb2: Manufacturer: Linux 3.2.0-2-686-pae ehci_hcd
[    1.369651] usb usb2: SerialNumber: 0000:00:1d.0
[    1.369879] hub 2-0:1.0: USB hub found
[    1.369885] hub 2-0:1.0: 2 ports detected
[    1.370056] ahci 0000:00:1f.2: version 3.0
[    1.370082] ahci 0000:00:1f.2: PCI INT B -> GSI 19 (level, low) -> IRQ 19
[    1.370145] ahci 0000:00:1f.2: irq 40 for MSI/MSI-X
[    1.370183] ahci: SSS flag set, parallel bus scan disabled
[    1.370212] ahci 0000:00:1f.2: AHCI 0001.0300 32 slots 6 ports 6 Gbps 0x3 impl SATA mode
[    1.370216] ahci 0000:00:1f.2: flags: 64bit ncq sntf stag pm led clo pio slum part ems apst 
[    1.370223] ahci 0000:00:1f.2: setting latency timer to 64
[    1.378335] scsi0 : ahci
[    1.378488] scsi1 : ahci
[    1.378582] scsi2 : ahci
[    1.378676] scsi3 : ahci
[    1.378749] scsi4 : ahci
[    1.378829] scsi5 : ahci
[    1.378964] ata1: SATA max UDMA/133 abar m2048@0xc4407000 port 0xc4407100 irq 40
[    1.378969] ata2: SATA max UDMA/133 abar m2048@0xc4407000 port 0xc4407180 irq 40
[    1.378971] ata3: DUMMY
[    1.378973] ata4: DUMMY
[    1.378974] ata5: DUMMY
[    1.378976] ata6: DUMMY
[    1.430334] atl1c 0000:02:00.0: version 1.0.1.0-NAPI
[    1.657414] usb 1-1: new high-speed USB device number 2 using ehci_hcd
[    1.697394] ata1: SATA link up 3.0 Gbps (SStatus 123 SControl 300)
[    1.747030] ata1.00: ATA-8: TOSHIBA MQ01ABD032, AX001A, max UDMA/100
[    1.747037] ata1.00: 625142448 sectors, multi 16: LBA48 NCQ (depth 31/32), AA
[    1.748894] ata1.00: configured for UDMA/100
[    1.749183] scsi 0:0:0:0: Direct-Access     ATA      TOSHIBA MQ01ABD0 AX00 PQ: 0 ANSI: 5
[    1.789759] usb 1-1: New USB device found, idVendor=8087, idProduct=0024
[    1.789766] usb 1-1: New USB device strings: Mfr=0, Product=0, SerialNumber=0
[    1.790164] hub 1-1:1.0: USB hub found
[    1.790220] hub 1-1:1.0: 6 ports detected
[    1.837279] Refined TSC clocksource calibration: 1596.374 MHz.
[    1.837289] Switching to clocksource tsc
[    1.901237] usb 2-1: new high-speed USB device number 2 using ehci_hcd
[    2.033558] usb 2-1: New USB device found, idVendor=8087, idProduct=0024
[    2.033567] usb 2-1: New USB device strings: Mfr=0, Product=0, SerialNumber=0
[    2.033976] hub 2-1:1.0: USB hub found
[    2.034035] hub 2-1:1.0: 6 ports detected
[    2.069123] ata2: SATA link up 1.5 Gbps (SStatus 113 SControl 300)
[    2.071758] ata2.00: ATAPI: HL-DT-ST DVDRAM GT51N, 1.00, max UDMA/100
[    2.074538] ata2.00: configured for UDMA/100
[    2.076400] scsi 1:0:0:0: CD-ROM            HL-DT-ST DVDRAM GT51N     1.00 PQ: 0 ANSI: 5
[    2.082360] sd 0:0:0:0: [sda] 625142448 512-byte logical blocks: (320 GB/298 GiB)
[    2.082365] sd 0:0:0:0: [sda] 4096-byte physical blocks
[    2.082499] sd 0:0:0:0: [sda] Write Protect is off
[    2.082503] sd 0:0:0:0: [sda] Mode Sense: 00 3a 00 00
[    2.082563] sd 0:0:0:0: [sda] Write cache: enabled, read cache: enabled, doesn't support DPO or FUA
[    2.084391] sr0: scsi3-mmc drive: 24x/24x writer dvd-ram cd/rw xa/form2 cdda tray
[    2.084398] cdrom: Uniform CD-ROM driver Revision: 3.20
[    2.084584] sr 1:0:0:0: Attached scsi CD-ROM sr0
[    2.105293] usb 1-1.1: new high-speed USB device number 3 using ehci_hcd
[    2.289194]  sda: sda1 sda2 sda3 sda4 < sda5 sda6 sda7 sda8 sda9 sda10 sda11 >
[    2.290259] sd 0:0:0:0: [sda] Attached SCSI disk
[    2.292553] sd 0:0:0:0: Attached scsi generic sg0 type 0
[    2.292610] sr 1:0:0:0: Attached scsi generic sg1 type 5
[    2.303493] usb 1-1.1: New USB device found, idVendor=0402, idProduct=9665
[    2.303497] usb 1-1.1: New USB device strings: Mfr=3, Product=1, SerialNumber=0
[    2.303500] usb 1-1.1: Product: 1.3M WebCam
[    2.303502] usb 1-1.1: Manufacturer: XPC1J04E0
[    2.389065] usb 2-1.2: new low-speed USB device number 3 using ehci_hcd
[    2.487474] usb 2-1.2: New USB device found, idVendor=046d, idProduct=c508
[    2.487483] usb 2-1.2: New USB device strings: Mfr=1, Product=2, SerialNumber=0
[    2.487489] usb 2-1.2: Product: USB Receiver
[    2.487493] usb 2-1.2: Manufacturer: Logitech
[    2.495455] input: Logitech USB Receiver as /devices/pci0000:00/0000:00:1d.0/usb2/2-1/2-1.2/2-1.2:1.0/input/input1
[    2.495546] generic-usb 0003:046D:C508.0001: input,hidraw0: USB HID v1.10 Mouse [Logitech USB Receiver] on usb-0000:00:1d.0-1.2/input0
[    2.495565] usbcore: registered new interface driver usbhid
[    2.495567] usbhid: USB HID core driver
[    4.799373] device-mapper: uevent: version 1.0.3
[    4.799571] device-mapper: ioctl: 4.22.0-ioctl (2011-10-19) initialised: dm-devel@redhat.com
[    4.908436] EXT4-fs (sda5): mounted filesystem with ordered data mode. Opts: (null)
[    6.326153] udevd[338]: starting version 175
[    6.802690] input: Power Button as /devices/LNXSYSTM:00/device:00/PNP0C0C:00/input/input2
[    6.802697] ACPI: Power Button [PWRB]
[    6.802762] input: Sleep Button as /devices/LNXSYSTM:00/device:00/PNP0C0E:00/input/input3
[    6.802767] ACPI: Sleep Button [SLPB]
[    6.802830] input: Lid Switch as /devices/LNXSYSTM:00/device:00/PNP0C0D:00/input/input4
[    6.802873] ACPI: Lid Switch [LID]
[    6.802933] input: Power Button as /devices/LNXSYSTM:00/LNXPWRBN:00/input/input5
[    6.802937] ACPI: Power Button [PWRF]
[    6.838092] wmi: Mapper loaded
[    6.948056] iTCO_vendor_support: vendor-support=0
[    7.036265] input: PC Speaker as /devices/platform/pcspkr/input/input6
[    7.049321] acer_wmi: Acer Laptop ACPI-WMI Extras
[    7.049343] acer_wmi: Function bitmap for Communication Button: 0x1
[    7.049466] acer_wmi: Brightness must be controlled by generic video driver
[    7.049923] input: Acer WMI hotkeys as /devices/virtual/input/input7
[    7.105786] iTCO_wdt: Intel TCO WatchDog Timer Driver v1.07
[    7.105883] iTCO_wdt: Found a Cougar Point TCO device (Version=2, TCOBASE=0x0460)
[    7.106072] iTCO_wdt: initialized. heartbeat=30 sec (nowayout=0)
[    7.157760] ACPI: AC Adapter [ACAD] (off-line)
[    7.158808] ACPI: Battery Slot [BAT1] (battery present)
[    7.266108] Linux media interface: v0.10
[    7.270953] Linux video capture interface: v2.00
[    7.286935] uvcvideo: Found UVC 1.00 device 1.3M WebCam (0402:9665)
[    7.289891] input: 1.3M WebCam as /devices/pci0000:00/0000:00:1a.0/usb1/1-1/1-1.1/1-1.1:1.0/input/input8
[    7.289998] usbcore: registered new interface driver uvcvideo
[    7.290001] USB Video Class driver (1.1.1)
[    7.297858] cfg80211: Calling CRDA to update world regulatory domain
[    7.395523] i801_smbus 0000:00:1f.3: PCI INT C -> GSI 19 (level, low) -> IRQ 19
[    7.395531] ACPI: resource 0000:00:1f.3 [io  0x4040-0x405f] conflicts with ACPI region SMBI [io 0x4040-0x404f]
[    7.395534] ACPI: If an ACPI driver is available for this device, you should use it instead of the native driver
[    7.434449] [drm] Initialized drm 1.1.0 20060810
[    7.611877] i915 0000:00:02.0: PCI INT A -> GSI 16 (level, low) -> IRQ 16
[    7.611884] i915 0000:00:02.0: setting latency timer to 64
[    7.628625] mtrr: type mismatch for b0000000,10000000 old: write-back new: write-combining
[    7.628628] [drm] MTRR allocation failed.  Graphics performance may suffer.
[    7.629142] i915 0000:00:02.0: irq 41 for MSI/MSI-X
[    7.629158] [drm] Supports vblank timestamp caching Rev 1 (10.10.2010).
[    7.629161] [drm] Driver supports precise vblank timestamp query.
[    7.629204] vgaarb: device changed decodes: PCI:0000:00:02.0,olddecodes=io+mem,decodes=io+mem:owns=io+mem
[    7.637213] ath9k 0000:07:00.0: PCI INT A -> GSI 17 (level, low) -> IRQ 17
[    7.637227] ath9k 0000:07:00.0: setting latency timer to 64
[    7.645642] ath: EEPROM regdomain: 0x6c
[    7.645644] ath: EEPROM indicates we should expect a direct regpair map
[    7.645648] ath: Country alpha2 being used: 00
[    7.645650] ath: Regpair used: 0x6c
[    7.671801] ieee80211 phy0: Selected rate control algorithm 'ath9k_rate_control'
[    7.672339] Registered led device: ath9k-phy0
[    7.672347] ieee80211 phy0: Atheros AR9485 Rev:1 mem=0xf8d80000, irq=17
[    7.766183] psmouse serio2: synaptics: Touchpad model: 1, fw: 7.2, id: 0x1c0b1, caps: 0xd04733/0xa44000/0xa0000
[    7.809335] input: SynPS/2 Synaptics TouchPad as /devices/platform/i8042/serio2/input/input9
[    8.218102] fbcon: inteldrmfb (fb0) is primary device
[    8.629708] Console: switching to colour frame buffer device 170x48
[    8.634851] fb0: inteldrmfb frame buffer device
[    8.634853] drm: registered panic notifier
[    8.636269] acpi device:30: registered as cooling_device2
[    8.636766] input: Video Bus as /devices/LNXSYSTM:00/device:00/PNP0A08:00/LNXVIDEO:00/input/input10
[    8.636835] ACPI: Video Device [GFX0] (multi-head: yes  rom: no  post: no)
[    8.637472] [drm] Initialized i915 1.6.0 20080730 for 0000:00:02.0 on minor 0
[    8.637523] snd_hda_intel 0000:00:1b.0: PCI INT A -> GSI 22 (level, low) -> IRQ 22
[    8.637617] snd_hda_intel 0000:00:1b.0: irq 42 for MSI/MSI-X
[    8.637658] snd_hda_intel 0000:00:1b.0: setting latency timer to 64
[    9.200156] input: HDA Digital PCBeep as /devices/pci0000:00/0000:00:1b.0/input/input11
[    9.205822] HDMI status: Codec=3 Pin=5 Presence_Detect=0 ELD_Valid=0
[    9.205994] input: HDA Intel PCH HDMI/DP,pcm=3 as /devices/pci0000:00/0000:00:1b.0/sound/card0/input12
[    9.206228] input: HDA Intel PCH Mic as /devices/pci0000:00/0000:00:1b.0/sound/card0/input13
[    9.206340] input: HDA Intel PCH Headphone as /devices/pci0000:00/0000:00:1b.0/sound/card0/input14
[   10.344673] EXT4-fs (sda5): re-mounted. Opts: (null)
[   10.994943] EXT4-fs (sda5): re-mounted. Opts: errors=remount-ro
[   11.148490] fuse init (API version 7.17)
[   11.178374] loop: module loaded
[   13.103250] EXT4-fs (sda7): mounted filesystem with ordered data mode. Opts: (null)
[   13.187386] EXT4-fs (sda8): mounted filesystem with ordered data mode. Opts: (null)
[   13.245815] EXT4-fs (sda9): mounted filesystem without journal. Opts: (null)
[   13.327427] EXT4-fs (sda6): mounted filesystem with ordered data mode. Opts: (null)
[   13.396714] EXT4-fs (sda10): mounted filesystem without journal. Opts: (null)
[   13.656111] EXT4-fs (sda11): mounted filesystem without journal. Opts: (null)
[   16.210473] ADDRCONF(NETDEV_UP): wlan0: link is not ready
[   16.407792] RPC: Registered named UNIX socket transport module.
[   16.407796] RPC: Registered udp transport module.
[   16.407798] RPC: Registered tcp transport module.
[   16.407800] RPC: Registered tcp NFSv4.1 backchannel transport module.
[   16.437789] FS-Cache: Loaded
[   16.492767] FS-Cache: Netfs 'nfs' registered for caching
[   16.550095] Installing knfsd (copyright (C) 1996 okir@monad.swb.de).
[   19.923248] input: ACPI Virtual Keyboard Device as /devices/virtual/input/input15
[   25.671317] atl1c 0000:02:00.0: irq 43 for MSI/MSI-X
[   25.753292] ADDRCONF(NETDEV_UP): eth0: link is not ready
[   30.847413] Netfilter messages via NETLINK v0.30.
[   32.241664] Bluetooth: Core ver 2.16
[   32.241682] NET: Registered protocol family 31
[   32.241685] Bluetooth: HCI device and connection manager initialized
[   32.241688] Bluetooth: HCI socket layer initialized
[   32.241690] Bluetooth: L2CAP socket layer initialized
[   32.241695] Bluetooth: SCO socket layer initialized
[   32.276978] Bluetooth: RFCOMM TTY layer initialized
[   32.276983] Bluetooth: RFCOMM socket layer initialized
[   32.276986] Bluetooth: RFCOMM ver 1.11
[   32.308763] Bluetooth: BNEP (Ethernet Emulation) ver 1.3
[   32.308767] Bluetooth: BNEP filters: protocol multicast
[   32.897508] lp: driver loaded but no devices found
[   32.955969] ppdev: user-space parallel port driver
[   46.062220] postgres (3578): /proc/3578/oom_adj is deprecated, please use /proc/3578/oom_score_adj instead.
[  482.622756] gnome-settings-[5013]: segfault at 40 ip adfe16e0 sp bfddcc9c error 4 in libmouse.so[adfdf000+9000]
[  482.924541] gnome-settings-[5080]: segfault at 40 ip ae0bd6e0 sp bf9da27c error 4 in libmouse.so[ae0bb000+9000]
[  512.552051] UDF-fs: warning (device sr0): udf_load_vrs: No VRS found
[  512.552058] UDF-fs: warning (device sr0): udf_fill_super: No partition found (1)
[  513.957225] ISO 9660 Extensions: Microsoft Joliet Level 3
[  514.145412] ISOFS: changing to secondary root
[ 2362.227871] atl1c 0000:02:00.0: atl1c: eth0 NIC Link is Up<100 Mbps Full Duplex>
[ 2362.228074] ADDRCONF(NETDEV_CHANGE): eth0: link becomes ready
[ 2372.818672] eth0: no IPv6 routers present
[37859.045095] usb 1-1.2: new full-speed USB device number 4 using ehci_hcd
[37859.141269] usb 1-1.2: New USB device found, idVendor=239a, idProduct=8004
[37859.141278] usb 1-1.2: New USB device strings: Mfr=1, Product=2, SerialNumber=0
[37859.141284] usb 1-1.2: Product: Adafruit Flora  
[37859.141288] usb 1-1.2: Manufacturer: Adafruit   
[37859.143931] input: Adafruit    Adafruit Flora   as /devices/pci0000:00/0000:00:1a.0/usb1/1-1/1-1.2/1-1.2:1.2/input/input16
[37859.144673] generic-usb 0003:239A:8004.0002: input,hidraw1: USB HID v1.01 Mouse [Adafruit    Adafruit Flora  ] on usb-0000:00:1a.0-1.2/input2
[37859.215093] cdc_acm 1-1.2:1.0: This device cannot do calls on its own. It is not a modem.
[37859.215134] cdc_acm 1-1.2:1.0: ttyACM0: USB ACM device
[37859.215670] usbcore: registered new interface driver cdc_acm
[37859.215674] cdc_acm: USB Abstract Control Model driver for USB modems and ISDN adapters
[40349.195317] usb 1-1.2: USB disconnect, device number 4
[40349.457126] usb 1-1.2: new full-speed USB device number 5 using ehci_hcd
[40349.550944] usb 1-1.2: New USB device found, idVendor=239a, idProduct=0004
[40349.550954] usb 1-1.2: New USB device strings: Mfr=2, Product=1, SerialNumber=0
[40349.550961] usb 1-1.2: Product: Adafruit Flora
[40349.550966] usb 1-1.2: Manufacturer: Adafruit In
[40349.552229] cdc_acm 1-1.2:1.0: ttyACM0: USB ACM device
[40359.428120] usb 1-1.2: USB disconnect, device number 5
[40359.629858] usb 1-1.2: new full-speed USB device number 6 using ehci_hcd
[40359.726033] usb 1-1.2: New USB device found, idVendor=239a, idProduct=8004
[40359.726044] usb 1-1.2: New USB device strings: Mfr=1, Product=2, SerialNumber=0
[40359.726050] usb 1-1.2: Product: Adafruit Flora  
[40359.726054] usb 1-1.2: Manufacturer: Adafruit   
[40359.726496] cdc_acm 1-1.2:1.0: This device cannot do calls on its own. It is not a modem.
[40359.726530] cdc_acm 1-1.2:1.0: ttyACM0: USB ACM device
[40359.729076] input: Adafruit    Adafruit Flora   as /devices/pci0000:00/0000:00:1a.0/usb1/1-1/1-1.2/1-1.2:1.2/input/input17
[40359.730129] generic-usb 0003:239A:8004.0003: input,hidraw1: USB HID v1.01 Mouse [Adafruit    Adafruit Flora  ] on usb-0000:00:1a.0-1.2/input2
[40409.312362] usb 1-1.2: USB disconnect, device number 6
[40414.115405] usb 1-1.2: new full-speed USB device number 7 using ehci_hcd
[40414.209323] usb 1-1.2: New USB device found, idVendor=239a, idProduct=0004
[40414.209334] usb 1-1.2: New USB device strings: Mfr=2, Product=1, SerialNumber=0
[40414.209340] usb 1-1.2: Product: Adafruit Flora
[40414.209345] usb 1-1.2: Manufacturer: Adafruit In
[40414.209985] cdc_acm 1-1.2:1.0: ttyACM0: USB ACM device
[40415.963696] usb 1-1.2: USB disconnect, device number 7
[40416.161939] usb 1-1.2: new full-speed USB device number 8 using ehci_hcd
[40416.262724] usb 1-1.2: New USB device found, idVendor=239a, idProduct=8004
[40416.262735] usb 1-1.2: New USB device strings: Mfr=1, Product=2, SerialNumber=0
[40416.262742] usb 1-1.2: Product: Adafruit Flora  
[40416.262746] usb 1-1.2: Manufacturer: Adafruit   
[40416.263959] cdc_acm 1-1.2:1.0: This device cannot do calls on its own. It is not a modem.
[40416.263996] cdc_acm 1-1.2:1.0: ttyACM0: USB ACM device
[40416.266442] input: Adafruit    Adafruit Flora   as /devices/pci0000:00/0000:00:1a.0/usb1/1-1/1-1.2/1-1.2:1.2/input/input18
[40416.266793] generic-usb 0003:239A:8004.0004: input,hidraw1: USB HID v1.01 Mouse [Adafruit    Adafruit Flora  ] on usb-0000:00:1a.0-1.2/input2
[41567.140447] usb 1-1.2: USB disconnect, device number 8
[41567.596239] usb 1-1.2: new full-speed USB device number 9 using ehci_hcd
[41567.690043] usb 1-1.2: New USB device found, idVendor=239a, idProduct=0004
[41567.690049] usb 1-1.2: New USB device strings: Mfr=2, Product=1, SerialNumber=0
[41567.690052] usb 1-1.2: Product: Adafruit Flora
[41567.690054] usb 1-1.2: Manufacturer: Adafruit In
[41567.690350] cdc_acm 1-1.2:1.0: ttyACM1: USB ACM device
[41570.977695] usb 1-1.2: USB disconnect, device number 9
[41571.689329] usb 1-1.2: new full-speed USB device number 10 using ehci_hcd
[41574.655085] usb 1-1.2: device not accepting address 10, error -32
[41574.671431] hub 1-1:1.0: unable to enumerate USB device on port 2
[41574.934999] usb 1-1.2: new full-speed USB device number 12 using ehci_hcd
[41575.028677] usb 1-1.2: New USB device found, idVendor=239a, idProduct=0004
[41575.028682] usb 1-1.2: New USB device strings: Mfr=2, Product=1, SerialNumber=0
[41575.028685] usb 1-1.2: Product: Adafruit Flora
[41575.028688] usb 1-1.2: Manufacturer: Adafruit In
[41575.029366] cdc_acm 1-1.2:1.0: ttyACM1: USB ACM device
[41584.791947] usb 1-1.2: USB disconnect, device number 12
[41584.991937] usb 1-1.2: new full-speed USB device number 13 using ehci_hcd
[41585.087983] usb 1-1.2: New USB device found, idVendor=239a, idProduct=8004
[41585.087989] usb 1-1.2: New USB device strings: Mfr=1, Product=2, SerialNumber=0
[41585.087992] usb 1-1.2: Product: Adafruit Flora  
[41585.087994] usb 1-1.2: Manufacturer: Adafruit   
[41585.088651] cdc_acm 1-1.2:1.0: This device cannot do calls on its own. It is not a modem.
[41585.088672] cdc_acm 1-1.2:1.0: ttyACM1: USB ACM device
[41585.090694] input: Adafruit    Adafruit Flora   as /devices/pci0000:00/0000:00:1a.0/usb1/1-1/1-1.2/1-1.2:1.2/input/input19
[41585.091060] generic-usb 0003:239A:8004.0005: input,hidraw1: USB HID v1.01 Mouse [Adafruit    Adafruit Flora  ] on usb-0000:00:1a.0-1.2/input2
[41689.165194] usb 1-1.2: USB disconnect, device number 13
[41690.129639] usb 1-1.2: new full-speed USB device number 14 using ehci_hcd
[41690.223569] usb 1-1.2: New USB device found, idVendor=239a, idProduct=0004
[41690.223579] usb 1-1.2: New USB device strings: Mfr=2, Product=1, SerialNumber=0
[41690.223585] usb 1-1.2: Product: Adafruit Flora
[41690.223589] usb 1-1.2: Manufacturer: Adafruit In
[41690.224036] cdc_acm 1-1.2:1.0: ttyACM0: USB ACM device
[41699.909639] usb 1-1.2: USB disconnect, device number 14
[41700.110503] usb 1-1.2: new full-speed USB device number 15 using ehci_hcd
[41700.206800] usb 1-1.2: New USB device found, idVendor=239a, idProduct=8004
[41700.206811] usb 1-1.2: New USB device strings: Mfr=1, Product=2, SerialNumber=0
[41700.206817] usb 1-1.2: Product: Adafruit Flora  
[41700.206822] usb 1-1.2: Manufacturer: Adafruit   
[41700.207258] cdc_acm 1-1.2:1.0: This device cannot do calls on its own. It is not a modem.
[41700.207295] cdc_acm 1-1.2:1.0: ttyACM0: USB ACM device
[41700.209703] input: Adafruit    Adafruit Flora   as /devices/pci0000:00/0000:00:1a.0/usb1/1-1/1-1.2/1-1.2:1.2/input/input20
[41700.210382] generic-usb 0003:239A:8004.0006: input,hidraw1: USB HID v1.01 Mouse [Adafruit    Adafruit Flora  ] on usb-0000:00:1a.0-1.2/input2
[41748.514758] usb 1-1.2: USB disconnect, device number 15
[41749.991341] usb 1-1.2: new full-speed USB device number 16 using ehci_hcd
[41760.463785] usb 1-1.2: device not accepting address 16, error -110
[41760.535924] usb 1-1.2: new full-speed USB device number 17 using ehci_hcd
[41775.597274] usb 1-1.2: device descriptor read/64, error -110
[41790.762561] usb 1-1.2: device descriptor read/64, error -110
[41790.938438] usb 1-1.2: new full-speed USB device number 18 using ehci_hcd
[41801.338896] usb 1-1.2: device not accepting address 18, error -110
[41801.410942] usb 1-1.2: new full-speed USB device number 19 using ehci_hcd
[41811.811489] usb 1-1.2: device not accepting address 19, error -110
[41811.811648] hub 1-1:1.0: unable to enumerate USB device on port 2
[41812.667020] usb 1-1.2: new full-speed USB device number 20 using ehci_hcd
[41812.760694] usb 1-1.2: New USB device found, idVendor=239a, idProduct=0004
[41812.760704] usb 1-1.2: New USB device strings: Mfr=2, Product=1, SerialNumber=0
[41812.760710] usb 1-1.2: Product: Adafruit Flora
[41812.760714] usb 1-1.2: Manufacturer: Adafruit In
[41812.761366] cdc_acm 1-1.2:1.0: ttyACM0: USB ACM device
[41816.562235] usb 1-1.2: USB disconnect, device number 20
[41816.764091] usb 1-1.2: new full-speed USB device number 21 using ehci_hcd
[41816.860388] usb 1-1.2: New USB device found, idVendor=239a, idProduct=8004
[41816.860398] usb 1-1.2: New USB device strings: Mfr=1, Product=2, SerialNumber=0
[41816.860404] usb 1-1.2: Product: Adafruit Flora  
[41816.860408] usb 1-1.2: Manufacturer: Adafruit   
[41816.860871] cdc_acm 1-1.2:1.0: This device cannot do calls on its own. It is not a modem.
[41816.860909] cdc_acm 1-1.2:1.0: ttyACM0: USB ACM device
[41816.863328] input: Adafruit    Adafruit Flora   as /devices/pci0000:00/0000:00:1a.0/usb1/1-1/1-1.2/1-1.2:1.2/input/input21
[41816.864279] generic-usb 0003:239A:8004.0007: input,hidraw1: USB HID v1.01 Mouse [Adafruit    Adafruit Flora  ] on usb-0000:00:1a.0-1.2/input2
[41925.028550] usb 1-1.2: USB disconnect, device number 21
[41925.739170] usb 1-1.2: new full-speed USB device number 22 using ehci_hcd
[41936.211565] usb 1-1.2: device not accepting address 22, error -110
[41936.283633] usb 1-1.2: new full-speed USB device number 23 using ehci_hcd
[41951.344983] usb 1-1.2: device descriptor read/64, error -110
[41966.510260] usb 1-1.2: device descriptor read/64, error -110
[41966.686140] usb 1-1.2: new full-speed USB device number 24 using ehci_hcd
[41977.086680] usb 1-1.2: device not accepting address 24, error -110
[41977.158788] usb 1-1.2: new full-speed USB device number 25 using ehci_hcd
[41987.559275] usb 1-1.2: device not accepting address 25, error -110
[41987.559482] hub 1-1:1.0: unable to enumerate USB device on port 2
[50672.843604] usb 2-1.2: USB disconnect, device number 3
[50673.151014] usb 1-1.2: new full-speed USB device number 26 using ehci_hcd
[50673.247176] usb 1-1.2: New USB device found, idVendor=239a, idProduct=8004
[50673.247183] usb 1-1.2: New USB device strings: Mfr=1, Product=2, SerialNumber=0
[50673.247187] usb 1-1.2: Product: Adafruit Flora  
[50673.247189] usb 1-1.2: Manufacturer: Adafruit   
[50673.247486] cdc_acm 1-1.2:1.0: This device cannot do calls on its own. It is not a modem.
[50673.247513] cdc_acm 1-1.2:1.0: ttyACM0: USB ACM device
[50673.249907] input: Adafruit    Adafruit Flora   as /devices/pci0000:00/0000:00:1a.0/usb1/1-1/1-1.2/1-1.2:1.2/input/input22
[50673.250303] generic-usb 0003:239A:8004.0008: input,hidraw0: USB HID v1.01 Mouse [Adafruit    Adafruit Flora  ] on usb-0000:00:1a.0-1.2/input2
[62903.395790] usb 2-1.2: new low-speed USB device number 4 using ehci_hcd
[62903.494340] usb 2-1.2: New USB device found, idVendor=046d, idProduct=c508
[62903.494346] usb 2-1.2: New USB device strings: Mfr=1, Product=2, SerialNumber=0
[62903.494350] usb 2-1.2: Product: USB Receiver
[62903.494353] usb 2-1.2: Manufacturer: Logitech
[62903.498738] input: Logitech USB Receiver as /devices/pci0000:00/0000:00:1d.0/usb2/2-1/2-1.2/2-1.2:1.0/input/input23
[62903.499091] generic-usb 0003:046D:C508.0009: input,hidraw1: USB HID v1.10 Mouse [Logitech USB Receiver] on usb-0000:00:1d.0-1.2/input0
[106465.315507] usb 1-1.2: USB disconnect, device number 26
[106465.768958] usb 1-1.2: new full-speed USB device number 27 using ehci_hcd
[106465.862753] usb 1-1.2: New USB device found, idVendor=239a, idProduct=0004
[106465.862763] usb 1-1.2: New USB device strings: Mfr=2, Product=1, SerialNumber=0
[106465.862769] usb 1-1.2: Product: Adafruit Flora
[106465.862774] usb 1-1.2: Manufacturer: Adafruit In
[106465.863248] cdc_acm 1-1.2:1.0: ttyACM0: USB ACM device
[106472.990158] usb 1-1.2: USB disconnect, device number 27
[106473.187776] usb 1-1.2: new full-speed USB device number 28 using ehci_hcd
[106473.283947] usb 1-1.2: New USB device found, idVendor=239a, idProduct=8004
[106473.283957] usb 1-1.2: New USB device strings: Mfr=1, Product=2, SerialNumber=0
[106473.283963] usb 1-1.2: Product: Adafruit Flora  
[106473.283968] usb 1-1.2: Manufacturer: Adafruit   
[106473.284429] cdc_acm 1-1.2:1.0: This device cannot do calls on its own. It is not a modem.
[106473.284466] cdc_acm 1-1.2:1.0: ttyACM0: USB ACM device
[106473.286992] input: Adafruit    Adafruit Flora   as /devices/pci0000:00/0000:00:1a.0/usb1/1-1/1-1.2/1-1.2:1.2/input/input24
[106473.287874] generic-usb 0003:239A:8004.000A: input,hidraw0: USB HID v1.01 Mouse [Adafruit    Adafruit Flora  ] on usb-0000:00:1a.0-1.2/input2
[106876.669396] usb 1-1.2: USB disconnect, device number 28
[106877.378127] usb 1-1.2: new full-speed USB device number 29 using ehci_hcd
[106877.472060] usb 1-1.2: New USB device found, idVendor=239a, idProduct=0004
[106877.472066] usb 1-1.2: New USB device strings: Mfr=2, Product=1, SerialNumber=0
[106877.472069] usb 1-1.2: Product: Adafruit Flora
[106877.472071] usb 1-1.2: Manufacturer: Adafruit In
[106877.472702] cdc_acm 1-1.2:1.0: ttyACM1: USB ACM device
[106887.157870] usb 1-1.2: USB disconnect, device number 29
[106887.359124] usb 1-1.2: new full-speed USB device number 30 using ehci_hcd
[106887.455174] usb 1-1.2: New USB device found, idVendor=239a, idProduct=8004
[106887.455179] usb 1-1.2: New USB device strings: Mfr=1, Product=2, SerialNumber=0
[106887.455182] usb 1-1.2: Product: Adafruit Flora  
[106887.455184] usb 1-1.2: Manufacturer: Adafruit   
[106887.455832] cdc_acm 1-1.2:1.0: This device cannot do calls on its own. It is not a modem.
[106887.455852] cdc_acm 1-1.2:1.0: ttyACM1: USB ACM device
[106887.457881] input: Adafruit    Adafruit Flora   as /devices/pci0000:00/0000:00:1a.0/usb1/1-1/1-1.2/1-1.2:1.2/input/input25
[106887.458171] generic-usb 0003:239A:8004.000B: input,hidraw0: USB HID v1.01 Mouse [Adafruit    Adafruit Flora  ] on usb-0000:00:1a.0-1.2/input2
[107272.930028] usb 1-1.2: USB disconnect, device number 30
[107273.330389] usb 1-1.2: new full-speed USB device number 31 using ehci_hcd
[107273.424192] usb 1-1.2: New USB device found, idVendor=239a, idProduct=0004
[107273.424199] usb 1-1.2: New USB device strings: Mfr=2, Product=1, SerialNumber=0
[107273.424202] usb 1-1.2: Product: Adafruit Flora
[107273.424204] usb 1-1.2: Manufacturer: Adafruit In
[107273.424856] cdc_acm 1-1.2:1.0: ttyACM1: USB ACM device
[107277.534736] usb 1-1.2: USB disconnect, device number 31
[107278.498689] usb 1-1.2: new full-speed USB device number 32 using ehci_hcd
[107278.592495] usb 1-1.2: New USB device found, idVendor=239a, idProduct=0004
[107278.592501] usb 1-1.2: New USB device strings: Mfr=2, Product=1, SerialNumber=0
[107278.592504] usb 1-1.2: Product: Adafruit Flora
[107278.592506] usb 1-1.2: Manufacturer: Adafruit In
[107278.593163] cdc_acm 1-1.2:1.0: ttyACM1: USB ACM device
[107279.581272] usb 1-1.2: USB disconnect, device number 32
[107280.289408] usb 1-1.2: new full-speed USB device number 33 using ehci_hcd
[107280.383214] usb 1-1.2: New USB device found, idVendor=239a, idProduct=0004
[107280.383220] usb 1-1.2: New USB device strings: Mfr=2, Product=1, SerialNumber=0
[107280.383224] usb 1-1.2: Product: Adafruit Flora
[107280.383226] usb 1-1.2: Manufacturer: Adafruit In
[107280.383881] cdc_acm 1-1.2:1.0: ttyACM1: USB ACM device
[107290.325591] usb 1-1.2: USB disconnect, device number 33
[107290.526233] usb 1-1.2: new full-speed USB device number 34 using ehci_hcd
[107290.622394] usb 1-1.2: New USB device found, idVendor=239a, idProduct=8004
[107290.622404] usb 1-1.2: New USB device strings: Mfr=1, Product=2, SerialNumber=0
[107290.622410] usb 1-1.2: Product: Adafruit Flora  
[107290.622415] usb 1-1.2: Manufacturer: Adafruit   
[107290.622865] cdc_acm 1-1.2:1.0: This device cannot do calls on its own. It is not a modem.
[107290.622901] cdc_acm 1-1.2:1.0: ttyACM0: USB ACM device
[107290.625548] input: Adafruit    Adafruit Flora   as /devices/pci0000:00/0000:00:1a.0/usb1/1-1/1-1.2/1-1.2:1.2/input/input26
[107290.626191] generic-usb 0003:239A:8004.000C: input,hidraw0: USB HID v1.01 Mouse [Adafruit    Adafruit Flora  ] on usb-0000:00:1a.0-1.2/input2
[107300.558298] usb 1-1.2: USB disconnect, device number 34
[107301.266661] usb 1-1.2: new full-speed USB device number 35 using ehci_hcd
[107304.160485] usb 1-1.2: device not accepting address 35, error -32
[107304.176827] hub 1-1:1.0: unable to enumerate USB device on port 2
[107304.376436] usb 1-1.2: new full-speed USB device number 37 using ehci_hcd
[107304.470365] usb 1-1.2: New USB device found, idVendor=239a, idProduct=0004
[107304.470371] usb 1-1.2: New USB device strings: Mfr=2, Product=1, SerialNumber=0
[107304.470374] usb 1-1.2: Product: Adafruit Flora
[107304.470377] usb 1-1.2: Manufacturer: Adafruit In
[107304.471036] cdc_acm 1-1.2:1.0: ttyACM1: USB ACM device
[107305.930448] usb 1-1.2: USB disconnect, device number 37
[107306.894636] usb 1-1.2: new full-speed USB device number 38 using ehci_hcd
[107306.988566] usb 1-1.2: New USB device found, idVendor=239a, idProduct=0004
[107306.988572] usb 1-1.2: New USB device strings: Mfr=2, Product=1, SerialNumber=0
[107306.988575] usb 1-1.2: Product: Adafruit Flora
[107306.988578] usb 1-1.2: Manufacturer: Adafruit In
[107306.989216] cdc_acm 1-1.2:1.0: ttyACM1: USB ACM device
[107307.465351] usb 1-1.2: USB disconnect, device number 38
[107308.173722] usb 1-1.2: new full-speed USB device number 39 using ehci_hcd
[107308.267652] usb 1-1.2: New USB device found, idVendor=239a, idProduct=0004
[107308.267657] usb 1-1.2: New USB device strings: Mfr=2, Product=1, SerialNumber=0
[107308.267661] usb 1-1.2: Product: Adafruit Flora
[107308.267663] usb 1-1.2: Manufacturer: Adafruit In
[107308.268327] cdc_acm 1-1.2:1.0: ttyACM1: USB ACM device
[107315.139863] usb 1-1.2: USB disconnect, device number 39
[107315.468631] usb 1-1.2: new full-speed USB device number 40 using ehci_hcd
[107315.562437] usb 1-1.2: New USB device found, idVendor=239a, idProduct=0004
[107315.562442] usb 1-1.2: New USB device strings: Mfr=2, Product=1, SerialNumber=0
[107315.562446] usb 1-1.2: Product: Adafruit Flora
[107315.562448] usb 1-1.2: Manufacturer: Adafruit In
[107315.563123] cdc_acm 1-1.2:1.0: ttyACM1: USB ACM device
[107317.442345] usb 1-1.2: USB disconnect, device number 40
[107318.150721] usb 1-1.2: new full-speed USB device number 41 using ehci_hcd
[107318.244521] usb 1-1.2: New USB device found, idVendor=239a, idProduct=0004
[107318.244527] usb 1-1.2: New USB device strings: Mfr=2, Product=1, SerialNumber=0
[107318.244530] usb 1-1.2: Product: Adafruit Flora
[107318.244533] usb 1-1.2: Manufacturer: Adafruit In
[107318.245200] cdc_acm 1-1.2:1.0: ttyACM1: USB ACM device
[107319.233065] usb 1-1.2: USB disconnect, device number 41
[107319.941441] usb 1-1.2: new full-speed USB device number 42 using ehci_hcd
[107320.034992] usb 1-1.2: New USB device found, idVendor=239a, idProduct=0004
[107320.034997] usb 1-1.2: New USB device strings: Mfr=2, Product=1, SerialNumber=0
[107320.035000] usb 1-1.2: Product: Adafruit Flora
[107320.035003] usb 1-1.2: Manufacturer: Adafruit In
[107320.035672] cdc_acm 1-1.2:1.0: ttyACM1: USB ACM device
[107328.186535] usb 1-1.2: USB disconnect, device number 42
[107328.895155] usb 1-1.2: new full-speed USB device number 43 using ehci_hcd
[107329.790371] usb 1-1.2: device not accepting address 43, error -32
[107329.806750] hub 1-1:1.0: unable to enumerate USB device on port 2
[107330.006361] usb 1-1.2: new full-speed USB device number 45 using ehci_hcd
[107340.481935] usb 1-1.2: device not accepting address 45, error -110
[107340.550953] usb 1-1.2: new full-speed USB device number 46 using ehci_hcd
[107355.612308] usb 1-1.2: device descriptor read/64, error -110
[107366.365004] hub 1-1:1.0: unable to enumerate USB device on port 2
[107367.268218] usb 1-1.2: new full-speed USB device number 47 using ehci_hcd
[107367.361772] usb 1-1.2: New USB device found, idVendor=239a, idProduct=0004
[107367.361782] usb 1-1.2: New USB device strings: Mfr=2, Product=1, SerialNumber=0
[107367.361788] usb 1-1.2: Product: Adafruit Flora
[107367.361793] usb 1-1.2: Manufacturer: Adafruit In
[107367.362277] cdc_acm 1-1.2:1.0: ttyACM0: USB ACM device
[107377.303410] usb 1-1.2: USB disconnect, device number 47
[107377.504780] usb 1-1.2: new full-speed USB device number 48 using ehci_hcd
[107377.600955] usb 1-1.2: New USB device found, idVendor=239a, idProduct=8004
[107377.600960] usb 1-1.2: New USB device strings: Mfr=1, Product=2, SerialNumber=0
[107377.600963] usb 1-1.2: Product: Adafruit Flora  
[107377.600966] usb 1-1.2: Manufacturer: Adafruit   
[107377.601244] cdc_acm 1-1.2:1.0: This device cannot do calls on its own. It is not a modem.
[107377.601265] cdc_acm 1-1.2:1.0: ttyACM1: USB ACM device
[107377.603289] input: Adafruit    Adafruit Flora   as /devices/pci0000:00/0000:00:1a.0/usb1/1-1/1-1.2/1-1.2:1.2/input/input27
[107377.603659] generic-usb 0003:239A:8004.000D: input,hidraw0: USB HID v1.01 Mouse [Adafruit    Adafruit Flora  ] on usb-0000:00:1a.0-1.2/input2
[107846.727808] usb 1-1.2: USB disconnect, device number 48
[107847.180948] usb 1-1.2: new full-speed USB device number 49 using ehci_hcd
[107847.274625] usb 1-1.2: New USB device found, idVendor=239a, idProduct=0004
[107847.274630] usb 1-1.2: New USB device strings: Mfr=2, Product=1, SerialNumber=0
[107847.274633] usb 1-1.2: Product: Adafruit Flora
[107847.274635] usb 1-1.2: Manufacturer: Adafruit In
[107847.275266] cdc_acm 1-1.2:1.0: ttyACM0: USB ACM device
[107850.565023] usb 1-1.2: USB disconnect, device number 49
[107851.274024] usb 1-1.2: new full-speed USB device number 50 using ehci_hcd
[107851.367692] usb 1-1.2: New USB device found, idVendor=239a, idProduct=0004
[107851.367698] usb 1-1.2: New USB device strings: Mfr=2, Product=1, SerialNumber=0
[107851.367701] usb 1-1.2: Product: Adafruit Flora
[107851.367703] usb 1-1.2: Manufacturer: Adafruit In
[107851.368356] cdc_acm 1-1.2:1.0: ttyACM0: USB ACM device
[107861.309332] usb 1-1.2: USB disconnect, device number 50
[107861.510840] usb 1-1.2: new full-speed USB device number 51 using ehci_hcd
[107861.607006] usb 1-1.2: New USB device found, idVendor=239a, idProduct=8004
[107861.607017] usb 1-1.2: New USB device strings: Mfr=1, Product=2, SerialNumber=0
[107861.607023] usb 1-1.2: Product: Adafruit Flora  
[107861.607028] usb 1-1.2: Manufacturer: Adafruit   
[107861.607649] cdc_acm 1-1.2:1.0: This device cannot do calls on its own. It is not a modem.
[107861.607694] cdc_acm 1-1.2:1.0: ttyACM0: USB ACM device
[107861.610306] input: Adafruit    Adafruit Flora   as /devices/pci0000:00/0000:00:1a.0/usb1/1-1/1-1.2/1-1.2:1.2/input/input28
[107861.611462] generic-usb 0003:239A:8004.000E: input,hidraw0: USB HID v1.01 Mouse [Adafruit    Adafruit Flora  ] on usb-0000:00:1a.0-1.2/input2
[107878.704906] usb 1-1.2: USB disconnect, device number 51
[107879.122353] usb 1-1.2: new full-speed USB device number 52 using ehci_hcd
[107879.216016] usb 1-1.2: New USB device found, idVendor=239a, idProduct=0004
[107879.216021] usb 1-1.2: New USB device strings: Mfr=2, Product=1, SerialNumber=0
[107879.216024] usb 1-1.2: Product: Adafruit Flora
[107879.216026] usb 1-1.2: Manufacturer: Adafruit In
[107879.216467] cdc_acm 1-1.2:1.0: ttyACM1: USB ACM device
[107884.332857] usb 1-1.2: USB disconnect, device number 52
[107885.297937] usb 1-1.2: new full-speed USB device number 53 using ehci_hcd
[107885.391741] usb 1-1.2: New USB device found, idVendor=239a, idProduct=0004
[107885.391746] usb 1-1.2: New USB device strings: Mfr=2, Product=1, SerialNumber=0
[107885.391749] usb 1-1.2: Product: Adafruit Flora
[107885.391751] usb 1-1.2: Manufacturer: Adafruit In
[107885.392401] cdc_acm 1-1.2:1.0: ttyACM1: USB ACM device
[107895.077199] usb 1-1.2: USB disconnect, device number 53
[107895.278938] usb 1-1.2: new full-speed USB device number 54 using ehci_hcd
[107895.375235] usb 1-1.2: New USB device found, idVendor=239a, idProduct=8004
[107895.375245] usb 1-1.2: New USB device strings: Mfr=1, Product=2, SerialNumber=0
[107895.375251] usb 1-1.2: Product: Adafruit Flora  
[107895.375256] usb 1-1.2: Manufacturer: Adafruit   
[107895.375884] cdc_acm 1-1.2:1.0: This device cannot do calls on its own. It is not a modem.
[107895.375927] cdc_acm 1-1.2:1.0: ttyACM0: USB ACM device
[107895.378424] input: Adafruit    Adafruit Flora   as /devices/pci0000:00/0000:00:1a.0/usb1/1-1/1-1.2/1-1.2:1.2/input/input29
[107895.379155] generic-usb 0003:239A:8004.000F: input,hidraw0: USB HID v1.01 Mouse [Adafruit    Adafruit Flora  ] on usb-0000:00:1a.0-1.2/input2
[107900.695458] tty_port_close_start: tty->count = 1 port count = 0.
[107900.705266] usb 1-1.2: USB disconnect, device number 54
[107901.414678] usb 1-1.2: new full-speed USB device number 55 using ehci_hcd
[107901.508476] usb 1-1.2: New USB device found, idVendor=239a, idProduct=0004
[107901.508486] usb 1-1.2: New USB device strings: Mfr=2, Product=1, SerialNumber=0
[107901.508492] usb 1-1.2: Product: Adafruit Flora
[107901.508497] usb 1-1.2: Manufacturer: Adafruit In
[107901.509135] cdc_acm 1-1.2:1.0: ttyACM0: USB ACM device
[107911.193682] usb 1-1.2: USB disconnect, device number 55
[107911.391545] usb 1-1.2: new full-speed USB device number 56 using ehci_hcd
[107911.487721] usb 1-1.2: New USB device found, idVendor=239a, idProduct=8004
[107911.487733] usb 1-1.2: New USB device strings: Mfr=1, Product=2, SerialNumber=0
[107911.487739] usb 1-1.2: Product: Adafruit Flora  
[107911.487744] usb 1-1.2: Manufacturer: Adafruit   
[107911.488179] cdc_acm 1-1.2:1.0: This device cannot do calls on its own. It is not a modem.
[107911.488224] cdc_acm 1-1.2:1.0: ttyACM0: USB ACM device
[107911.490765] input: Adafruit    Adafruit Flora   as /devices/pci0000:00/0000:00:1a.0/usb1/1-1/1-1.2/1-1.2:1.2/input/input30
[107911.491443] generic-usb 0003:239A:8004.0010: input,hidraw0: USB HID v1.01 Mouse [Adafruit    Adafruit Flora  ] on usb-0000:00:1a.0-1.2/input2
[107918.612358] usb 1-1.2: USB disconnect, device number 56
[107919.321990] usb 1-1.2: new full-speed USB device number 57 using ehci_hcd
[107919.415773] usb 1-1.2: New USB device found, idVendor=239a, idProduct=0004
[107919.415778] usb 1-1.2: New USB device strings: Mfr=2, Product=1, SerialNumber=0
[107919.415781] usb 1-1.2: Product: Adafruit Flora
[107919.415784] usb 1-1.2: Manufacturer: Adafruit In
[107919.416423] cdc_acm 1-1.2:1.0: ttyACM1: USB ACM device
[107920.914716] usb 1-1.2: USB disconnect, device number 57
[107921.624336] usb 1-1.2: new full-speed USB device number 58 using ehci_hcd
[107932.096775] usb 1-1.2: device not accepting address 58, error -110
[107932.168922] usb 1-1.2: new full-speed USB device number 59 using ehci_hcd
[107942.178025] hub 1-1:1.0: unable to enumerate USB device on port 2
[107942.377636] usb 1-1.2: new full-speed USB device number 60 using ehci_hcd
[107942.471568] usb 1-1.2: New USB device found, idVendor=239a, idProduct=0004
[107942.471578] usb 1-1.2: New USB device strings: Mfr=2, Product=1, SerialNumber=0
[107942.471584] usb 1-1.2: Product: Adafruit Flora
[107942.471589] usb 1-1.2: Manufacturer: Adafruit In
[107942.472039] cdc_acm 1-1.2:1.0: ttyACM0: USB ACM device
[107950.845454] usb 1-1.2: USB disconnect, device number 60
[107951.043565] usb 1-1.2: new full-speed USB device number 61 using ehci_hcd
[107951.139864] usb 1-1.2: New USB device found, idVendor=239a, idProduct=8004
[107951.139875] usb 1-1.2: New USB device strings: Mfr=1, Product=2, SerialNumber=0
[107951.139882] usb 1-1.2: Product: Adafruit Flora  
[107951.139886] usb 1-1.2: Manufacturer: Adafruit   
[107951.140349] cdc_acm 1-1.2:1.0: This device cannot do calls on its own. It is not a modem.
[107951.140385] cdc_acm 1-1.2:1.0: ttyACM0: USB ACM device
[107951.143146] input: Adafruit    Adafruit Flora   as /devices/pci0000:00/0000:00:1a.0/usb1/1-1/1-1.2/1-1.2:1.2/input/input31
[107951.143815] generic-usb 0003:239A:8004.0011: input,hidraw0: USB HID v1.01 Mouse [Adafruit    Adafruit Flora  ] on usb-0000:00:1a.0-1.2/input2
[107956.984920] usb 1-1.2: USB disconnect, device number 61
[107957.694784] usb 1-1.2: new full-speed USB device number 62 using ehci_hcd
[107957.788460] usb 1-1.2: New USB device found, idVendor=239a, idProduct=0004
[107957.788465] usb 1-1.2: New USB device strings: Mfr=2, Product=1, SerialNumber=0
[107957.788468] usb 1-1.2: Product: Adafruit Flora
[107957.788471] usb 1-1.2: Manufacturer: Adafruit In
[107957.789114] cdc_acm 1-1.2:1.0: ttyACM1: USB ACM device
[107967.473411] usb 1-1.2: USB disconnect, device number 62
[107967.671787] usb 1-1.2: new full-speed USB device number 63 using ehci_hcd
[107967.767948] usb 1-1.2: New USB device found, idVendor=239a, idProduct=8004
[107967.767954] usb 1-1.2: New USB device strings: Mfr=1, Product=2, SerialNumber=0
[107967.767957] usb 1-1.2: Product: Adafruit Flora  
[107967.767959] usb 1-1.2: Manufacturer: Adafruit   
[107967.768276] cdc_acm 1-1.2:1.0: This device cannot do calls on its own. It is not a modem.
[107967.768299] cdc_acm 1-1.2:1.0: ttyACM1: USB ACM device
[107967.770415] input: Adafruit    Adafruit Flora   as /devices/pci0000:00/0000:00:1a.0/usb1/1-1/1-1.2/1-1.2:1.2/input/input32
[107967.770809] generic-usb 0003:239A:8004.0012: input,hidraw0: USB HID v1.01 Mouse [Adafruit    Adafruit Flora  ] on usb-0000:00:1a.0-1.2/input2
[108008.404284] usb 1-1.2: USB disconnect, device number 63
[108009.114529] usb 1-1.2: new full-speed USB device number 64 using ehci_hcd
[108009.208069] usb 1-1.2: New USB device found, idVendor=239a, idProduct=0004
[108009.208074] usb 1-1.2: New USB device strings: Mfr=2, Product=1, SerialNumber=0
[108009.208077] usb 1-1.2: Product: Adafruit Flora
[108009.208080] usb 1-1.2: Manufacturer: Adafruit In
[108009.208526] cdc_acm 1-1.2:1.0: ttyACM1: USB ACM device
[108019.148598] usb 1-1.2: USB disconnect, device number 64
[108019.347221] usb 1-1.2: new full-speed USB device number 65 using ehci_hcd
[108019.443525] usb 1-1.2: New USB device found, idVendor=239a, idProduct=8004
[108019.443535] usb 1-1.2: New USB device strings: Mfr=1, Product=2, SerialNumber=0
[108019.443541] usb 1-1.2: Product: Adafruit Flora  
[108019.443546] usb 1-1.2: Manufacturer: Adafruit   
[108019.444150] cdc_acm 1-1.2:1.0: This device cannot do calls on its own. It is not a modem.
[108019.444191] cdc_acm 1-1.2:1.0: ttyACM0: USB ACM device
[108019.446696] input: Adafruit    Adafruit Flora   as /devices/pci0000:00/0000:00:1a.0/usb1/1-1/1-1.2/1-1.2:1.2/input/input33
[108019.447813] generic-usb 0003:239A:8004.0013: input,hidraw0: USB HID v1.01 Mouse [Adafruit    Adafruit Flora  ] on usb-0000:00:1a.0-1.2/input2
[108045.753461] usb 1-1.2: USB disconnect, device number 65
[108046.464080] usb 1-1.2: new full-speed USB device number 66 using ehci_hcd
[108046.557885] usb 1-1.2: New USB device found, idVendor=239a, idProduct=0004
[108046.557895] usb 1-1.2: New USB device strings: Mfr=2, Product=1, SerialNumber=0
[108046.557901] usb 1-1.2: Product: Adafruit Flora
[108046.557906] usb 1-1.2: Manufacturer: Adafruit In
[108046.558544] cdc_acm 1-1.2:1.0: ttyACM0: USB ACM device
[108056.497902] usb 1-1.2: USB disconnect, device number 66
[108056.696894] usb 1-1.2: new full-speed USB device number 67 using ehci_hcd
[108056.793074] usb 1-1.2: New USB device found, idVendor=239a, idProduct=8004
[108056.793085] usb 1-1.2: New USB device strings: Mfr=1, Product=2, SerialNumber=0
[108056.793092] usb 1-1.2: Product: Adafruit Flora  
[108056.793097] usb 1-1.2: Manufacturer: Adafruit   
[108056.794511] cdc_acm 1-1.2:1.0: This device cannot do calls on its own. It is not a modem.
[108056.794548] cdc_acm 1-1.2:1.0: ttyACM0: USB ACM device
[108056.797231] input: Adafruit    Adafruit Flora   as /devices/pci0000:00/0000:00:1a.0/usb1/1-1/1-1.2/1-1.2:1.2/input/input34
[108056.797926] generic-usb 0003:239A:8004.0014: input,hidraw0: USB HID v1.01 Mouse [Adafruit    Adafruit Flora  ] on usb-0000:00:1a.0-1.2/input2
[108161.894418] usb 1-1.2: USB disconnect, device number 67
[108162.294256] usb 1-1.2: new full-speed USB device number 68 using ehci_hcd
[108162.388062] usb 1-1.2: New USB device found, idVendor=239a, idProduct=0004
[108162.388073] usb 1-1.2: New USB device strings: Mfr=2, Product=1, SerialNumber=0
[108162.388079] usb 1-1.2: Product: Adafruit Flora
[108162.388084] usb 1-1.2: Manufacturer: Adafruit In
[108162.388560] cdc_acm 1-1.2:1.0: ttyACM0: USB ACM device
[108172.383033] usb 1-1.2: USB disconnect, device number 68
[108172.583039] usb 1-1.2: new full-speed USB device number 69 using ehci_hcd
[108172.679213] usb 1-1.2: New USB device found, idVendor=239a, idProduct=8004
[108172.679223] usb 1-1.2: New USB device strings: Mfr=1, Product=2, SerialNumber=0
[108172.679229] usb 1-1.2: Product: Adafruit Flora  
[108172.679234] usb 1-1.2: Manufacturer: Adafruit   
[108172.679692] cdc_acm 1-1.2:1.0: This device cannot do calls on its own. It is not a modem.
[108172.679729] cdc_acm 1-1.2:1.0: ttyACM0: USB ACM device
[108172.682371] input: Adafruit    Adafruit Flora   as /devices/pci0000:00/0000:00:1a.0/usb1/1-1/1-1.2/1-1.2:1.2/input/input35
[108172.683092] generic-usb 0003:239A:8004.0015: input,hidraw0: USB HID v1.01 Mouse [Adafruit    Adafruit Flora  ] on usb-0000:00:1a.0-1.2/input2
