Aug 15 07:46:48 acer-desktop rsyslogd: [origin software="rsyslogd" swVersion="8.20.0" x-pid="14577" x-info="http://www.rsyslog.com"] rsyslogd was HUPed
Aug 15 07:46:49 acer-desktop rsyslogd: [origin software="rsyslogd" swVersion="8.20.0" x-pid="14577" x-info="http://www.rsyslog.com"] rsyslogd was HUPed
Aug 15 08:59:05 acer-desktop kernel: [781191.543283] usb 3-1.1.3.1: USB disconnect, device number 46
Aug 15 09:29:14 acer-desktop kernel: [782997.164650] usb 3-1.1.3.1: new high-speed USB device number 47 using ehci_hcd
Aug 15 09:29:14 acer-desktop kernel: [782997.256945] usb 3-1.1.3.1: New USB device found, idVendor=0424, idProduct=2504
Aug 15 09:29:14 acer-desktop kernel: [782997.256950] usb 3-1.1.3.1: New USB device strings: Mfr=0, Product=0, SerialNumber=0
Aug 15 09:29:14 acer-desktop kernel: [782997.257339] hub 3-1.1.3.1:1.0: USB hub found
Aug 15 09:29:14 acer-desktop kernel: [782997.257544] hub 3-1.1.3.1:1.0: 4 ports detected
Aug 15 17:27:55 acer-desktop kernel: [811668.392457] usb 3-1.1.3.1: USB disconnect, device number 47
Aug 16 03:28:49 acer-desktop kernel: [847661.119216] usb 3-1.1.3.1: new high-speed USB device number 48 using ehci_hcd
Aug 16 03:28:49 acer-desktop kernel: [847661.211249] usb 3-1.1.3.1: New USB device found, idVendor=0424, idProduct=2504
Aug 16 03:28:49 acer-desktop kernel: [847661.211254] usb 3-1.1.3.1: New USB device strings: Mfr=0, Product=0, SerialNumber=0
Aug 16 03:28:49 acer-desktop kernel: [847661.211781] hub 3-1.1.3.1:1.0: USB hub found
Aug 16 03:28:49 acer-desktop kernel: [847661.211870] hub 3-1.1.3.1:1.0: 4 ports detected
Aug 16 07:53:44 acer-desktop rsyslogd: [origin software="rsyslogd" swVersion="8.20.0" x-pid="14577" x-info="http://www.rsyslog.com"] rsyslogd was HUPed
Aug 16 13:00:16 acer-desktop kernel: [881888.534340] usb 3-1.1.3.1: USB disconnect, device number 48
Aug 16 16:23:55 acer-desktop kernel: [894087.375642] usb 3-1.1.3.1: new high-speed USB device number 49 using ehci_hcd
Aug 16 16:24:07 acer-desktop kernel: [894098.871823] usb 3-1.1.3.1: new high-speed USB device number 50 using ehci_hcd
Aug 16 16:24:07 acer-desktop kernel: [894098.964056] usb 3-1.1.3.1: New USB device found, idVendor=0424, idProduct=2504
Aug 16 16:24:07 acer-desktop kernel: [894098.964062] usb 3-1.1.3.1: New USB device strings: Mfr=0, Product=0, SerialNumber=0
Aug 16 16:24:07 acer-desktop kernel: [894098.964447] hub 3-1.1.3.1:1.0: USB hub found
Aug 16 16:24:07 acer-desktop kernel: [894098.964516] hub 3-1.1.3.1:1.0: 4 ports detected
Aug 17 07:41:10 acer-desktop rsyslogd: [origin software="rsyslogd" swVersion="8.20.0" x-pid="14577" x-info="http://www.rsyslog.com"] rsyslogd was HUPed
Aug 17 09:24:07 acer-desktop kernel: [955194.336534] usb 3-1.1.3.1: USB disconnect, device number 50
Aug 17 09:46:56 acer-desktop kernel: [956560.388183] usb 3-1.1.3.1: new high-speed USB device number 51 using ehci_hcd
Aug 17 09:46:56 acer-desktop kernel: [956560.480450] usb 3-1.1.3.1: New USB device found, idVendor=0424, idProduct=2504
Aug 17 09:46:56 acer-desktop kernel: [956560.480456] usb 3-1.1.3.1: New USB device strings: Mfr=0, Product=0, SerialNumber=0
Aug 17 09:46:56 acer-desktop kernel: [956560.481106] hub 3-1.1.3.1:1.0: USB hub found
Aug 17 09:46:56 acer-desktop kernel: [956560.481304] hub 3-1.1.3.1:1.0: 4 ports detected
Aug 17 10:18:14 acer-desktop rsyslogd: [origin software="rsyslogd" swVersion="8.20.0" x-pid="1159" x-info="http://www.rsyslog.com"] start
Aug 17 10:18:14 acer-desktop kernel: [    0.000000] Initializing cgroup subsys cpuset
Aug 17 10:18:14 acer-desktop kernel: [    0.000000] Initializing cgroup subsys cpu
Aug 17 10:18:14 acer-desktop kernel: [    0.000000] Linux version 3.2.0-4-amd64 (debian-kernel@lists.debian.org) (gcc version 4.6.3 (Debian 4.6.3-14) ) #1 SMP Debian 3.2.81-1
Aug 17 10:18:14 acer-desktop kernel: [    0.000000] Command line: BOOT_IMAGE=/vmlinuz-3.2.0-4-amd64 root=UUID=976bed30-38d8-43a3-a4d4-6869fb636fcb ro quiet
Aug 17 10:18:14 acer-desktop kernel: [    0.000000] BIOS-provided physical RAM map:
Aug 17 10:18:14 acer-desktop kernel: [    0.000000]  BIOS-e820: 0000000000000000 - 000000000008d800 (usable)
Aug 17 10:18:14 acer-desktop kernel: [    0.000000]  BIOS-e820: 000000000008d800 - 00000000000a0000 (reserved)
Aug 17 10:18:14 acer-desktop kernel: [    0.000000]  BIOS-e820: 00000000000e0000 - 0000000000100000 (reserved)
Aug 17 10:18:14 acer-desktop kernel: [    0.000000]  BIOS-e820: 0000000000100000 - 0000000020000000 (usable)
Aug 17 10:18:14 acer-desktop kernel: [    0.000000]  BIOS-e820: 0000000020000000 - 0000000020100000 (reserved)
Aug 17 10:18:14 acer-desktop kernel: [    0.000000]  BIOS-e820: 0000000020100000 - 0000000098a6f000 (usable)
Aug 17 10:18:14 acer-desktop kernel: [    0.000000]  BIOS-e820: 0000000098a6f000 - 0000000098a9f000 (reserved)
Aug 17 10:18:14 acer-desktop kernel: [    0.000000]  BIOS-e820: 0000000098a9f000 - 0000000098c36000 (usable)
Aug 17 10:18:14 acer-desktop kernel: [    0.000000]  BIOS-e820: 0000000098c36000 - 0000000099270000 (ACPI NVS)
Aug 17 10:18:14 acer-desktop kernel: [    0.000000]  BIOS-e820: 0000000099270000 - 0000000099b8b000 (reserved)
Aug 17 10:18:14 acer-desktop kernel: [    0.000000]  BIOS-e820: 0000000099b8b000 - 0000000099b8c000 (usable)
Aug 17 10:18:14 acer-desktop kernel: [    0.000000]  BIOS-e820: 0000000099b8c000 - 0000000099bce000 (reserved)
Aug 17 10:18:14 acer-desktop kernel: [    0.000000]  BIOS-e820: 0000000099bce000 - 0000000099d3d000 (usable)
Aug 17 10:18:14 acer-desktop kernel: [    0.000000]  BIOS-e820: 0000000099d3d000 - 0000000099ffa000 (reserved)
Aug 17 10:18:14 acer-desktop kernel: [    0.000000]  BIOS-e820: 0000000099ffa000 - 000000009a000000 (usable)
Aug 17 10:18:14 acer-desktop kernel: [    0.000000]  BIOS-e820: 00000000e00f8000 - 00000000e00f9000 (reserved)
Aug 17 10:18:14 acer-desktop kernel: [    0.000000]  BIOS-e820: 00000000fed01000 - 00000000fed02000 (reserved)
Aug 17 10:18:14 acer-desktop kernel: [    0.000000]  BIOS-e820: 00000000ffb00000 - 0000000100000000 (reserved)
Aug 17 10:18:14 acer-desktop kernel: [    0.000000]  BIOS-e820: 0000000100000000 - 0000000160000000 (usable)
Aug 17 10:18:14 acer-desktop kernel: [    0.000000] NX (Execute Disable) protection: active
Aug 17 10:18:14 acer-desktop kernel: [    0.000000] SMBIOS 2.8 present.
Aug 17 10:18:14 acer-desktop kernel: [    0.000000] No AGP bridge found
Aug 17 10:18:14 acer-desktop kernel: [    0.000000] last_pfn = 0x160000 max_arch_pfn = 0x400000000
Aug 17 10:18:14 acer-desktop kernel: [    0.000000] x86 PAT enabled: cpu 0, old 0x7040600070406, new 0x7010600070106
Aug 17 10:18:14 acer-desktop kernel: [    0.000000] last_pfn = 0x9a000 max_arch_pfn = 0x400000000
Aug 17 10:18:14 acer-desktop kernel: [    0.000000] found SMP MP-table at [ffff8800000fd640] fd640
Aug 17 10:18:14 acer-desktop kernel: [    0.000000] init_memory_mapping: 0000000000000000-000000009a000000
Aug 17 10:18:14 acer-desktop kernel: [    0.000000] init_memory_mapping: 0000000100000000-0000000160000000
Aug 17 10:18:14 acer-desktop kernel: [    0.000000] RAMDISK: 36852000 - 37421000
Aug 17 10:18:14 acer-desktop kernel: [    0.000000] ACPI: RSDP 0x00000000000F0490 00024 (v02 ACRSYS)
Aug 17 10:18:14 acer-desktop kernel: [    0.000000] ACPI: XSDT 0x00000000991C6080 0007C (v01 ACRSYS ACRPRDCT 01072009 AMI  00010013)
Aug 17 10:18:14 acer-desktop kernel: [    0.000000] ACPI: FACP 0x00000000991CFAD0 0010C (v05 ACRSYS ACRPRDCT 01072009 AMI  00010013)
Aug 17 10:18:14 acer-desktop kernel: [    0.000000] ACPI Warning: FADT (revision 5) is longer than ACPI 2.0 version, truncating length 268 to 244 (20110623/tbfadt-288)
Aug 17 10:18:14 acer-desktop kernel: [    0.000000] ACPI: DSDT 0x00000000991C6190 0993C (v02 ACRSYS ACRPRDCT 01072009 INTL 20120913)
Aug 17 10:18:14 acer-desktop kernel: [    0.000000] ACPI: FACS 0x000000009924CF80 00040
Aug 17 10:18:14 acer-desktop kernel: [    0.000000] ACPI: APIC 0x00000000991CFBE0 00084 (v03 ACRSYS ACRPRDCT 01072009 AMI  00010013)
Aug 17 10:18:14 acer-desktop kernel: [    0.000000] ACPI: FPDT 0x00000000991CFC68 00044 (v01 ACRSYS ACRPRDCT 01072009 AMI  00010013)
Aug 17 10:18:14 acer-desktop kernel: [    0.000000] ACPI: MCFG 0x00000000991CFCB0 0003C (v01 ACRSYS ACRPRDCT 01072009 MSFT 00000097)
Aug 17 10:18:14 acer-desktop kernel: [    0.000000] ACPI: LPIT 0x00000000991CFCF0 00104 (v01 ACRSYS ACRPRDCT 00000003 VLV2 0100000D)
Aug 17 10:18:14 acer-desktop kernel: [    0.000000] ACPI: SLIC 0x00000000991CFDF8 00176 (v01 ACRSYS ACRPRDCT 01072009 AMI  00010013)
Aug 17 10:18:14 acer-desktop kernel: [    0.000000] ACPI: HPET 0x00000000991CFF70 00038 (v01 ACRSYS ACRPRDCT 01072009 AMI. 00000005)
Aug 17 10:18:14 acer-desktop kernel: [    0.000000] ACPI: SSDT 0x00000000991CFFA8 00763 (v01 PmRef  CpuPm    00003000 INTL 20061109)
Aug 17 10:18:14 acer-desktop kernel: [    0.000000] ACPI: SSDT 0x00000000991D0710 00290 (v01 PmRef  Cpu0Tst  00003000 INTL 20061109)
Aug 17 10:18:14 acer-desktop kernel: [    0.000000] ACPI: SSDT 0x00000000991D09A0 0017A (v01 PmRef  ApTst    00003000 INTL 20061109)
Aug 17 10:18:14 acer-desktop kernel: [    0.000000] ACPI: UEFI 0x00000000991D0B20 00042 (v01 ACRSYS ACRPRDCT 00000000      00000000)
Aug 17 10:18:14 acer-desktop kernel: [    0.000000] No NUMA configuration found
Aug 17 10:18:14 acer-desktop kernel: [    0.000000] Faking a node at 0000000000000000-0000000160000000
Aug 17 10:18:14 acer-desktop kernel: [    0.000000] Initmem setup node 0 0000000000000000-0000000160000000
Aug 17 10:18:14 acer-desktop kernel: [    0.000000]   NODE_DATA [000000015fffb000 - 000000015fffffff]
Aug 17 10:18:14 acer-desktop kernel: [    0.000000] Zone PFN ranges:
Aug 17 10:18:14 acer-desktop kernel: [    0.000000]   DMA      0x00000010 -> 0x00001000
Aug 17 10:18:14 acer-desktop kernel: [    0.000000]   DMA32    0x00001000 -> 0x00100000
Aug 17 10:18:14 acer-desktop kernel: [    0.000000]   Normal   0x00100000 -> 0x00160000
Aug 17 10:18:14 acer-desktop kernel: [    0.000000] Movable zone start PFN for each node
Aug 17 10:18:14 acer-desktop kernel: [    0.000000] early_node_map[8] active PFN ranges
Aug 17 10:18:14 acer-desktop kernel: [    0.000000]     0: 0x00000010 -> 0x0000008d
Aug 17 10:18:14 acer-desktop kernel: [    0.000000]     0: 0x00000100 -> 0x00020000
Aug 17 10:18:14 acer-desktop mtp-probe: checking bus 3, device 8: "/sys/devices/pci0000:00/0000:00:1d.0/usb3/3-1/3-1.4/3-1.4.2"
Aug 17 10:18:14 acer-desktop kernel: [    0.000000]     0: 0x00020100 -> 0x00098a6f
Aug 17 10:18:14 acer-desktop kernel: [    0.000000]     0: 0x00098a9f -> 0x00098c36
Aug 17 10:18:14 acer-desktop kernel: [    0.000000]     0: 0x00099b8b -> 0x00099b8c
Aug 17 10:18:14 acer-desktop kernel: [    0.000000]     0: 0x00099bce -> 0x00099d3d
Aug 17 10:18:14 acer-desktop kernel: [    0.000000]     0: 0x00099ffa -> 0x0009a000
Aug 17 10:18:14 acer-desktop mtp-probe: checking bus 3, device 14: "/sys/devices/pci0000:00/0000:00:1d.0/usb3/3-1/3-1.4/3-1.4.3/3-1.4.3.4"
Aug 17 10:18:14 acer-desktop kernel: [    0.000000]     0: 0x00100000 -> 0x00160000
Aug 17 10:18:14 acer-desktop mtp-probe: checking bus 3, device 5: "/sys/devices/pci0000:00/0000:00:1d.0/usb3/3-1/3-1.1/3-1.1.2"
Aug 17 10:18:14 acer-desktop kernel: [    0.000000] ACPI: PM-Timer IO Port: 0x408
Aug 17 10:18:14 acer-desktop kernel: [    0.000000] ACPI: LAPIC (acpi_id[0x01] lapic_id[0x00] enabled)
Aug 17 10:18:14 acer-desktop kernel: [    0.000000] ACPI: LAPIC (acpi_id[0x02] lapic_id[0x02] enabled)
Aug 17 10:18:14 acer-desktop kernel: [    0.000000] ACPI: LAPIC (acpi_id[0x03] lapic_id[0x04] enabled)
Aug 17 10:18:14 acer-desktop mtp-probe: checking bus 3, device 12: "/sys/devices/pci0000:00/0000:00:1d.0/usb3/3-1/3-1.4/3-1.4.3/3-1.4.3.2"
Aug 17 10:18:14 acer-desktop kernel: [    0.000000] ACPI: LAPIC (acpi_id[0x04] lapic_id[0x06] enabled)
Aug 17 10:18:14 acer-desktop kernel: [    0.000000] ACPI: LAPIC_NMI (acpi_id[0x01] res edge lint[0x45])
Aug 17 10:18:14 acer-desktop kernel: [    0.000000] ACPI: NMI not connected to LINT 1!
Aug 17 10:18:14 acer-desktop kernel: [    0.000000] ACPI: LAPIC_NMI (acpi_id[0x02] dfl dfl lint[0x0])
Aug 17 10:18:14 acer-desktop kernel: [    0.000000] ACPI: NMI not connected to LINT 1!
Aug 17 10:18:14 acer-desktop mtp-probe: bus: 3, device: 8 was not an MTP device
Aug 17 10:18:14 acer-desktop kernel: [    0.000000] ACPI: LAPIC_NMI (acpi_id[0x03] high dfl lint[0x4])
Aug 17 10:18:14 acer-desktop kernel: [    0.000000] ACPI: NMI not connected to LINT 1!
Aug 17 10:18:14 acer-desktop kernel: [    0.000000] ACPI: LAPIC_NMI (acpi_id[0x04] dfl edge lint[0xa4])
Aug 17 10:18:14 acer-desktop kernel: [    0.000000] ACPI: NMI not connected to LINT 1!
Aug 17 10:18:14 acer-desktop mtp-probe: bus: 3, device: 14 was not an MTP device
Aug 17 10:18:14 acer-desktop kernel: [    0.000000] ACPI: IOAPIC (id[0x01] address[0xfec00000] gsi_base[0])
Aug 17 10:18:14 acer-desktop kernel: [    0.000000] IOAPIC[0]: apic_id 1, version 32, address 0xfec00000, GSI 0-86
Aug 17 10:18:14 acer-desktop mtp-probe: checking bus 3, device 13: "/sys/devices/pci0000:00/0000:00:1d.0/usb3/3-1/3-1.4/3-1.4.3/3-1.4.3.3"
Aug 17 10:18:14 acer-desktop mtp-probe: bus: 3, device: 5 was not an MTP device
Aug 17 10:18:14 acer-desktop mtp-probe: bus: 3, device: 12 was not an MTP device
Aug 17 10:18:14 acer-desktop mtp-probe: bus: 3, device: 13 was not an MTP device
Aug 17 10:18:14 acer-desktop kernel: [    0.000000] ACPI: INT_SRC_OVR (bus 0 bus_irq 0 global_irq 2 dfl dfl)
Aug 17 10:18:14 acer-desktop kernel: [    0.000000] ACPI: INT_SRC_OVR (bus 0 bus_irq 9 global_irq 9 high level)
Aug 17 10:18:14 acer-desktop kernel: [    0.000000] Using ACPI (MADT) for SMP configuration information
Aug 17 10:18:14 acer-desktop kernel: [    0.000000] ACPI: HPET id: 0x8086a201 base: 0xfed00000
Aug 17 10:18:14 acer-desktop kernel: [    0.000000] SMP: Allowing 4 CPUs, 0 hotplug CPUs
Aug 17 10:18:14 acer-desktop kernel: [    0.000000] PM: Registered nosave memory: 000000000008d000 - 000000000008e000
Aug 17 10:18:14 acer-desktop kernel: [    0.000000] PM: Registered nosave memory: 000000000008e000 - 00000000000a0000
Aug 17 10:18:14 acer-desktop kernel: [    0.000000] PM: Registered nosave memory: 00000000000a0000 - 00000000000e0000
Aug 17 10:18:14 acer-desktop kernel: [    0.000000] PM: Registered nosave memory: 00000000000e0000 - 0000000000100000
Aug 17 10:18:14 acer-desktop kernel: [    0.000000] PM: Registered nosave memory: 0000000020000000 - 0000000020100000
Aug 17 10:18:14 acer-desktop kernel: [    0.000000] PM: Registered nosave memory: 0000000098a6f000 - 0000000098a9f000
Aug 17 10:18:14 acer-desktop kernel: [    0.000000] PM: Registered nosave memory: 0000000098c36000 - 0000000099270000
Aug 17 10:18:14 acer-desktop kernel: [    0.000000] PM: Registered nosave memory: 0000000099270000 - 0000000099b8b000
Aug 17 10:18:14 acer-desktop kernel: [    0.000000] PM: Registered nosave memory: 0000000099b8c000 - 0000000099bce000
Aug 17 10:18:14 acer-desktop kernel: [    0.000000] PM: Registered nosave memory: 0000000099d3d000 - 0000000099ffa000
Aug 17 10:18:14 acer-desktop kernel: [    0.000000] PM: Registered nosave memory: 000000009a000000 - 00000000e00f8000
Aug 17 10:18:14 acer-desktop kernel: [    0.000000] PM: Registered nosave memory: 00000000e00f8000 - 00000000e00f9000
Aug 17 10:18:14 acer-desktop kernel: [    0.000000] PM: Registered nosave memory: 00000000e00f9000 - 00000000fed01000
Aug 17 10:18:14 acer-desktop kernel: [    0.000000] PM: Registered nosave memory: 00000000fed01000 - 00000000fed02000
Aug 17 10:18:14 acer-desktop kernel: [    0.000000] PM: Registered nosave memory: 00000000fed02000 - 00000000ffb00000
Aug 17 10:18:14 acer-desktop kernel: [    0.000000] PM: Registered nosave memory: 00000000ffb00000 - 0000000100000000
Aug 17 10:18:14 acer-desktop kernel: [    0.000000] Allocating PCI resources starting at 9a000000 (gap: 9a000000:460f8000)
Aug 17 10:18:14 acer-desktop kernel: [    0.000000] Booting paravirtualized kernel on bare hardware
Aug 17 10:18:14 acer-desktop kernel: [    0.000000] setup_percpu: NR_CPUS:512 nr_cpumask_bits:512 nr_cpu_ids:4 nr_node_ids:1
Aug 17 10:18:14 acer-desktop kernel: [    0.000000] PERCPU: Embedded 27 pages/cpu @ffff88015fc00000 s78912 r8192 d23488 u524288
Aug 17 10:18:14 acer-desktop kernel: [    0.000000] Built 1 zonelists in Node order, mobility grouping on.  Total pages: 999156
Aug 17 10:18:14 acer-desktop kernel: [    0.000000] Policy zone: Normal
Aug 17 10:18:14 acer-desktop kernel: [    0.000000] Kernel command line: BOOT_IMAGE=/vmlinuz-3.2.0-4-amd64 root=UUID=976bed30-38d8-43a3-a4d4-6869fb636fcb ro quiet
Aug 17 10:18:14 acer-desktop kernel: [    0.000000] PID hash table entries: 4096 (order: 3, 32768 bytes)
Aug 17 10:18:14 acer-desktop kernel: [    0.000000] Checking aperture...
Aug 17 10:18:14 acer-desktop kernel: [    0.000000] No AGP bridge found
Aug 17 10:18:14 acer-desktop kernel: [    0.000000] Memory: 3928980k/5767168k available (3445k kernel code, 1691676k absent, 146512k reserved, 3294k data, 584k init)
Aug 17 10:18:14 acer-desktop kernel: [    0.000000] Hierarchical RCU implementation.
Aug 17 10:18:14 acer-desktop kernel: [    0.000000] 	RCU dyntick-idle grace-period acceleration is enabled.
Aug 17 10:18:14 acer-desktop kernel: [    0.000000] NR_IRQS:33024 nr_irqs:1024 16
Aug 17 10:18:14 acer-desktop kernel: [    0.000000] Extended CMOS year: 2000
Aug 17 10:18:14 acer-desktop kernel: [    0.000000] Console: colour VGA+ 80x25
Aug 17 10:18:14 acer-desktop kernel: [    0.000000] console [tty0] enabled
Aug 17 10:18:14 acer-desktop kernel: [    0.000000] Fast TSC calibration failed
Aug 17 10:18:14 acer-desktop kernel: [    0.008000] TSC: PIT calibration matches HPET. 1 loops
Aug 17 10:18:14 acer-desktop kernel: [    0.008000] Detected 2416.643 MHz processor.
Aug 17 10:18:14 acer-desktop kernel: [    0.000003] Calibrating delay loop (skipped), value calculated using timer frequency.. 4833.28 BogoMIPS (lpj=9666572)
Aug 17 10:18:14 acer-desktop kernel: [    0.000009] pid_max: default: 32768 minimum: 301
Aug 17 10:18:14 acer-desktop kernel: [    0.000077] Security Framework initialized
Aug 17 10:18:14 acer-desktop kernel: [    0.000084] AppArmor: AppArmor disabled by boot time parameter
Aug 17 10:18:14 acer-desktop kernel: [    0.000488] Dentry cache hash table entries: 524288 (order: 10, 4194304 bytes)
Aug 17 10:18:14 acer-desktop kernel: [    0.002130] Inode-cache hash table entries: 262144 (order: 9, 2097152 bytes)
Aug 17 10:18:14 acer-desktop kernel: [    0.002866] Mount-cache hash table entries: 256
Aug 17 10:18:14 acer-desktop kernel: [    0.003042] Initializing cgroup subsys cpuacct
Aug 17 10:18:14 acer-desktop kernel: [    0.003050] Initializing cgroup subsys memory
Aug 17 10:18:14 acer-desktop kernel: [    0.003065] Initializing cgroup subsys devices
Aug 17 10:18:14 acer-desktop kernel: [    0.003070] Initializing cgroup subsys freezer
Aug 17 10:18:14 acer-desktop kernel: [    0.003073] Initializing cgroup subsys net_cls
Aug 17 10:18:14 acer-desktop kernel: [    0.003076] Initializing cgroup subsys blkio
Aug 17 10:18:14 acer-desktop kernel: [    0.003085] Initializing cgroup subsys perf_event
Aug 17 10:18:14 acer-desktop kernel: [    0.003119] CPU: Physical Processor ID: 0
Aug 17 10:18:14 acer-desktop kernel: [    0.003122] CPU: Processor Core ID: 0
Aug 17 10:18:14 acer-desktop kernel: [    0.003127] ENERGY_PERF_BIAS: Set to 'normal', was 'performance'
Aug 17 10:18:14 acer-desktop kernel: [    0.003129] ENERGY_PERF_BIAS: View and update with x86_energy_perf_policy(8)
Aug 17 10:18:14 acer-desktop kernel: [    0.008324] mce: CPU supports 6 MCE banks
Aug 17 10:18:14 acer-desktop kernel: [    0.008338] using mwait in idle threads.
Aug 17 10:18:14 acer-desktop kernel: [    0.008743] ACPI: Core revision 20110623
Aug 17 10:18:14 acer-desktop kernel: [    0.019026] ..TIMER: vector=0x30 apic1=0 pin1=2 apic2=0 pin2=0
Aug 17 10:18:14 acer-desktop kernel: [    0.058644] CPU0: Intel(R) Pentium(R) CPU  J2900  @ 2.41GHz stepping 08
Aug 17 10:18:14 acer-desktop kernel: [    0.165126] Performance Events: no PEBS fmt2+, generic architected perfmon, Intel PMU driver.
Aug 17 10:18:14 acer-desktop kernel: [    0.165135] ... version:                3
Aug 17 10:18:14 acer-desktop kernel: [    0.165137] ... bit width:              40
Aug 17 10:18:14 acer-desktop kernel: [    0.165139] ... generic registers:      2
Aug 17 10:18:14 acer-desktop kernel: [    0.165142] ... value mask:             000000ffffffffff
Aug 17 10:18:14 acer-desktop kernel: [    0.165144] ... max period:             000000007fffffff
Aug 17 10:18:14 acer-desktop kernel: [    0.165146] ... fixed-purpose events:   3
Aug 17 10:18:14 acer-desktop kernel: [    0.165148] ... event mask:             0000000700000003
Aug 17 10:18:14 acer-desktop kernel: [    0.165411] NMI watchdog enabled, takes one hw-pmu counter.
Aug 17 10:18:14 acer-desktop kernel: [    0.165614] Booting Node   0, Processors  #1
Aug 17 10:18:14 acer-desktop kernel: [    0.277786] NMI watchdog enabled, takes one hw-pmu counter.
Aug 17 10:18:14 acer-desktop kernel: [    0.277980]  #2
Aug 17 10:18:14 acer-desktop kernel: [    0.389532] NMI watchdog enabled, takes one hw-pmu counter.
Aug 17 10:18:14 acer-desktop kernel: [    0.389697]  #3 Ok.
Aug 17 10:18:14 acer-desktop kernel: [    0.501347] NMI watchdog enabled, takes one hw-pmu counter.
Aug 17 10:18:14 acer-desktop kernel: [    0.501385] Brought up 4 CPUs
Aug 17 10:18:14 acer-desktop kernel: [    0.501389] Total of 4 processors activated (19332.59 BogoMIPS).
Aug 17 10:18:14 acer-desktop kernel: [    0.502350] devtmpfs: initialized
Aug 17 10:18:14 acer-desktop kernel: [    0.504917] PM: Registering ACPI NVS region at 98c36000 (6529024 bytes)
Aug 17 10:18:14 acer-desktop kernel: [    0.505477] print_constraints: dummy: 
Aug 17 10:18:14 acer-desktop kernel: [    0.505575] NET: Registered protocol family 16
Aug 17 10:18:14 acer-desktop kernel: [    0.505725] ACPI: bus type pci registered
Aug 17 10:18:14 acer-desktop kernel: [    0.505818] PCI: MMCONFIG for domain 0000 [bus 00-ff] at [mem 0xe0000000-0xefffffff] (base 0xe0000000)
Aug 17 10:18:14 acer-desktop kernel: [    0.505822] PCI: not using MMCONFIG
Aug 17 10:18:14 acer-desktop kernel: [    0.505825] PCI: Using configuration type 1 for base access
Aug 17 10:18:14 acer-desktop kernel: [    0.507062] bio: create slab <bio-0> at 0
Aug 17 10:18:14 acer-desktop kernel: [    0.507306] ACPI: Added _OSI(Module Device)
Aug 17 10:18:14 acer-desktop kernel: [    0.507313] ACPI: Added _OSI(Processor Device)
Aug 17 10:18:14 acer-desktop kernel: [    0.507318] ACPI: Added _OSI(3.0 _SCP Extensions)
Aug 17 10:18:14 acer-desktop kernel: [    0.507324] ACPI: Added _OSI(Processor Aggregator Device)
Aug 17 10:18:14 acer-desktop kernel: [    0.541479] ACPI: SSDT 0x0000000098A97598 00521 (v01 PmRef  Cpu0Ist  00003000 INTL 20061109)
Aug 17 10:18:14 acer-desktop kernel: [    0.542039] ACPI: Dynamic OEM Table Load:
Aug 17 10:18:14 acer-desktop kernel: [    0.542044] ACPI: SSDT 0x0000000000000000 00521 (v01 PmRef  Cpu0Ist  00003000 INTL 20061109)
Aug 17 10:18:14 acer-desktop kernel: [    0.542292] ACPI: SSDT 0x0000000098A96918 00433 (v01 PmRef  Cpu0Cst  00003001 INTL 20061109)
Aug 17 10:18:14 acer-desktop kernel: [    0.542841] ACPI: Dynamic OEM Table Load:
Aug 17 10:18:14 acer-desktop kernel: [    0.542845] ACPI: SSDT 0x0000000000000000 00433 (v01 PmRef  Cpu0Cst  00003001 INTL 20061109)
Aug 17 10:18:14 acer-desktop kernel: [    0.565011] ACPI: SSDT 0x0000000098A98E18 0015F (v01 PmRef  ApIst    00003000 INTL 20061109)
Aug 17 10:18:14 acer-desktop kernel: [    0.565605] ACPI: Dynamic OEM Table Load:
Aug 17 10:18:14 acer-desktop kernel: [    0.565609] ACPI: SSDT 0x0000000000000000 0015F (v01 PmRef  ApIst    00003000 INTL 20061109)
Aug 17 10:18:14 acer-desktop kernel: [    0.576682] ACPI: SSDT 0x0000000098A99F18 0008D (v01 PmRef  ApCst    00003000 INTL 20061109)
Aug 17 10:18:14 acer-desktop kernel: [    0.577233] ACPI: Dynamic OEM Table Load:
Aug 17 10:18:14 acer-desktop kernel: [    0.577237] ACPI: SSDT 0x0000000000000000 0008D (v01 PmRef  ApCst    00003000 INTL 20061109)
Aug 17 10:18:14 acer-desktop kernel: [    0.589627] ACPI: Interpreter enabled
Aug 17 10:18:14 acer-desktop kernel: [    0.589634] ACPI: (supports S0 S3 S4 S5)
Aug 17 10:18:14 acer-desktop kernel: [    0.589675] ACPI: Using IOAPIC for interrupt routing
Aug 17 10:18:14 acer-desktop kernel: [    0.589715] PCI: MMCONFIG for domain 0000 [bus 00-ff] at [mem 0xe0000000-0xefffffff] (base 0xe0000000)
Aug 17 10:18:14 acer-desktop kernel: [    0.590480] PCI: MMCONFIG at [mem 0xe0000000-0xefffffff] reserved in ACPI motherboard resources
Aug 17 10:18:14 acer-desktop kernel: [    1.020115] ACPI: Power Resource [USBC] (on)
Aug 17 10:18:14 acer-desktop kernel: [    1.020428] ACPI: Power Resource [FN00] (off)
Aug 17 10:18:14 acer-desktop kernel: [    1.021332] ACPI: No dock devices found.
Aug 17 10:18:14 acer-desktop kernel: [    1.021335] HEST: Table not found.
Aug 17 10:18:14 acer-desktop kernel: [    1.021341] PCI: Using host bridge windows from ACPI; if necessary, use "pci=nocrs" and report a bug
Aug 17 10:18:14 acer-desktop kernel: [    1.021743] ACPI: PCI Root Bridge [PCI0] (domain 0000 [bus 00-ff])
Aug 17 10:18:14 acer-desktop kernel: [    1.022260] pci_root PNP0A08:00: host bridge window [io  0x0000-0x006f]
Aug 17 10:18:14 acer-desktop kernel: [    1.022265] pci_root PNP0A08:00: host bridge window [io  0x0078-0x0cf7]
Aug 17 10:18:14 acer-desktop kernel: [    1.022269] pci_root PNP0A08:00: host bridge window [io  0x0d00-0xffff]
Aug 17 10:18:14 acer-desktop kernel: [    1.022272] pci_root PNP0A08:00: host bridge window [mem 0x000a0000-0x000bffff]
Aug 17 10:18:14 acer-desktop kernel: [    1.022276] pci_root PNP0A08:00: host bridge window [mem 0x000c0000-0x000dffff]
Aug 17 10:18:14 acer-desktop kernel: [    1.022279] pci_root PNP0A08:00: host bridge window [mem 0x000e0000-0x000fffff]
Aug 17 10:18:14 acer-desktop kernel: [    1.022283] pci_root PNP0A08:00: host bridge window [mem 0xa0000000-0xb0816ffe]
Aug 17 10:18:14 acer-desktop kernel: [    1.031620] pci 0000:00:1c.0: PCI bridge to [bus 01-01]
Aug 17 10:18:14 acer-desktop kernel: [    1.031683] pci 0000:00:1c.1: PCI bridge to [bus 02-02]
Aug 17 10:18:14 acer-desktop kernel: [    1.039597] pci 0000:00:1c.2: PCI bridge to [bus 03-03]
Aug 17 10:18:14 acer-desktop kernel: [    1.040354]  pci0000:00: Requesting ACPI _OSC control (0x1d)
Aug 17 10:18:14 acer-desktop kernel: [    1.040473]  pci0000:00: ACPI _OSC request failed (AE_ERROR), returned control mask: 0x1d
Aug 17 10:18:14 acer-desktop kernel: [    1.040475] ACPI _OSC control for PCIe not granted, disabling ASPM
Aug 17 10:18:14 acer-desktop kernel: [    3.436467] ACPI: PCI Interrupt Link [LNKA] (IRQs 3 4 5 6 10 *11 12 14 15)
Aug 17 10:18:14 acer-desktop kernel: [    3.436571] ACPI: PCI Interrupt Link [LNKB] (IRQs 3 *4 5 6 10 11 12 14 15)
Aug 17 10:18:14 acer-desktop kernel: [    3.436673] ACPI: PCI Interrupt Link [LNKC] (IRQs 3 4 5 6 10 *11 12 14 15)
Aug 17 10:18:14 acer-desktop kernel: [    3.436774] ACPI: PCI Interrupt Link [LNKD] (IRQs 3 4 5 6 *10 11 12 14 15)
Aug 17 10:18:14 acer-desktop kernel: [    3.436879] ACPI: PCI Interrupt Link [LNKE] (IRQs 3 4 *5 6 10 11 12 14 15)
Aug 17 10:18:14 acer-desktop kernel: [    3.436980] ACPI: PCI Interrupt Link [LNKF] (IRQs 3 4 5 6 10 11 12 14 15) *0, disabled.
Aug 17 10:18:14 acer-desktop kernel: [    3.437088] ACPI: PCI Interrupt Link [LNKG] (IRQs *3 4 5 6 10 11 12 14 15)
Aug 17 10:18:14 acer-desktop kernel: [    3.437190] ACPI: PCI Interrupt Link [LNKH] (IRQs 3 4 5 6 *10 11 12 14 15)
Aug 17 10:18:14 acer-desktop kernel: [    3.437365] vgaarb: device added: PCI:0000:00:02.0,decodes=io+mem,owns=io+mem,locks=none
Aug 17 10:18:14 acer-desktop kernel: [    3.437376] vgaarb: loaded
Aug 17 10:18:14 acer-desktop kernel: [    3.437378] vgaarb: bridge control possible 0000:00:02.0
Aug 17 10:18:14 acer-desktop kernel: [    3.437442] PCI: Using ACPI for IRQ routing
Aug 17 10:18:14 acer-desktop kernel: [    3.443337] hpet0: at MMIO 0xfed00000, IRQs 2, 8, 0
Aug 17 10:18:14 acer-desktop kernel: [    3.443344] hpet0: 3 comparators, 64-bit 14.318180 MHz counter
Aug 17 10:18:14 acer-desktop kernel: [    3.446363] Switching to clocksource hpet
Aug 17 10:18:14 acer-desktop kernel: [    3.448944] pnp: PnP ACPI init
Aug 17 10:18:14 acer-desktop kernel: [    3.448969] ACPI: bus type pnp registered
Aug 17 10:18:14 acer-desktop kernel: [    3.449138] pnp 00:01: IRQ 8 override to edge, high
Aug 17 10:18:14 acer-desktop kernel: [    3.449857] system 00:04: [io  0x0680-0x069f] has been reserved
Aug 17 10:18:14 acer-desktop kernel: [    3.449862] system 00:04: [io  0x0400-0x047f] could not be reserved
Aug 17 10:18:14 acer-desktop kernel: [    3.449867] system 00:04: [io  0x0500-0x05fe] has been reserved
Aug 17 10:18:14 acer-desktop kernel: [    3.449871] system 00:04: [io  0x0600-0x061f] has been reserved
Aug 17 10:18:14 acer-desktop kernel: [    3.450208] system 00:05: [io  0x0a00-0x0a1f] has been reserved
Aug 17 10:18:14 acer-desktop kernel: [    3.450213] system 00:05: [io  0x0a20-0x0a2f] has been reserved
Aug 17 10:18:14 acer-desktop kernel: [    3.450217] system 00:05: [io  0x0a30-0x0a3f] has been reserved
Aug 17 10:18:14 acer-desktop kernel: [    3.650386] system 00:06: [mem 0xe0000000-0xefffffff] could not be reserved
Aug 17 10:18:14 acer-desktop kernel: [    3.650391] system 00:06: [mem 0xfed01000-0xfed01fff] has been reserved
Aug 17 10:18:14 acer-desktop kernel: [    3.650396] system 00:06: [mem 0xfed03000-0xfed03fff] has been reserved
Aug 17 10:18:14 acer-desktop kernel: [    3.650403] system 00:06: [mem 0xfed04000-0xfed04fff] has been reserved
Aug 17 10:18:14 acer-desktop kernel: [    3.650407] system 00:06: [mem 0xfed0c000-0xfed0ffff] has been reserved
Aug 17 10:18:14 acer-desktop kernel: [    3.650411] system 00:06: [mem 0xfed08000-0xfed08fff] has been reserved
Aug 17 10:18:14 acer-desktop kernel: [    3.650416] system 00:06: [mem 0xfed1c000-0xfed1cfff] has been reserved
Aug 17 10:18:14 acer-desktop kernel: [    3.650420] system 00:06: [mem 0xfee00000-0xfeefffff] has been reserved
Aug 17 10:18:14 acer-desktop kernel: [    3.650424] system 00:06: [mem 0xfef00000-0xfeffffff] has been reserved
Aug 17 10:18:14 acer-desktop kernel: [    3.650768] pnp: PnP ACPI: found 7 devices
Aug 17 10:18:14 acer-desktop kernel: [    3.650771] ACPI: ACPI bus type pnp unregistered
Aug 17 10:18:14 acer-desktop kernel: [    3.660624] pci 0000:00:1c.2: BAR 15: can't assign mem pref (size 0x200000)
Aug 17 10:18:14 acer-desktop kernel: [    3.660630] pci 0000:00:1c.1: BAR 14: can't assign mem (size 0x200000)
Aug 17 10:18:14 acer-desktop kernel: [    3.660636] pci 0000:00:1c.1: BAR 15: can't assign mem pref (size 0x200000)
Aug 17 10:18:14 acer-desktop kernel: [    3.660643] pci 0000:00:1c.1: BAR 13: assigned [io  0x1000-0x1fff]
Aug 17 10:18:14 acer-desktop kernel: [    3.660648] pci 0000:00:1c.0: BAR 15: can't assign mem pref (size 0x200000)
Aug 17 10:18:14 acer-desktop kernel: [    3.660654] pci 0000:00:1c.0: BAR 13: assigned [io  0x2000-0x2fff]
Aug 17 10:18:14 acer-desktop kernel: [    3.660658] pci 0000:00:1c.0: PCI bridge to [bus 01-01]
Aug 17 10:18:14 acer-desktop kernel: [    3.660663] pci 0000:00:1c.0:   bridge window [io  0x2000-0x2fff]
Aug 17 10:18:14 acer-desktop kernel: [    3.660668] pci 0000:00:1c.0:   bridge window [mem 0xb0700000-0xb07fffff]
Aug 17 10:18:14 acer-desktop kernel: [    3.660676] pci 0000:00:1c.1: PCI bridge to [bus 02-02]
Aug 17 10:18:14 acer-desktop kernel: [    3.660680] pci 0000:00:1c.1:   bridge window [io  0x1000-0x1fff]
Aug 17 10:18:14 acer-desktop kernel: [    3.660690] pci 0000:00:1c.2: PCI bridge to [bus 03-03]
Aug 17 10:18:14 acer-desktop kernel: [    3.660694] pci 0000:00:1c.2:   bridge window [io  0xe000-0xefff]
Aug 17 10:18:14 acer-desktop kernel: [    3.660699] pci 0000:00:1c.2:   bridge window [mem 0xb0600000-0xb06fffff]
Aug 17 10:18:14 acer-desktop kernel: [    3.660909] NET: Registered protocol family 2
Aug 17 10:18:14 acer-desktop kernel: [    3.665734] IP route cache hash table entries: 131072 (order: 8, 1048576 bytes)
Aug 17 10:18:14 acer-desktop kernel: [    3.667067] TCP established hash table entries: 524288 (order: 11, 8388608 bytes)
Aug 17 10:18:14 acer-desktop kernel: [    3.669854] TCP bind hash table entries: 65536 (order: 8, 1048576 bytes)
Aug 17 10:18:14 acer-desktop kernel: [    3.670182] TCP: Hash tables configured (established 524288 bind 65536)
Aug 17 10:18:14 acer-desktop kernel: [    3.670186] TCP reno registered
Aug 17 10:18:14 acer-desktop kernel: [    3.670208] UDP hash table entries: 2048 (order: 4, 65536 bytes)
Aug 17 10:18:14 acer-desktop kernel: [    3.670243] UDP-Lite hash table entries: 2048 (order: 4, 65536 bytes)
Aug 17 10:18:14 acer-desktop kernel: [    3.670432] NET: Registered protocol family 1
Aug 17 10:18:14 acer-desktop kernel: [    3.685954] Unpacking initramfs...
Aug 17 10:18:14 acer-desktop kernel: [    4.008536] Freeing initrd memory: 12092k freed
Aug 17 10:18:14 acer-desktop kernel: [    4.013198] PCI-DMA: Using software bounce buffering for IO (SWIOTLB)
Aug 17 10:18:14 acer-desktop kernel: [    4.013236] Placing 64MB software IO TLB between ffff880094a6f000 - ffff880098a6f000
Aug 17 10:18:14 acer-desktop kernel: [    4.013239] software IO TLB at phys 0x94a6f000 - 0x98a6f000
Aug 17 10:18:14 acer-desktop kernel: [    4.014084] audit: initializing netlink socket (disabled)
Aug 17 10:18:14 acer-desktop kernel: [    4.014100] type=2000 audit(1471429000.868:1): initialized
Aug 17 10:18:14 acer-desktop kernel: [    4.030875] HugeTLB registered 2 MB page size, pre-allocated 0 pages
Aug 17 10:18:14 acer-desktop kernel: [    4.032001] VFS: Disk quotas dquot_6.5.2
Aug 17 10:18:14 acer-desktop kernel: [    4.032071] Dquot-cache hash table entries: 512 (order 0, 4096 bytes)
Aug 17 10:18:14 acer-desktop kernel: [    4.032218] msgmni has been set to 7697
Aug 17 10:18:14 acer-desktop kernel: [    4.032496] alg: No test for stdrng (krng)
Aug 17 10:18:14 acer-desktop kernel: [    4.032566] Block layer SCSI generic (bsg) driver version 0.4 loaded (major 253)
Aug 17 10:18:14 acer-desktop kernel: [    4.032574] io scheduler noop registered
Aug 17 10:18:14 acer-desktop kernel: [    4.032578] io scheduler deadline registered
Aug 17 10:18:14 acer-desktop kernel: [    4.032624] io scheduler cfq registered (default)
Aug 17 10:18:14 acer-desktop kernel: [    4.032893] pci_hotplug: PCI Hot Plug PCI Core version: 0.5
Aug 17 10:18:14 acer-desktop kernel: [    4.032926] pciehp: PCI Express Hot Plug Controller Driver version: 0.4
Aug 17 10:18:14 acer-desktop kernel: [    4.032929] acpiphp: ACPI Hot Plug PCI Controller Driver version: 0.5
Aug 17 10:18:14 acer-desktop kernel: [    4.033637] ERST: Table is not found!
Aug 17 10:18:14 acer-desktop kernel: [    4.033640] GHES: HEST is not enabled!
Aug 17 10:18:14 acer-desktop kernel: [    4.033721] Serial: 8250/16550 driver, 4 ports, IRQ sharing enabled
Aug 17 10:18:14 acer-desktop kernel: [    4.053814] serial8250: ttyS0 at I/O 0x3f8 (irq = 4) is a 16550A
Aug 17 10:18:14 acer-desktop kernel: [    4.197565] Linux agpgart interface v0.103
Aug 17 10:18:14 acer-desktop kernel: [    4.197803] i8042: PNP: No PS/2 controller found. Probing ports directly.
Aug 17 10:18:14 acer-desktop kernel: [    4.198258] serio: i8042 KBD port at 0x60,0x64 irq 1
Aug 17 10:18:14 acer-desktop kernel: [    4.198274] serio: i8042 AUX port at 0x60,0x64 irq 12
Aug 17 10:18:14 acer-desktop kernel: [    4.198609] mousedev: PS/2 mouse device common for all mice
Aug 17 10:18:14 acer-desktop kernel: [    4.198736] rtc_cmos 00:00: RTC can wake from S4
Aug 17 10:18:14 acer-desktop kernel: [    4.198869] rtc_cmos 00:00: rtc core: registered rtc_cmos as rtc0
Aug 17 10:18:14 acer-desktop kernel: [    4.198902] rtc0: alarms up to one month, y3k, 242 bytes nvram, hpet irqs
Aug 17 10:18:14 acer-desktop kernel: [    4.198917] cpuidle: using governor ladder
Aug 17 10:18:14 acer-desktop kernel: [    4.198920] cpuidle: using governor menu
Aug 17 10:18:14 acer-desktop kernel: [    4.199279] TCP cubic registered
Aug 17 10:18:14 acer-desktop kernel: [    4.199355] NET: Registered protocol family 10
Aug 17 10:18:14 acer-desktop kernel: [    4.199961] Mobile IPv6
Aug 17 10:18:14 acer-desktop kernel: [    4.199966] NET: Registered protocol family 17
Aug 17 10:18:14 acer-desktop kernel: [    4.199972] Registering the dns_resolver key type
Aug 17 10:18:14 acer-desktop kernel: [    4.200262] registered taskstats version 1
Aug 17 10:18:14 acer-desktop kernel: [    4.201031] rtc_cmos 00:00: setting system clock to 2016-08-17 10:16:41 UTC (1471429001)
Aug 17 10:18:14 acer-desktop kernel: [    4.201143] Initializing network drop monitor service
Aug 17 10:18:14 acer-desktop kernel: [    4.203158] Freeing unused kernel memory: 584k freed
Aug 17 10:18:14 acer-desktop kernel: [    4.203320] Write protecting the kernel read-only data: 6144k
Aug 17 10:18:14 acer-desktop kernel: [    4.207355] Freeing unused kernel memory: 632k freed
Aug 17 10:18:14 acer-desktop kernel: [    4.211778] Freeing unused kernel memory: 680k freed
Aug 17 10:18:14 acer-desktop kernel: [    4.276035] thermal LNXTHERM:00: registered as thermal_zone0
Aug 17 10:18:14 acer-desktop kernel: [    4.276040] ACPI: Thermal Zone [TZ01] (42 C)
Aug 17 10:18:14 acer-desktop kernel: [    4.278182] SCSI subsystem initialized
Aug 17 10:18:14 acer-desktop kernel: [    4.279128] r8169 Gigabit Ethernet driver 2.3LK-NAPI loaded
Aug 17 10:18:14 acer-desktop kernel: [    4.279191] r8169 0000:03:00.0: (unregistered net_device): unknown MAC, using family default
Aug 17 10:18:14 acer-desktop kernel: [    4.279863] r8169 0000:03:00.0: eth0: RTL8168b/8111b at 0xffffc9000064a000, f8:0f:41:d2:26:c7, XID 0c000800 IRQ 103
Aug 17 10:18:14 acer-desktop kernel: [    4.279869] r8169 0000:03:00.0: eth0: jumbo features [frames: 4080 bytes, tx checksumming: ko]
Aug 17 10:18:14 acer-desktop kernel: [    4.280078] usbcore: registered new interface driver usbfs
Aug 17 10:18:14 acer-desktop kernel: [    4.280113] usbcore: registered new interface driver hub
Aug 17 10:18:14 acer-desktop kernel: [    4.280194] usbcore: registered new device driver usb
Aug 17 10:18:14 acer-desktop kernel: [    4.281258] xhci_hcd 0000:00:14.0: xHCI Host Controller
Aug 17 10:18:14 acer-desktop kernel: [    4.281304] xhci_hcd 0000:00:14.0: new USB bus registered, assigned bus number 1
Aug 17 10:18:14 acer-desktop kernel: [    4.281822] usb usb1: New USB device found, idVendor=1d6b, idProduct=0002
Aug 17 10:18:14 acer-desktop kernel: [    4.281826] usb usb1: New USB device strings: Mfr=3, Product=2, SerialNumber=1
Aug 17 10:18:14 acer-desktop kernel: [    4.281830] usb usb1: Product: xHCI Host Controller
Aug 17 10:18:14 acer-desktop kernel: [    4.281833] usb usb1: Manufacturer: Linux 3.2.0-4-amd64 xhci_hcd
Aug 17 10:18:14 acer-desktop kernel: [    4.281835] usb usb1: SerialNumber: 0000:00:14.0
Aug 17 10:18:14 acer-desktop kernel: [    4.282035] hub 1-0:1.0: USB hub found
Aug 17 10:18:14 acer-desktop kernel: [    4.282048] hub 1-0:1.0: 6 ports detected
Aug 17 10:18:14 acer-desktop kernel: [    4.282151] xhci_hcd 0000:00:14.0: xHCI Host Controller
Aug 17 10:18:14 acer-desktop kernel: [    4.282164] xhci_hcd 0000:00:14.0: new USB bus registered, assigned bus number 2
Aug 17 10:18:14 acer-desktop kernel: [    4.282194] usb usb2: New USB device found, idVendor=1d6b, idProduct=0003
Aug 17 10:18:14 acer-desktop kernel: [    4.282197] usb usb2: New USB device strings: Mfr=3, Product=2, SerialNumber=1
Aug 17 10:18:14 acer-desktop kernel: [    4.282201] usb usb2: Product: xHCI Host Controller
Aug 17 10:18:14 acer-desktop kernel: [    4.282204] usb usb2: Manufacturer: Linux 3.2.0-4-amd64 xhci_hcd
Aug 17 10:18:14 acer-desktop kernel: [    4.282207] usb usb2: SerialNumber: 0000:00:14.0
Aug 17 10:18:14 acer-desktop kernel: [    4.282358] hub 2-0:1.0: USB hub found
Aug 17 10:18:14 acer-desktop kernel: [    4.282366] hub 2-0:1.0: 1 port detected
Aug 17 10:18:14 acer-desktop kernel: [    4.290416] ehci_hcd: USB 2.0 'Enhanced' Host Controller (EHCI) Driver
Aug 17 10:18:14 acer-desktop kernel: [    4.293148] ACPI: Fan [FAN0] (off)
Aug 17 10:18:14 acer-desktop kernel: [    4.312741] ahci 0000:00:13.0: AHCI 0001.0300 32 slots 2 ports 3 Gbps 0x3 impl SATA mode
Aug 17 10:18:14 acer-desktop kernel: [    4.312753] ahci 0000:00:13.0: flags: 64bit ncq pm led clo pio slum part 
Aug 17 10:18:14 acer-desktop kernel: [    4.313272] scsi0 : ahci
Aug 17 10:18:14 acer-desktop kernel: [    4.313446] scsi1 : ahci
Aug 17 10:18:14 acer-desktop kernel: [    4.313524] ata1: SATA max UDMA/133 abar m2048@0xb0816000 port 0xb0816100 irq 105
Aug 17 10:18:14 acer-desktop kernel: [    4.313528] ata2: SATA max UDMA/133 abar m2048@0xb0816000 port 0xb0816180 irq 105
Aug 17 10:18:14 acer-desktop kernel: [    4.313619] ehci_hcd 0000:00:1d.0: EHCI Host Controller
Aug 17 10:18:14 acer-desktop kernel: [    4.313645] ehci_hcd 0000:00:1d.0: new USB bus registered, assigned bus number 3
Aug 17 10:18:14 acer-desktop kernel: [    4.313690] ehci_hcd 0000:00:1d.0: debug port 2
Aug 17 10:18:14 acer-desktop kernel: [    4.317616] ehci_hcd 0000:00:1d.0: irq 23, io mem 0xb0815000
Aug 17 10:18:14 acer-desktop kernel: [    4.332686] ehci_hcd 0000:00:1d.0: USB 2.0 started, EHCI 1.00
Aug 17 10:18:14 acer-desktop kernel: [    4.332739] usb usb3: New USB device found, idVendor=1d6b, idProduct=0002
Aug 17 10:18:14 acer-desktop kernel: [    4.332746] usb usb3: New USB device strings: Mfr=3, Product=2, SerialNumber=1
Aug 17 10:18:14 acer-desktop kernel: [    4.332753] usb usb3: Product: EHCI Host Controller
Aug 17 10:18:14 acer-desktop kernel: [    4.332758] usb usb3: Manufacturer: Linux 3.2.0-4-amd64 ehci_hcd
Aug 17 10:18:14 acer-desktop kernel: [    4.332763] usb usb3: SerialNumber: 0000:00:1d.0
Aug 17 10:18:14 acer-desktop kernel: [    4.332973] hub 3-0:1.0: USB hub found
Aug 17 10:18:14 acer-desktop kernel: [    4.332981] hub 3-0:1.0: 8 ports detected
Aug 17 10:18:14 acer-desktop kernel: [    4.640170] ata2: SATA link up 1.5 Gbps (SStatus 113 SControl 300)
Aug 17 10:18:14 acer-desktop kernel: [    4.640206] ata1: SATA link up 3.0 Gbps (SStatus 123 SControl 300)
Aug 17 10:18:14 acer-desktop kernel: [    4.640783] ata1.00: ATA-9: WDC WD10EZEX-21M2NA0, 01.01A01, max UDMA/133
Aug 17 10:18:14 acer-desktop kernel: [    4.640788] ata1.00: 1953525168 sectors, multi 16: LBA48 NCQ (depth 31/32), AA
Aug 17 10:18:14 acer-desktop kernel: [    4.641401] ata1.00: configured for UDMA/133
Aug 17 10:18:14 acer-desktop kernel: [    4.641579] scsi 0:0:0:0: Direct-Access     ATA      WDC WD10EZEX-21M 01.0 PQ: 0 ANSI: 5
Aug 17 10:18:14 acer-desktop kernel: [    4.644156] usb 3-1: new high-speed USB device number 2 using ehci_hcd
Aug 17 10:18:14 acer-desktop kernel: [    4.653961] ata2.00: ATAPI: MATSHITA DVD-RAM SW830, 1.01, max UDMA/100
Aug 17 10:18:14 acer-desktop kernel: [    4.666981] ata2.00: configured for UDMA/100
Aug 17 10:18:14 acer-desktop kernel: [    4.673982] scsi 1:0:0:0: CD-ROM            MATSHITA DVD-RAM SW830    1.01 PQ: 0 ANSI: 5
Aug 17 10:18:14 acer-desktop kernel: [    4.676959] sd 0:0:0:0: [sda] 1953525168 512-byte logical blocks: (1.00 TB/931 GiB)
Aug 17 10:18:14 acer-desktop kernel: [    4.676964] sd 0:0:0:0: [sda] 4096-byte physical blocks
Aug 17 10:18:14 acer-desktop kernel: [    4.677052] sd 0:0:0:0: [sda] Write Protect is off
Aug 17 10:18:14 acer-desktop kernel: [    4.677094] sd 0:0:0:0: [sda] Write cache: enabled, read cache: enabled, doesn't support DPO or FUA
Aug 17 10:18:14 acer-desktop kernel: [    4.682655] sr0: scsi3-mmc drive: 48x/48x writer dvd-ram cd/rw xa/form2 cdda tray
Aug 17 10:18:14 acer-desktop kernel: [    4.682662] cdrom: Uniform CD-ROM driver Revision: 3.20
Aug 17 10:18:14 acer-desktop kernel: [    4.776265] usb 3-1: New USB device found, idVendor=8087, idProduct=07e6
Aug 17 10:18:14 acer-desktop kernel: [    4.776273] usb 3-1: New USB device strings: Mfr=0, Product=0, SerialNumber=0
Aug 17 10:18:14 acer-desktop kernel: [    4.776594] hub 3-1:1.0: USB hub found
Aug 17 10:18:14 acer-desktop kernel: [    4.776761] hub 3-1:1.0: 4 ports detected
Aug 17 10:18:14 acer-desktop kernel: [    4.800582]  sda: sda1 sda2 sda3 sda4 < sda5 sda6 sda7 sda8 sda9 sda10 sda11 sda12 sda13 sda14 sda15 sda16 >
Aug 17 10:18:14 acer-desktop kernel: [    4.801964] sd 0:0:0:0: [sda] Attached SCSI disk
Aug 17 10:18:14 acer-desktop kernel: [    5.011527] Refined TSC clocksource calibration: 2416.664 MHz.
Aug 17 10:18:14 acer-desktop kernel: [    5.011538] Switching to clocksource tsc
Aug 17 10:18:14 acer-desktop kernel: [    5.047460] usb 3-1.1: new high-speed USB device number 3 using ehci_hcd
Aug 17 10:18:14 acer-desktop kernel: [    5.150747] usb 3-1.1: New USB device found, idVendor=05e3, idProduct=0610
Aug 17 10:18:14 acer-desktop kernel: [    5.150756] usb 3-1.1: New USB device strings: Mfr=1, Product=2, SerialNumber=0
Aug 17 10:18:14 acer-desktop kernel: [    5.150762] usb 3-1.1: Product: USB2.0 Hub
Aug 17 10:18:14 acer-desktop kernel: [    5.150767] usb 3-1.1: Manufacturer: GenesysLogic
Aug 17 10:18:14 acer-desktop kernel: [    5.152074] hub 3-1.1:1.0: USB hub found
Aug 17 10:18:14 acer-desktop kernel: [    5.153488] hub 3-1.1:1.0: 4 ports detected
Aug 17 10:18:14 acer-desktop kernel: [    5.231147] usb 3-1.4: new high-speed USB device number 4 using ehci_hcd
Aug 17 10:18:14 acer-desktop kernel: [    5.324451] usb 3-1.4: New USB device found, idVendor=05e3, idProduct=0608
Aug 17 10:18:14 acer-desktop kernel: [    5.324460] usb 3-1.4: New USB device strings: Mfr=0, Product=1, SerialNumber=0
Aug 17 10:18:14 acer-desktop kernel: [    5.324466] usb 3-1.4: Product: USB2.0 Hub
Aug 17 10:18:14 acer-desktop kernel: [    5.325024] hub 3-1.4:1.0: USB hub found
Aug 17 10:18:14 acer-desktop kernel: [    5.325318] hub 3-1.4:1.0: 4 ports detected
Aug 17 10:18:14 acer-desktop kernel: [    5.434795] usb 3-1.1.2: new high-speed USB device number 5 using ehci_hcd
Aug 17 10:18:14 acer-desktop kernel: [    5.588498] usb 3-1.1.2: New USB device found, idVendor=0bc2, idProduct=ab28
Aug 17 10:18:14 acer-desktop kernel: [    5.588507] usb 3-1.1.2: New USB device strings: Mfr=2, Product=3, SerialNumber=1
Aug 17 10:18:14 acer-desktop kernel: [    5.588514] usb 3-1.1.2: Product: BUP BK
Aug 17 10:18:14 acer-desktop kernel: [    5.588518] usb 3-1.1.2: Manufacturer: Seagate
Aug 17 10:18:14 acer-desktop kernel: [    5.588523] usb 3-1.1.2: SerialNumber: NA7P9DC9
Aug 17 10:18:14 acer-desktop kernel: [    5.662406] usb 3-1.1.3: new high-speed USB device number 6 using ehci_hcd
Aug 17 10:18:14 acer-desktop kernel: [    5.754841] usb 3-1.1.3: New USB device found, idVendor=1a40, idProduct=0101
Aug 17 10:18:14 acer-desktop kernel: [    5.754850] usb 3-1.1.3: New USB device strings: Mfr=0, Product=1, SerialNumber=0
Aug 17 10:18:14 acer-desktop kernel: [    5.754856] usb 3-1.1.3: Product: USB 2.0 Hub
Aug 17 10:18:14 acer-desktop kernel: [    5.755293] hub 3-1.1.3:1.0: USB hub found
Aug 17 10:18:14 acer-desktop kernel: [    5.755457] hub 3-1.1.3:1.0: 4 ports detected
Aug 17 10:18:14 acer-desktop kernel: [    5.826139] usb 3-1.4.1: new full-speed USB device number 7 using ehci_hcd
Aug 17 10:18:14 acer-desktop kernel: [    5.919747] usb 3-1.4.1: New USB device found, idVendor=04ca, idProduct=3006
Aug 17 10:18:14 acer-desktop kernel: [    5.919754] usb 3-1.4.1: New USB device strings: Mfr=1, Product=2, SerialNumber=3
Aug 17 10:18:14 acer-desktop kernel: [    5.989846] usb 3-1.4.2: new high-speed USB device number 8 using ehci_hcd
Aug 17 10:18:14 acer-desktop kernel: [    6.089766] usb 3-1.4.2: New USB device found, idVendor=0bda, idProduct=0153
Aug 17 10:18:14 acer-desktop kernel: [    6.089774] usb 3-1.4.2: New USB device strings: Mfr=1, Product=2, SerialNumber=3
Aug 17 10:18:14 acer-desktop kernel: [    6.089781] usb 3-1.4.2: Product: USB2.0-CRW
Aug 17 10:18:14 acer-desktop kernel: [    6.089786] usb 3-1.4.2: Manufacturer: Generic
Aug 17 10:18:14 acer-desktop kernel: [    6.089791] usb 3-1.4.2: SerialNumber: 20120926571200000
Aug 17 10:18:14 acer-desktop kernel: [    6.165547] usb 3-1.4.3: new full-speed USB device number 9 using ehci_hcd
Aug 17 10:18:14 acer-desktop kernel: [    6.259348] usb 3-1.4.3: New USB device found, idVendor=05e3, idProduct=0606
Aug 17 10:18:14 acer-desktop kernel: [    6.259357] usb 3-1.4.3: New USB device strings: Mfr=1, Product=2, SerialNumber=0
Aug 17 10:18:14 acer-desktop kernel: [    6.259363] usb 3-1.4.3: Product: USB Hub 2.0
Aug 17 10:18:14 acer-desktop kernel: [    6.259368] usb 3-1.4.3: Manufacturer: ALCOR
Aug 17 10:18:14 acer-desktop kernel: [    6.259783] hub 3-1.4.3:1.0: USB hub found
Aug 17 10:18:14 acer-desktop kernel: [    6.259969] hub 3-1.4.3:1.0: 4 ports detected
Aug 17 10:18:14 acer-desktop kernel: [    6.345247] usb 3-1.1.3.1: new high-speed USB device number 10 using ehci_hcd
Aug 17 10:18:14 acer-desktop kernel: [    6.437422] usb 3-1.1.3.1: New USB device found, idVendor=0424, idProduct=2504
Aug 17 10:18:14 acer-desktop kernel: [    6.437431] usb 3-1.1.3.1: New USB device strings: Mfr=0, Product=0, SerialNumber=0
Aug 17 10:18:14 acer-desktop kernel: [    6.437851] hub 3-1.1.3.1:1.0: USB hub found
Aug 17 10:18:14 acer-desktop kernel: [    6.437917] hub 3-1.1.3.1:1.0: 4 ports detected
Aug 17 10:18:14 acer-desktop kernel: [    6.528923] usb 3-1.4.3.1: new full-speed USB device number 11 using ehci_hcd
Aug 17 10:18:14 acer-desktop kernel: [    6.621098] usb 3-1.4.3.1: not running at top speed; connect to a high speed hub
Aug 17 10:18:14 acer-desktop kernel: [    6.621722] usb 3-1.4.3.1: New USB device found, idVendor=1a40, idProduct=0101
Aug 17 10:18:14 acer-desktop kernel: [    6.621730] usb 3-1.4.3.1: New USB device strings: Mfr=0, Product=1, SerialNumber=0
Aug 17 10:18:14 acer-desktop kernel: [    6.621736] usb 3-1.4.3.1: Product: USB 2.0 Hub
Aug 17 10:18:14 acer-desktop kernel: [    6.622010] hub 3-1.4.3.1:1.0: USB hub found
Aug 17 10:18:14 acer-desktop kernel: [    6.622224] hub 3-1.4.3.1:1.0: 4 ports detected
Aug 17 10:18:14 acer-desktop kernel: [    6.692642] usb 3-1.4.3.2: new full-speed USB device number 12 using ehci_hcd
Aug 17 10:18:14 acer-desktop kernel: [    6.753763] Initializing USB Mass Storage driver...
Aug 17 10:18:14 acer-desktop kernel: [    6.753919] scsi2 : usb-storage 3-1.1.2:1.0
Aug 17 10:18:14 acer-desktop kernel: [    6.754100] scsi3 : usb-storage 3-1.4.2:1.0
Aug 17 10:18:14 acer-desktop kernel: [    6.754200] usbcore: registered new interface driver usb-storage
Aug 17 10:18:14 acer-desktop kernel: [    6.754203] USB Mass Storage support registered.
Aug 17 10:18:14 acer-desktop kernel: [    6.786064] usb 3-1.4.3.2: not running at top speed; connect to a high speed hub
Aug 17 10:18:14 acer-desktop kernel: [    6.830492] usb 3-1.4.3.2: New USB device found, idVendor=0c45, idProduct=6300
Aug 17 10:18:14 acer-desktop kernel: [    6.830500] usb 3-1.4.3.2: New USB device strings: Mfr=2, Product=1, SerialNumber=0
Aug 17 10:18:14 acer-desktop kernel: [    6.830506] usb 3-1.4.3.2: Product: ehe camera
Aug 17 10:18:14 acer-desktop kernel: [    6.830511] usb 3-1.4.3.2: Manufacturer: Sonix Technology Co., Ltd.
Aug 17 10:18:14 acer-desktop kernel: [    6.904277] usb 3-1.4.3.3: new low-speed USB device number 13 using ehci_hcd
Aug 17 10:18:14 acer-desktop kernel: [    7.001572] usb 3-1.4.3.3: New USB device found, idVendor=046d, idProduct=c408
Aug 17 10:18:14 acer-desktop kernel: [    7.001579] usb 3-1.4.3.3: New USB device strings: Mfr=1, Product=2, SerialNumber=0
Aug 17 10:18:14 acer-desktop kernel: [    7.001585] usb 3-1.4.3.3: Product: USB Trackball
Aug 17 10:18:14 acer-desktop kernel: [    7.001590] usb 3-1.4.3.3: Manufacturer: Logitech
Aug 17 10:18:14 acer-desktop kernel: [    7.071989] usb 3-1.4.3.4: new low-speed USB device number 14 using ehci_hcd
Aug 17 10:18:14 acer-desktop kernel: [    7.183261] usb 3-1.4.3.4: New USB device found, idVendor=04d9, idProduct=a018
Aug 17 10:18:14 acer-desktop kernel: [    7.183269] usb 3-1.4.3.4: New USB device strings: Mfr=1, Product=2, SerialNumber=0
Aug 17 10:18:14 acer-desktop kernel: [    7.183275] usb 3-1.4.3.4: Product: Wire USB Device
Aug 17 10:18:14 acer-desktop kernel: [    7.183280] usb 3-1.4.3.4: Manufacturer: HOLTEK
Aug 17 10:18:14 acer-desktop kernel: [    7.191024] input: Logitech USB Trackball as /devices/pci0000:00/0000:00:1d.0/usb3/3-1/3-1.4/3-1.4.3/3-1.4.3.3/3-1.4.3.3:1.0/input/input0
Aug 17 10:18:14 acer-desktop kernel: [    7.191151] generic-usb 0003:046D:C408.0001: input,hidraw0: USB HID v1.10 Mouse [Logitech USB Trackball] on usb-0000:00:1d.0-1.4.3.3/input0
Aug 17 10:18:14 acer-desktop kernel: [    7.199124] input: HOLTEK Wire USB Device as /devices/pci0000:00/0000:00:1d.0/usb3/3-1/3-1.4/3-1.4.3/3-1.4.3.4/3-1.4.3.4:1.0/input/input1
Aug 17 10:18:14 acer-desktop kernel: [    7.199210] generic-usb 0003:04D9:A018.0002: input,hidraw1: USB HID v1.10 Keyboard [HOLTEK Wire USB Device] on usb-0000:00:1d.0-1.4.3.4/input0
Aug 17 10:18:14 acer-desktop kernel: [    7.217008] input: HOLTEK Wire USB Device as /devices/pci0000:00/0000:00:1d.0/usb3/3-1/3-1.4/3-1.4.3/3-1.4.3.4/3-1.4.3.4:1.1/input/input2
Aug 17 10:18:14 acer-desktop kernel: [    7.217154] generic-usb 0003:04D9:A018.0003: input,hidraw2: USB HID v1.10 Mouse [HOLTEK Wire USB Device] on usb-0000:00:1d.0-1.4.3.4/input1
Aug 17 10:18:14 acer-desktop kernel: [    7.217179] usbcore: registered new interface driver usbhid
Aug 17 10:18:14 acer-desktop kernel: [    7.217182] usbhid: USB HID core driver
Aug 17 10:18:14 acer-desktop kernel: [    7.255673] usb 3-1.4.3.1.4: new full-speed USB device number 15 using ehci_hcd
Aug 17 10:18:14 acer-desktop kernel: [    7.347853] usb 3-1.4.3.1.4: not running at top speed; connect to a high speed hub
Aug 17 10:18:14 acer-desktop kernel: [    7.348480] usb 3-1.4.3.1.4: New USB device found, idVendor=1a40, idProduct=0101
Aug 17 10:18:14 acer-desktop kernel: [    7.348484] usb 3-1.4.3.1.4: New USB device strings: Mfr=0, Product=1, SerialNumber=0
Aug 17 10:18:14 acer-desktop kernel: [    7.348487] usb 3-1.4.3.1.4: Product: USB 2.0 Hub
Aug 17 10:18:14 acer-desktop kernel: [    7.348820] hub 3-1.4.3.1.4:1.0: USB hub found
Aug 17 10:18:14 acer-desktop kernel: [    7.348969] hub 3-1.4.3.1.4:1.0: 4 ports detected
Aug 17 10:18:14 acer-desktop kernel: [    7.505534] PM: Starting manual resume from disk
Aug 17 10:18:14 acer-desktop kernel: [    7.619049] usb 3-1.4.3.1.4.1: new full-speed USB device number 16 using ehci_hcd
Aug 17 10:18:14 acer-desktop kernel: [    7.711226] usb 3-1.4.3.1.4.1: not running at top speed; connect to a high speed hub
Aug 17 10:18:14 acer-desktop kernel: [    7.711854] usb 3-1.4.3.1.4.1: New USB device found, idVendor=1a40, idProduct=0101
Aug 17 10:18:14 acer-desktop kernel: [    7.711863] usb 3-1.4.3.1.4.1: New USB device strings: Mfr=0, Product=1, SerialNumber=0
Aug 17 10:18:14 acer-desktop kernel: [    7.711870] usb 3-1.4.3.1.4.1: Product: USB 2.0 Hub
Aug 17 10:18:14 acer-desktop kernel: [    7.712386] hub: probe of 3-1.4.3.1.4.1:1.0 failed with error -7
Aug 17 10:18:14 acer-desktop kernel: [    7.751709] scsi 2:0:0:0: Direct-Access     Seagate  BUP BK           0304 PQ: 0 ANSI: 6
Aug 17 10:18:14 acer-desktop kernel: [    7.753070] scsi 3:0:0:0: Direct-Access     Generic- SD/MMC/MS PRO    1.00 PQ: 0 ANSI: 4
Aug 17 10:18:14 acer-desktop kernel: [    7.753187] sd 2:0:0:0: [sdb] Very big device. Trying to use READ CAPACITY(16).
Aug 17 10:18:14 acer-desktop kernel: [    7.753548] sd 2:0:0:0: [sdb] 7814037167 512-byte logical blocks: (4.00 TB/3.63 TiB)
Aug 17 10:18:14 acer-desktop kernel: [    7.753552] sd 2:0:0:0: [sdb] 4096-byte physical blocks
Aug 17 10:18:14 acer-desktop kernel: [    7.757923] sd 3:0:0:0: [sdc] Attached SCSI removable disk
Aug 17 10:18:14 acer-desktop kernel: [    9.765626] sd 2:0:0:0: [sdb] Write Protect is off
Aug 17 10:18:14 acer-desktop kernel: [    9.766488] sd 2:0:0:0: [sdb] Write cache: enabled, read cache: enabled, doesn't support DPO or FUA
Aug 17 10:18:14 acer-desktop kernel: [    9.767360] sd 2:0:0:0: [sdb] Very big device. Trying to use READ CAPACITY(16).
Aug 17 10:18:14 acer-desktop kernel: [    9.831254] Alternate GPT is invalid, using primary GPT.
Aug 17 10:18:14 acer-desktop kernel: [    9.831293]  sdb: sdb1 sdb2
Aug 17 10:18:14 acer-desktop kernel: [    9.832615] sd 2:0:0:0: [sdb] Very big device. Trying to use READ CAPACITY(16).
Aug 17 10:18:14 acer-desktop kernel: [    9.834740] sd 2:0:0:0: [sdb] Attached SCSI disk
Aug 17 10:18:14 acer-desktop kernel: [   11.871463] EXT4-fs (sda16): mounted filesystem with ordered data mode. Opts: (null)
Aug 17 10:18:14 acer-desktop kernel: [   15.459631] EXT4-fs (sda16): re-mounted. Opts: errors=remount-ro
Aug 17 10:18:14 acer-desktop kernel: [   16.112987] lp: driver loaded but no devices found
Aug 17 10:18:14 acer-desktop kernel: [   16.115103] ppdev: user-space parallel port driver
Aug 17 10:18:14 acer-desktop kernel: [   16.147947] loop: module loaded
Aug 17 10:18:14 acer-desktop kernel: [   16.577328] RPC: Registered named UNIX socket transport module.
Aug 17 10:18:14 acer-desktop kernel: [   16.577338] RPC: Registered udp transport module.
Aug 17 10:18:14 acer-desktop kernel: [   16.577343] RPC: Registered tcp transport module.
Aug 17 10:18:14 acer-desktop kernel: [   16.577347] RPC: Registered tcp NFSv4.1 backchannel transport module.
Aug 17 10:18:14 acer-desktop kernel: [   16.879115] Installing knfsd (copyright (C) 1996 okir@monad.swb.de).
Aug 17 10:18:14 acer-desktop kernel: [   20.449954] input: Power Button as /devices/LNXSYSTM:00/LNXSYBUS:00/PNP0C0C:00/input/input3
Aug 17 10:18:14 acer-desktop kernel: [   20.449965] ACPI: Power Button [PWRB]
Aug 17 10:18:14 acer-desktop kernel: [   20.450051] input: Sleep Button as /devices/LNXSYSTM:00/LNXSYBUS:00/PNP0C0E:00/input/input4
Aug 17 10:18:14 acer-desktop kernel: [   20.450057] ACPI: Sleep Button [SLPB]
Aug 17 10:18:14 acer-desktop kernel: [   20.450131] input: Power Button as /devices/LNXSYSTM:00/LNXPWRBN:00/input/input5
Aug 17 10:18:14 acer-desktop kernel: [   20.450136] ACPI: Power Button [PWRF]
Aug 17 10:18:14 acer-desktop kernel: [   20.451571] ACPI: Requesting acpi_cpufreq
Aug 17 10:18:14 acer-desktop kernel: [   20.501774] wmi: Mapper loaded
Aug 17 10:18:14 acer-desktop kernel: [   20.536584] ACPI: resource 0000:00:1f.3 [io  0xf000-0xf01f] conflicts with ACPI region SMBI [io 0xf000-0xf00f]
Aug 17 10:18:14 acer-desktop kernel: [   20.536589] ACPI: If an ACPI driver is available for this device, you should use it instead of the native driver
Aug 17 10:18:14 acer-desktop kernel: [   20.545716] input: PC Speaker as /devices/platform/pcspkr/input/input6
Aug 17 10:18:14 acer-desktop kernel: [   20.555627] shpchp: Standard Hot Plug PCI Controller Driver version: 0.4
Aug 17 10:18:14 acer-desktop kernel: [   20.565321] sd 0:0:0:0: Attached scsi generic sg0 type 0
Aug 17 10:18:14 acer-desktop kernel: [   20.565415] sr 1:0:0:0: Attached scsi generic sg1 type 5
Aug 17 10:18:14 acer-desktop kernel: [   20.565481] sd 2:0:0:0: Attached scsi generic sg2 type 0
Aug 17 10:18:14 acer-desktop kernel: [   20.565545] sd 3:0:0:0: Attached scsi generic sg3 type 0
Aug 17 10:18:14 acer-desktop kernel: [   20.733366] cfg80211: Calling CRDA to update world regulatory domain
Aug 17 10:18:14 acer-desktop kernel: [   21.204572] ieee80211 phy0: Atheros AR9462 Rev:2 mem=0xffffc90011100000, irq=16
Aug 17 10:18:14 acer-desktop kernel: [   21.354260] input: HDA Intel Headphone as /devices/pci0000:00/0000:00:1b.0/sound/card0/input7
Aug 17 10:18:14 acer-desktop kernel: [   23.649019] acer_wmi: Acer Laptop ACPI-WMI Extras
Aug 17 10:18:14 acer-desktop kernel: [   23.756911] Bluetooth: Core ver 2.16
Aug 17 10:18:14 acer-desktop kernel: [   23.756940] NET: Registered protocol family 31
Aug 17 10:18:14 acer-desktop kernel: [   23.756943] Bluetooth: HCI device and connection manager initialized
Aug 17 10:18:14 acer-desktop kernel: [   23.756946] Bluetooth: HCI socket layer initialized
Aug 17 10:18:14 acer-desktop kernel: [   23.756949] Bluetooth: L2CAP socket layer initialized
Aug 17 10:18:14 acer-desktop kernel: [   23.756956] Bluetooth: SCO socket layer initialized
Aug 17 10:18:14 acer-desktop kernel: [   23.777327] Bluetooth: Generic Bluetooth USB driver ver 0.6
Aug 17 10:18:14 acer-desktop kernel: [   23.777404] usbcore: registered new interface driver btusb
Aug 17 10:18:14 acer-desktop kernel: [   23.778266] Bluetooth: Atheros AR30xx firmware driver ver 1.0
Aug 17 10:18:14 acer-desktop kernel: [   23.780339] ath3k: probe of 3-1.4.1:1.0 failed with error -2
Aug 17 10:18:14 acer-desktop kernel: [   23.780401] usbcore: registered new interface driver ath3k
Aug 17 10:18:14 acer-desktop kernel: [   24.257127] Linux media interface: v0.10
Aug 17 10:18:14 acer-desktop kernel: [   24.397247] Linux video capture interface: v2.00
Aug 17 10:18:14 acer-desktop kernel: [   24.410825] cfg80211: World regulatory domain updated:
Aug 17 10:18:14 acer-desktop kernel: [   24.410829] cfg80211:     (start_freq - end_freq @ bandwidth), (max_antenna_gain, max_eirp)
Aug 17 10:18:14 acer-desktop kernel: [   24.410833] cfg80211:     (2402000 KHz - 2472000 KHz @ 40000 KHz), (N/A, 2000 mBm)
Aug 17 10:18:14 acer-desktop kernel: [   24.410836] cfg80211:     (2457000 KHz - 2482000 KHz @ 40000 KHz), (N/A, 2000 mBm)
Aug 17 10:18:14 acer-desktop kernel: [   24.410839] cfg80211:     (2474000 KHz - 2494000 KHz @ 20000 KHz), (N/A, 2000 mBm)
Aug 17 10:18:14 acer-desktop kernel: [   24.410842] cfg80211:     (5170000 KHz - 5250000 KHz @ 80000 KHz), (N/A, 2000 mBm)
Aug 17 10:18:14 acer-desktop kernel: [   24.410845] cfg80211:     (5250000 KHz - 5330000 KHz @ 80000 KHz), (N/A, 2000 mBm)
Aug 17 10:18:14 acer-desktop kernel: [   24.410848] cfg80211:     (5490000 KHz - 5730000 KHz @ 160000 KHz), (N/A, 2000 mBm)
Aug 17 10:18:14 acer-desktop kernel: [   24.410851] cfg80211:     (5735000 KHz - 5835000 KHz @ 80000 KHz), (N/A, 2000 mBm)
Aug 17 10:18:14 acer-desktop kernel: [   24.410854] cfg80211:     (57240000 KHz - 63720000 KHz @ 2160000 KHz), (N/A, 0 mBm)
Aug 17 10:18:14 acer-desktop kernel: [   24.482302] uvcvideo: Found UVC 1.00 device ehe camera (0c45:6300)
Aug 17 10:18:14 acer-desktop kernel: [   24.491161] input: ehe camera as /devices/pci0000:00/0000:00:1d.0/usb3/3-1/3-1.4/3-1.4.3/3-1.4.3.2/3-1.4.3.2:1.0/input/input8
Aug 17 10:18:14 acer-desktop kernel: [   24.491287] usbcore: registered new interface driver uvcvideo
Aug 17 10:18:14 acer-desktop kernel: [   24.491290] USB Video Class driver (1.1.1)
Aug 17 10:18:14 acer-desktop kernel: [   25.645922] Adding 3905532k swap on /dev/sda7.  Priority:-1 extents:1 across:3905532k 
Aug 17 10:18:14 acer-desktop kernel: [   26.318131] EXT4-fs (sda5): recovery complete
Aug 17 10:18:14 acer-desktop kernel: [   26.355060] EXT4-fs (sda5): mounted filesystem with ordered data mode. Opts: errors=remount-ro,user_xattr,barrier=1,data=ordered
Aug 17 10:18:14 acer-desktop kernel: [   27.396360] EXT4-fs (sda9): recovery complete
Aug 17 10:18:14 acer-desktop kernel: [   27.458287] EXT4-fs (sda9): mounted filesystem with ordered data mode. Opts: errors=remount-ro,user_xattr,barrier=1,data=ordered
Aug 17 10:18:14 acer-desktop kernel: [   28.326908] EXT4-fs (sda8): mounted filesystem with ordered data mode. Opts: (null)
Aug 17 10:18:14 acer-desktop kernel: [   55.176493] EXT4-fs (sda13): mounted filesystem without journal. Opts: errors=remount-ro
Aug 17 10:18:14 acer-desktop kernel: [   64.579150] EXT4-fs (sda14): mounted filesystem without journal. Opts: errors=remount-ro
Aug 17 10:18:14 acer-desktop kernel: [   64.928046] EXT4-fs (sda15): mounted filesystem with ordered data mode. Opts: (null)
Aug 17 10:18:14 acer-desktop kernel: [   65.294729] EXT4-fs (sda11): mounted filesystem with ordered data mode. Opts: errors=remount-ro
Aug 17 10:18:14 acer-desktop kernel: [   91.062696] EXT4-fs (sda12): mounted filesystem without journal. Opts: errors=remount-ro
Aug 17 10:18:14 acer-desktop kernel: [   92.555228] EXT4-fs (sda6): mounted filesystem with ordered data mode. Opts: (null)
Aug 17 10:18:14 acer-desktop rsyslogd-2007: action 'action 0' suspended, next retry is Wed Aug 17 10:18:44 2016 [v8.20.0 try http://www.rsyslog.com/e/2007 ]
Aug 17 10:18:19 acer-desktop NetworkManager[1180]: <info>  [1471454299.8949] NetworkManager (version 1.2.4) is starting...
Aug 17 10:18:19 acer-desktop NetworkManager[1180]: <info>  [1471454299.9383] Read config: /etc/NetworkManager/NetworkManager.conf
Aug 17 10:18:19 acer-desktop NetworkManager[1180]: <info>  [1471454299.9865] manager[0x17af1b0]: monitoring kernel firmware directory '/lib/firmware'.
Aug 17 10:18:19 acer-desktop NetworkManager[1180]: <info>  [1471454299.9866] monitoring ifupdown state file '/run/network/ifstate'.
Aug 17 10:18:20 acer-desktop NetworkManager[1180]: <info>  [1471454300.0295] dns-mgr[0x17a7800]: init: dns=default, rc-manager=resolvconf
Aug 17 10:18:20 acer-desktop NetworkManager[1180]: <info>  [1471454300.0840] rfkill0: found WiFi radio killswitch (at /sys/devices/pci0000:00/0000:00:1c.0/0000:01:00.0/ieee80211/phy0/rfkill0) (driver ath9k)
Aug 17 10:18:20 acer-desktop NetworkManager[1180]: <info>  [1471454300.0844] manager[0x17af1b0]: WiFi hardware radio set enabled
Aug 17 10:18:20 acer-desktop NetworkManager[1180]: <info>  [1471454300.0845] manager[0x17af1b0]: WWAN hardware radio set enabled
Aug 17 10:18:21 acer-desktop NetworkManager[1180]: <info>  [1471454301.4859] init!
Aug 17 10:18:21 acer-desktop NetworkManager[1180]: <info>  [1471454301.4862] management mode: unmanaged
Aug 17 10:18:22 acer-desktop NetworkManager[1180]: <info>  [1471454301.4869] devices added (path: /sys/devices/pci0000:00/0000:00:1c.0/0000:01:00.0/net/wlan0, iface: wlan0)
Aug 17 10:18:22 acer-desktop NetworkManager[1180]: <info>  [1471454301.4869] device added (path: /sys/devices/pci0000:00/0000:00:1c.0/0000:01:00.0/net/wlan0, iface: wlan0): no ifupdown configuration found.
Aug 17 10:18:22 acer-desktop NetworkManager[1180]: <info>  [1471454301.4870] devices added (path: /sys/devices/pci0000:00/0000:00:1c.2/0000:03:00.0/net/eth0, iface: eth0)
Aug 17 10:18:22 acer-desktop NetworkManager[1180]: <info>  [1471454301.4870] device added (path: /sys/devices/pci0000:00/0000:00:1c.2/0000:03:00.0/net/eth0, iface: eth0): no ifupdown configuration found.
Aug 17 10:18:22 acer-desktop NetworkManager[1180]: <info>  [1471454301.4870] devices added (path: /sys/devices/virtual/net/lo, iface: lo)
Aug 17 10:18:22 acer-desktop NetworkManager[1180]: <info>  [1471454301.4870] device added (path: /sys/devices/virtual/net/lo, iface: lo): no ifupdown configuration found.
Aug 17 10:18:22 acer-desktop NetworkManager[1180]: <info>  [1471454301.4870] end _init.
Aug 17 10:18:22 acer-desktop NetworkManager[1180]: <info>  [1471454301.4871] settings: loaded plugin ifupdown: (C) 2008 Canonical Ltd.  To report bugs please use the NetworkManager mailing list. (/usr/lib/x86_64-linux-gnu/NetworkManager/libnm-settings-plugin-ifupdown.so)
Aug 17 10:18:22 acer-desktop NetworkManager[1180]: <info>  [1471454301.4872] settings: loaded plugin keyfile: (c) 2007 - 2015 Red Hat, Inc.  To report bugs please use the NetworkManager mailing list.
Aug 17 10:18:22 acer-desktop NetworkManager[1180]: <info>  [1471454301.4872] (24983376) ... get_connections.
Aug 17 10:18:22 acer-desktop NetworkManager[1180]: <info>  [1471454301.4872] (24983376) ... get_connections (managed=false): return empty list.
Aug 17 10:18:22 acer-desktop NetworkManager[1180]: <info>  [1471454301.5476] keyfile: new connection /etc/NetworkManager/system-connections/greg-5G (94a33146-e9e0-4244-bf61-5e6a3657f3ad,"greg-5G")
Aug 17 10:18:22 acer-desktop NetworkManager[1180]: <info>  [1471454301.5979] keyfile: new connection /etc/NetworkManager/system-connections/Wired connection 1 (9602c75f-0e6a-44e4-8278-2b9e84c690de,"Wired connection 1")
Aug 17 10:18:22 acer-desktop NetworkManager[1180]: <info>  [1471454301.6788] get unmanaged devices count: 0
Aug 17 10:18:27 acer-desktop kernel: [  109.808723] ADDRCONF(NETDEV_UP): wlan0: link is not ready
Aug 17 10:18:27 acer-desktop kernel: [  109.824625] r8169 0000:03:00.0: eth0: link down
Aug 17 10:18:27 acer-desktop kernel: [  109.824633] r8169 0000:03:00.0: eth0: link down
Aug 17 10:18:27 acer-desktop kernel: [  109.825313] ADDRCONF(NETDEV_UP): eth0: link is not ready
Aug 17 10:18:27 acer-desktop NetworkManager[1180]: <info>  [1471454307.0464] settings: hostname: using hostnamed
Aug 17 10:18:27 acer-desktop NetworkManager[1180]: <info>  [1471454307.0464] settings: hostname changed from (none) to "acer-desktop"
Aug 17 10:18:27 acer-desktop NetworkManager[1180]: <info>  [1471454307.0468] Using DHCP client 'dhclient'
Aug 17 10:18:27 acer-desktop NetworkManager[1180]: <info>  [1471454307.0468] manager: WiFi enabled by radio killswitch; enabled by state file
Aug 17 10:18:27 acer-desktop NetworkManager[1180]: <info>  [1471454307.0469] manager: WWAN enabled by radio killswitch; enabled by state file
Aug 17 10:18:27 acer-desktop NetworkManager[1180]: <info>  [1471454307.0469] manager: Networking is enabled by state file
Aug 17 10:18:27 acer-desktop NetworkManager[1180]: <info>  [1471454307.0470] Loaded device plugin: NMVxlanFactory (internal)
Aug 17 10:18:27 acer-desktop NetworkManager[1180]: <info>  [1471454307.0471] Loaded device plugin: NMVlanFactory (internal)
Aug 17 10:18:27 acer-desktop NetworkManager[1180]: <info>  [1471454307.0471] Loaded device plugin: NMVethFactory (internal)
Aug 17 10:18:27 acer-desktop NetworkManager[1180]: <info>  [1471454307.0472] Loaded device plugin: NMTunFactory (internal)
Aug 17 10:18:27 acer-desktop NetworkManager[1180]: <info>  [1471454307.0472] Loaded device plugin: NMMacvlanFactory (internal)
Aug 17 10:18:27 acer-desktop NetworkManager[1180]: <info>  [1471454307.0473] Loaded device plugin: NMIPTunnelFactory (internal)
Aug 17 10:18:27 acer-desktop NetworkManager[1180]: <info>  [1471454307.0473] Loaded device plugin: NMInfinibandFactory (internal)
Aug 17 10:18:27 acer-desktop NetworkManager[1180]: <info>  [1471454307.0473] Loaded device plugin: NMEthernetFactory (internal)
Aug 17 10:18:27 acer-desktop NetworkManager[1180]: <info>  [1471454307.0474] Loaded device plugin: NMBridgeFactory (internal)
Aug 17 10:18:27 acer-desktop NetworkManager[1180]: <info>  [1471454307.0474] Loaded device plugin: NMBondFactory (internal)
Aug 17 10:18:27 acer-desktop NetworkManager[1180]: <info>  [1471454307.1380] Loaded device plugin: NMWwanFactory (/usr/lib/x86_64-linux-gnu/NetworkManager/libnm-device-plugin-wwan.so)
Aug 17 10:18:27 acer-desktop NetworkManager[1180]: <info>  [1471454307.1654] Loaded device plugin: NMAtmManager (/usr/lib/x86_64-linux-gnu/NetworkManager/libnm-device-plugin-adsl.so)
Aug 17 10:18:27 acer-desktop NetworkManager[1180]: <info>  [1471454307.1908] Loaded device plugin: NMTeamFactory (/usr/lib/x86_64-linux-gnu/NetworkManager/libnm-device-plugin-team.so)
Aug 17 10:18:27 acer-desktop NetworkManager[1180]: <info>  [1471454307.2059] Loaded device plugin: NMWifiFactory (/usr/lib/x86_64-linux-gnu/NetworkManager/libnm-device-plugin-wifi.so)
Aug 17 10:18:27 acer-desktop NetworkManager[1180]: <info>  [1471454307.2426] Loaded device plugin: NMBluezManager (/usr/lib/x86_64-linux-gnu/NetworkManager/libnm-device-plugin-bluetooth.so)
Aug 17 10:18:27 acer-desktop NetworkManager[1180]: <info>  [1471454307.2439] (wlan0): using nl80211 for WiFi device control
Aug 17 10:18:27 acer-desktop NetworkManager[1180]: <info>  [1471454307.2460] device (wlan0): driver supports Access Point (AP) mode
Aug 17 10:18:27 acer-desktop NetworkManager[1180]: <info>  [1471454307.2531] manager: (wlan0): new 802.11 WiFi device (/org/freedesktop/NetworkManager/Devices/0)
Aug 17 10:18:27 acer-desktop NetworkManager[1180]: <info>  [1471454307.2562] device (wlan0): state change: unmanaged -> unavailable (reason 'managed') [10 20 2]
Aug 17 10:18:27 acer-desktop NetworkManager[1180]: <info>  [1471454307.2920] manager: (eth0): new Ethernet device (/org/freedesktop/NetworkManager/Devices/1)
Aug 17 10:18:27 acer-desktop NetworkManager[1180]: <info>  [1471454307.2943] device (eth0): state change: unmanaged -> unavailable (reason 'managed') [10 20 2]
Aug 17 10:18:27 acer-desktop NetworkManager[1180]: <info>  [1471454307.3126] device (lo): link connected
Aug 17 10:18:27 acer-desktop NetworkManager[1180]: <info>  [1471454307.3149] manager: (lo): new Generic device (/org/freedesktop/NetworkManager/Devices/2)
Aug 17 10:18:27 acer-desktop NetworkManager[1180]: <info>  [1471454307.3382] ModemManager available in the bus
Aug 17 10:18:28 acer-desktop kernel: [  110.683593] postgres (1771): /proc/1771/oom_adj is deprecated, please use /proc/1771/oom_score_adj instead.
Aug 17 10:18:28 acer-desktop kernel: [  110.757975] NFSD: Using /var/lib/nfs/v4recovery as the NFSv4 state recovery directory
Aug 17 10:18:28 acer-desktop kernel: [  110.771178] NFSD: starting 90-second grace period
Aug 17 10:18:28 acer-desktop NetworkManager[1180]: <info>  [1471454308.6239] supplicant: wpa_supplicant running
Aug 17 10:18:28 acer-desktop NetworkManager[1180]: <info>  [1471454308.6240] device (wlan0): supplicant interface state: init -> starting
Aug 17 10:18:28 acer-desktop NetworkManager[1180]: <info>  [1471454308.8308] sup-iface[0x17e9aa0,wlan0]: supports 4 scan SSIDs
Aug 17 10:18:28 acer-desktop NetworkManager[1180]: <info>  [1471454308.8340] device (wlan0): supplicant interface state: starting -> ready
Aug 17 10:18:28 acer-desktop NetworkManager[1180]: <info>  [1471454308.8342] device (wlan0): state change: unavailable -> disconnected (reason 'supplicant-available') [20 30 42]
Aug 17 10:18:30 acer-desktop NetworkManager[1180]: <info>  [1471454310.2551] device (eth0): link connected
Aug 17 10:18:30 acer-desktop kernel: [  112.772088] r8169 0000:03:00.0: eth0: link up
Aug 17 10:18:30 acer-desktop kernel: [  112.772761] ADDRCONF(NETDEV_CHANGE): eth0: link becomes ready
Aug 17 10:18:30 acer-desktop NetworkManager[1180]: <info>  [1471454310.2560] device (eth0): state change: unavailable -> disconnected (reason 'carrier-changed') [20 30 40]
Aug 17 10:18:30 acer-desktop NetworkManager[1180]: <info>  [1471454310.2567] policy: auto-activating connection 'Wired connection 1'
Aug 17 10:18:30 acer-desktop NetworkManager[1180]: <info>  [1471454310.2587] device (eth0): Activation: starting connection 'Wired connection 1' (9602c75f-0e6a-44e4-8278-2b9e84c690de)
Aug 17 10:18:30 acer-desktop NetworkManager[1180]: <info>  [1471454310.2590] device (eth0): state change: disconnected -> prepare (reason 'none') [30 40 0]
Aug 17 10:18:30 acer-desktop NetworkManager[1180]: <info>  [1471454310.2594] manager: NetworkManager state is now CONNECTING
Aug 17 10:18:30 acer-desktop NetworkManager[1180]: <info>  [1471454310.2610] device (eth0): state change: prepare -> config (reason 'none') [40 50 0]
Aug 17 10:18:30 acer-desktop NetworkManager[1180]: <info>  [1471454310.2619] device (eth0): state change: config -> ip-config (reason 'none') [50 70 0]
Aug 17 10:18:30 acer-desktop NetworkManager[1180]: <info>  [1471454310.2750] dhcp4 (eth0): activation: beginning transaction (timeout in 45 seconds)
Aug 17 10:18:30 acer-desktop NetworkManager[1180]: <info>  [1471454310.9619] dhcp4 (eth0): dhclient started with pid 1828
Aug 17 10:18:30 acer-desktop NetworkManager[1180]: <warn>  [1471454310.9624] device (eth0): The kernel does not support extended IFA_FLAGS needed by NM for IPv6 private addresses. This feature is not available
Aug 17 10:18:31 acer-desktop NetworkManager[1180]: <info>  [1471454311.2178]   address 192.168.1.126
Aug 17 10:18:31 acer-desktop NetworkManager[1180]: <info>  [1471454311.2179]   plen 24 (255.255.255.0)
Aug 17 10:18:31 acer-desktop NetworkManager[1180]: <info>  [1471454311.2179]   gateway 192.168.1.1
Aug 17 10:18:31 acer-desktop NetworkManager[1180]: <info>  [1471454311.2180]   server identifier 192.168.1.1
Aug 17 10:18:31 acer-desktop NetworkManager[1180]: <info>  [1471454311.2180]   lease time 86400
Aug 17 10:18:31 acer-desktop NetworkManager[1180]: <info>  [1471454311.2181]   hostname 'acer-desktop'
Aug 17 10:18:31 acer-desktop NetworkManager[1180]: <info>  [1471454311.2181]   nameserver '192.168.1.1'
Aug 17 10:18:31 acer-desktop NetworkManager[1180]: <info>  [1471454311.2182] dhcp4 (eth0): state changed unknown -> bound
Aug 17 10:18:31 acer-desktop NetworkManager[1180]: <info>  [1471454311.2229] device (eth0): state change: ip-config -> ip-check (reason 'none') [70 80 0]
Aug 17 10:18:31 acer-desktop NetworkManager[1180]: <info>  [1471454311.2262] device (eth0): state change: ip-check -> secondaries (reason 'none') [80 90 0]
Aug 17 10:18:31 acer-desktop NetworkManager[1180]: <info>  [1471454311.2272] device (eth0): state change: secondaries -> activated (reason 'none') [90 100 0]
Aug 17 10:18:31 acer-desktop NetworkManager[1180]: <info>  [1471454311.2276] manager: NetworkManager state is now CONNECTED_LOCAL
Aug 17 10:18:31 acer-desktop NetworkManager[1180]: <info>  [1471454311.3710] manager: NetworkManager state is now CONNECTED_GLOBAL
Aug 17 10:18:31 acer-desktop NetworkManager[1180]: <info>  [1471454311.3713] policy: set 'Wired connection 1' (eth0) as default for IPv4 routing and DNS
Aug 17 10:18:31 acer-desktop NetworkManager[1180]: <info>  [1471454311.4207] device (eth0): Activation: successful, device activated.
Aug 17 10:18:32 acer-desktop NetworkManager[1180]: <info>  [1471454312.7468] device (wlan0): supplicant interface state: ready -> inactive
Aug 17 10:18:35 acer-desktop NetworkManager[1180]: <info>  [1471454315.4401] manager: startup complete
Aug 17 10:18:35 acer-desktop kernel: [  118.371175] FS-Cache: Loaded
Aug 17 10:18:35 acer-desktop kernel: [  118.396337] FS-Cache: Netfs 'cifs' registered for caching
Aug 17 10:18:44 acer-desktop rsyslogd-2359: action 'action 0' resumed (module 'ommysql') [v8.20.0 try http://www.rsyslog.com/e/2359 ]
Aug 17 10:18:44 acer-desktop rsyslogd-2359: action 'action 0' resumed (module 'ommysql') [v8.20.0 try http://www.rsyslog.com/e/2359 ]
Aug 17 10:18:48 acer-desktop kernel: [  130.859087] Netfilter messages via NETLINK v0.30.
Aug 17 10:18:48 acer-desktop kernel: [  130.919843] device eth0 entered promiscuous mode
Aug 17 10:18:48 acer-desktop kernel: [  130.963785] device wlan0 entered promiscuous mode
Aug 17 10:19:05 acer-desktop org.a11y.Bus[2675]: ** (process:2721): WARNING **: Failed to register client: GDBus.Error:org.freedesktop.DBus.Error.ServiceUnknown: The name org.gnome.SessionManager was not provided by any .service files
Aug 17 10:19:05 acer-desktop org.a11y.Bus[2675]: Activating service name='org.a11y.atspi.Registry'
Aug 17 10:19:06 acer-desktop org.a11y.Bus[2675]: Successfully activated service 'org.a11y.atspi.Registry'
Aug 17 10:19:06 acer-desktop org.a11y.atspi.Registry[2726]: SpiRegistry daemon is running with well-known name - org.a11y.atspi.Registry
Aug 17 10:19:06 acer-desktop kernel: [  148.408390] fuse init (API version 7.17)
Aug 17 10:19:12 acer-desktop org.gtk.vfs.UDisks2VolumeMonitor[2675]: disc.c:352: error opening file BDMV/index.bdmv
Aug 17 10:19:12 acer-desktop org.gtk.vfs.UDisks2VolumeMonitor[2675]: disc.c:352: error opening file BDMV/BACKUP/index.bdmv
Aug 17 10:19:12 acer-desktop org.gtk.vfs.UDisks2VolumeMonitor[2675]: disc.c:352: error opening file BDMV/index.bdmv
Aug 17 10:19:12 acer-desktop org.gtk.vfs.UDisks2VolumeMonitor[2675]: disc.c:352: error opening file BDMV/BACKUP/index.bdmv
Aug 17 10:19:12 acer-desktop org.gtk.vfs.UDisks2VolumeMonitor[2675]: disc.c:352: error opening file BDMV/index.bdmv
Aug 17 10:19:12 acer-desktop org.gtk.vfs.UDisks2VolumeMonitor[2675]: disc.c:352: error opening file BDMV/BACKUP/index.bdmv
Aug 17 10:19:12 acer-desktop org.gtk.vfs.UDisks2VolumeMonitor[2675]: disc.c:352: error opening file BDMV/index.bdmv
Aug 17 10:19:12 acer-desktop org.gtk.vfs.UDisks2VolumeMonitor[2675]: disc.c:352: error opening file BDMV/BACKUP/index.bdmv
Aug 17 10:19:12 acer-desktop org.gtk.vfs.UDisks2VolumeMonitor[2675]: disc.c:352: error opening file BDMV/index.bdmv
Aug 17 10:19:12 acer-desktop org.gtk.vfs.UDisks2VolumeMonitor[2675]: disc.c:352: error opening file BDMV/BACKUP/index.bdmv
Aug 17 10:19:12 acer-desktop org.gtk.vfs.UDisks2VolumeMonitor[2675]: disc.c:352: error opening file BDMV/index.bdmv
Aug 17 10:19:12 acer-desktop org.gtk.vfs.UDisks2VolumeMonitor[2675]: disc.c:352: error opening file BDMV/BACKUP/index.bdmv
Aug 17 10:19:13 acer-desktop org.gtk.vfs.AfcVolumeMonitor[2675]: Volume monitor alive
Aug 17 10:19:16 acer-desktop org.gnome.OnlineAccounts[2675]: goa-daemon-Message: goa-daemon version 3.20.3 starting
Aug 17 10:19:21 acer-desktop org.freedesktop.Telepathy.ConnectionManager.sofiasip[2675]: tp-glib-Message: Exiting
Aug 17 10:19:23 acer-desktop org.freedesktop.Telepathy.ConnectionManager.haze[2675]: tp-glib-Message: Exiting
Aug 17 10:19:25 acer-desktop org.gtk.vfs.UDisks2VolumeMonitor[2675]: disc.c:352: error opening file BDMV/index.bdmv
Aug 17 10:19:25 acer-desktop org.gtk.vfs.UDisks2VolumeMonitor[2675]: disc.c:352: error opening file BDMV/BACKUP/index.bdmv
Aug 17 10:31:51 acer-desktop kernel: [  912.406055] device-mapper: uevent: version 1.0.3
Aug 17 10:31:51 acer-desktop kernel: [  912.406254] device-mapper: ioctl: 4.22.0-ioctl (2011-10-19) initialised: dm-devel@redhat.com
Aug 17 10:32:13 acer-desktop kernel: [  934.382245] SGI XFS with ACLs, security attributes, realtime, large block/inode numbers, no debug enabled
Aug 17 10:32:13 acer-desktop kernel: [  934.382811] SGI XFS Quota Management subsystem
Aug 17 10:32:13 acer-desktop kernel: [  934.400710] JFS: nTxBlock = 8192, nTxLock = 65536
Aug 17 10:32:13 acer-desktop kernel: [  934.556709] NTFS driver 2.1.30 [Flags: R/W MODULE].
Aug 17 10:32:13 acer-desktop kernel: [  934.638057] QNX4 filesystem 0.2.3 registered.
Aug 17 10:32:13 acer-desktop kernel: [  934.743490] Btrfs loaded
Aug 17 10:32:14 acer-desktop os-prober: debug: running /usr/lib/os-probes/50mounted-tests on /dev/sda1
Aug 17 10:32:14 acer-desktop 50mounted-tests: debug: mounted using GRUB ntfs filesystem driver
Aug 17 10:32:14 acer-desktop 50mounted-tests: debug: running subtest /usr/lib/os-probes/mounted/05efi
Aug 17 10:32:15 acer-desktop 05efi: debug: Not on UEFI platform
Aug 17 10:32:15 acer-desktop 50mounted-tests: debug: running subtest /usr/lib/os-probes/mounted/10freedos
Aug 17 10:32:15 acer-desktop 10freedos: debug: /dev/sda1 is not a FAT partition: exiting
Aug 17 10:32:15 acer-desktop 50mounted-tests: debug: running subtest /usr/lib/os-probes/mounted/10qnx
Aug 17 10:32:15 acer-desktop 10qnx: debug: /dev/sda1 is not a QNX4 partition: exiting
Aug 17 10:32:15 acer-desktop 50mounted-tests: debug: running subtest /usr/lib/os-probes/mounted/20macosx
Aug 17 10:32:15 acer-desktop macosx-prober: debug: /dev/sda1 is not an HFS+ partition: exiting
Aug 17 10:32:15 acer-desktop 50mounted-tests: debug: running subtest /usr/lib/os-probes/mounted/20microsoft
Aug 17 10:32:15 acer-desktop 20microsoft: debug: /dev/sda1 is a NTFS partition
Aug 17 10:32:15 acer-desktop 20microsoft: result: /dev/sda1:Windows Recovery Environment (loader):Windows:chain
Aug 17 10:32:15 acer-desktop 50mounted-tests: debug: os found by subtest /usr/lib/os-probes/mounted/20microsoft
Aug 17 10:32:15 acer-desktop os-prober: debug: os detected by /usr/lib/os-probes/50mounted-tests
Aug 17 10:32:15 acer-desktop os-prober: debug: running /usr/lib/os-probes/50mounted-tests on /dev/sda10
Aug 17 10:32:16 acer-desktop 50mounted-tests: debug: mounted using GRUB ext2 filesystem driver
Aug 17 10:32:16 acer-desktop 50mounted-tests: debug: running subtest /usr/lib/os-probes/mounted/05efi
Aug 17 10:32:16 acer-desktop 05efi: debug: Not on UEFI platform
Aug 17 10:32:16 acer-desktop 50mounted-tests: debug: running subtest /usr/lib/os-probes/mounted/10freedos
Aug 17 10:32:16 acer-desktop 10freedos: debug: /dev/sda10 is not a FAT partition: exiting
Aug 17 10:32:16 acer-desktop 50mounted-tests: debug: running subtest /usr/lib/os-probes/mounted/10qnx
Aug 17 10:32:16 acer-desktop 10qnx: debug: /dev/sda10 is not a QNX4 partition: exiting
Aug 17 10:32:16 acer-desktop 50mounted-tests: debug: running subtest /usr/lib/os-probes/mounted/20macosx
Aug 17 10:32:16 acer-desktop macosx-prober: debug: /dev/sda10 is not an HFS+ partition: exiting
Aug 17 10:32:16 acer-desktop 50mounted-tests: debug: running subtest /usr/lib/os-probes/mounted/20microsoft
Aug 17 10:32:16 acer-desktop 20microsoft: debug: /dev/sda10 is not a MS partition: exiting
Aug 17 10:32:16 acer-desktop 50mounted-tests: debug: running subtest /usr/lib/os-probes/mounted/30utility
Aug 17 10:32:16 acer-desktop 30utility: debug: /dev/sda10 is not a FAT partition: exiting
Aug 17 10:32:16 acer-desktop 50mounted-tests: debug: running subtest /usr/lib/os-probes/mounted/40lsb
Aug 17 10:32:17 acer-desktop 50mounted-tests: debug: running subtest /usr/lib/os-probes/mounted/70hurd
Aug 17 10:32:17 acer-desktop 50mounted-tests: debug: running subtest /usr/lib/os-probes/mounted/80minix
Aug 17 10:32:17 acer-desktop 50mounted-tests: debug: running subtest /usr/lib/os-probes/mounted/83haiku
Aug 17 10:32:17 acer-desktop 83haiku: debug: /dev/sda10 is not a BeFS partition: exiting
Aug 17 10:32:17 acer-desktop 50mounted-tests: debug: running subtest /usr/lib/os-probes/mounted/90linux-distro
Aug 17 10:32:17 acer-desktop 90linux-distro: result: /dev/sda10:Debian GNU/Linux (stretch/sid):Debian:linux
Aug 17 10:32:17 acer-desktop 50mounted-tests: debug: os found by subtest /usr/lib/os-probes/mounted/90linux-distro
Aug 17 10:32:17 acer-desktop os-prober: debug: os detected by /usr/lib/os-probes/50mounted-tests
Aug 17 10:32:17 acer-desktop os-prober: debug: running /usr/lib/os-probes/mounted/05efi on mounted /dev/sda11
Aug 17 10:32:17 acer-desktop 05efi: debug: Not on UEFI platform
Aug 17 10:32:17 acer-desktop os-prober: debug: running /usr/lib/os-probes/mounted/10freedos on mounted /dev/sda11
Aug 17 10:32:17 acer-desktop 10freedos: debug: /dev/sda11 is not a FAT partition: exiting
Aug 17 10:32:17 acer-desktop os-prober: debug: running /usr/lib/os-probes/mounted/10qnx on mounted /dev/sda11
Aug 17 10:32:17 acer-desktop 10qnx: debug: /dev/sda11 is not a QNX4 partition: exiting
Aug 17 10:32:17 acer-desktop os-prober: debug: running /usr/lib/os-probes/mounted/20macosx on mounted /dev/sda11
Aug 17 10:32:17 acer-desktop macosx-prober: debug: /dev/sda11 is not an HFS+ partition: exiting
Aug 17 10:32:17 acer-desktop os-prober: debug: running /usr/lib/os-probes/mounted/20microsoft on mounted /dev/sda11
Aug 17 10:32:17 acer-desktop 20microsoft: debug: /dev/sda11 is not a MS partition: exiting
Aug 17 10:32:17 acer-desktop os-prober: debug: running /usr/lib/os-probes/mounted/30utility on mounted /dev/sda11
Aug 17 10:32:17 acer-desktop 30utility: debug: /dev/sda11 is not a FAT partition: exiting
Aug 17 10:32:17 acer-desktop os-prober: debug: running /usr/lib/os-probes/mounted/40lsb on mounted /dev/sda11
Aug 17 10:32:18 acer-desktop os-prober: debug: running /usr/lib/os-probes/mounted/70hurd on mounted /dev/sda11
Aug 17 10:32:18 acer-desktop os-prober: debug: running /usr/lib/os-probes/mounted/80minix on mounted /dev/sda11
Aug 17 10:32:18 acer-desktop os-prober: debug: running /usr/lib/os-probes/mounted/83haiku on mounted /dev/sda11
Aug 17 10:32:18 acer-desktop 83haiku: debug: /dev/sda11 is not a BeFS partition: exiting
Aug 17 10:32:18 acer-desktop os-prober: debug: running /usr/lib/os-probes/mounted/90linux-distro on mounted /dev/sda11
Aug 17 10:32:18 acer-desktop 90linux-distro: result: /dev/sda11:Debian GNU/Linux (jessie/sid):Debian1:linux
Aug 17 10:32:18 acer-desktop os-prober: debug: os detected by /usr/lib/os-probes/mounted/90linux-distro
Aug 17 10:32:18 acer-desktop os-prober: debug: running /usr/lib/os-probes/mounted/05efi on mounted /dev/sda12
Aug 17 10:32:18 acer-desktop 05efi: debug: Not on UEFI platform
Aug 17 10:32:18 acer-desktop os-prober: debug: running /usr/lib/os-probes/mounted/10freedos on mounted /dev/sda12
Aug 17 10:32:18 acer-desktop 10freedos: debug: /dev/sda12 is not a FAT partition: exiting
Aug 17 10:32:18 acer-desktop os-prober: debug: running /usr/lib/os-probes/mounted/10qnx on mounted /dev/sda12
Aug 17 10:32:18 acer-desktop 10qnx: debug: /dev/sda12 is not a QNX4 partition: exiting
Aug 17 10:32:18 acer-desktop os-prober: debug: running /usr/lib/os-probes/mounted/20macosx on mounted /dev/sda12
Aug 17 10:32:18 acer-desktop macosx-prober: debug: /dev/sda12 is not an HFS+ partition: exiting
Aug 17 10:32:18 acer-desktop os-prober: debug: running /usr/lib/os-probes/mounted/20microsoft on mounted /dev/sda12
Aug 17 10:32:18 acer-desktop 20microsoft: debug: /dev/sda12 is not a MS partition: exiting
Aug 17 10:32:18 acer-desktop os-prober: debug: running /usr/lib/os-probes/mounted/30utility on mounted /dev/sda12
Aug 17 10:32:18 acer-desktop 30utility: debug: /dev/sda12 is not a FAT partition: exiting
Aug 17 10:32:18 acer-desktop os-prober: debug: running /usr/lib/os-probes/mounted/40lsb on mounted /dev/sda12
Aug 17 10:32:18 acer-desktop os-prober: debug: running /usr/lib/os-probes/mounted/70hurd on mounted /dev/sda12
Aug 17 10:32:18 acer-desktop os-prober: debug: running /usr/lib/os-probes/mounted/80minix on mounted /dev/sda12
Aug 17 10:32:18 acer-desktop os-prober: debug: running /usr/lib/os-probes/mounted/83haiku on mounted /dev/sda12
Aug 17 10:32:18 acer-desktop 83haiku: debug: /dev/sda12 is not a BeFS partition: exiting
Aug 17 10:32:18 acer-desktop os-prober: debug: running /usr/lib/os-probes/mounted/90linux-distro on mounted /dev/sda12
Aug 17 10:32:18 acer-desktop os-prober: debug: running /usr/lib/os-probes/mounted/90solaris on mounted /dev/sda12
Aug 17 10:32:18 acer-desktop os-prober: debug: running /usr/lib/os-probes/mounted/05efi on mounted /dev/sda13
Aug 17 10:32:18 acer-desktop 05efi: debug: Not on UEFI platform
Aug 17 10:32:18 acer-desktop os-prober: debug: running /usr/lib/os-probes/mounted/10freedos on mounted /dev/sda13
Aug 17 10:32:18 acer-desktop 10freedos: debug: /dev/sda13 is not a FAT partition: exiting
Aug 17 10:32:18 acer-desktop os-prober: debug: running /usr/lib/os-probes/mounted/10qnx on mounted /dev/sda13
Aug 17 10:32:18 acer-desktop 10qnx: debug: /dev/sda13 is not a QNX4 partition: exiting
Aug 17 10:32:18 acer-desktop os-prober: debug: running /usr/lib/os-probes/mounted/20macosx on mounted /dev/sda13
Aug 17 10:32:18 acer-desktop macosx-prober: debug: /dev/sda13 is not an HFS+ partition: exiting
Aug 17 10:32:18 acer-desktop os-prober: debug: running /usr/lib/os-probes/mounted/20microsoft on mounted /dev/sda13
Aug 17 10:32:18 acer-desktop 20microsoft: debug: /dev/sda13 is not a MS partition: exiting
Aug 17 10:32:18 acer-desktop os-prober: debug: running /usr/lib/os-probes/mounted/30utility on mounted /dev/sda13
Aug 17 10:32:18 acer-desktop 30utility: debug: /dev/sda13 is not a FAT partition: exiting
Aug 17 10:32:18 acer-desktop os-prober: debug: running /usr/lib/os-probes/mounted/40lsb on mounted /dev/sda13
Aug 17 10:32:18 acer-desktop os-prober: debug: running /usr/lib/os-probes/mounted/70hurd on mounted /dev/sda13
Aug 17 10:32:18 acer-desktop os-prober: debug: running /usr/lib/os-probes/mounted/80minix on mounted /dev/sda13
Aug 17 10:32:18 acer-desktop os-prober: debug: running /usr/lib/os-probes/mounted/83haiku on mounted /dev/sda13
Aug 17 10:32:18 acer-desktop 83haiku: debug: /dev/sda13 is not a BeFS partition: exiting
Aug 17 10:32:18 acer-desktop os-prober: debug: running /usr/lib/os-probes/mounted/90linux-distro on mounted /dev/sda13
Aug 17 10:32:18 acer-desktop os-prober: debug: running /usr/lib/os-probes/mounted/90solaris on mounted /dev/sda13
Aug 17 10:32:18 acer-desktop os-prober: debug: running /usr/lib/os-probes/mounted/05efi on mounted /dev/sda14
Aug 17 10:32:18 acer-desktop 05efi: debug: Not on UEFI platform
Aug 17 10:32:18 acer-desktop os-prober: debug: running /usr/lib/os-probes/mounted/10freedos on mounted /dev/sda14
Aug 17 10:32:18 acer-desktop 10freedos: debug: /dev/sda14 is not a FAT partition: exiting
Aug 17 10:32:18 acer-desktop os-prober: debug: running /usr/lib/os-probes/mounted/10qnx on mounted /dev/sda14
Aug 17 10:32:18 acer-desktop 10qnx: debug: /dev/sda14 is not a QNX4 partition: exiting
Aug 17 10:32:18 acer-desktop os-prober: debug: running /usr/lib/os-probes/mounted/20macosx on mounted /dev/sda14
Aug 17 10:32:18 acer-desktop macosx-prober: debug: /dev/sda14 is not an HFS+ partition: exiting
Aug 17 10:32:18 acer-desktop os-prober: debug: running /usr/lib/os-probes/mounted/20microsoft on mounted /dev/sda14
Aug 17 10:32:18 acer-desktop 20microsoft: debug: /dev/sda14 is not a MS partition: exiting
Aug 17 10:32:18 acer-desktop os-prober: debug: running /usr/lib/os-probes/mounted/30utility on mounted /dev/sda14
Aug 17 10:32:18 acer-desktop 30utility: debug: /dev/sda14 is not a FAT partition: exiting
Aug 17 10:32:18 acer-desktop os-prober: debug: running /usr/lib/os-probes/mounted/40lsb on mounted /dev/sda14
Aug 17 10:32:18 acer-desktop os-prober: debug: running /usr/lib/os-probes/mounted/70hurd on mounted /dev/sda14
Aug 17 10:32:18 acer-desktop os-prober: debug: running /usr/lib/os-probes/mounted/80minix on mounted /dev/sda14
Aug 17 10:32:18 acer-desktop os-prober: debug: running /usr/lib/os-probes/mounted/83haiku on mounted /dev/sda14
Aug 17 10:32:18 acer-desktop 83haiku: debug: /dev/sda14 is not a BeFS partition: exiting
Aug 17 10:32:18 acer-desktop os-prober: debug: running /usr/lib/os-probes/mounted/90linux-distro on mounted /dev/sda14
Aug 17 10:32:18 acer-desktop os-prober: debug: running /usr/lib/os-probes/mounted/90solaris on mounted /dev/sda14
Aug 17 10:32:18 acer-desktop os-prober: debug: running /usr/lib/os-probes/mounted/05efi on mounted /dev/sda15
Aug 17 10:32:18 acer-desktop 05efi: debug: Not on UEFI platform
Aug 17 10:32:18 acer-desktop os-prober: debug: running /usr/lib/os-probes/mounted/10freedos on mounted /dev/sda15
Aug 17 10:32:18 acer-desktop 10freedos: debug: /dev/sda15 is not a FAT partition: exiting
Aug 17 10:32:18 acer-desktop os-prober: debug: running /usr/lib/os-probes/mounted/10qnx on mounted /dev/sda15
Aug 17 10:32:18 acer-desktop 10qnx: debug: /dev/sda15 is not a QNX4 partition: exiting
Aug 17 10:32:18 acer-desktop os-prober: debug: running /usr/lib/os-probes/mounted/20macosx on mounted /dev/sda15
Aug 17 10:32:18 acer-desktop macosx-prober: debug: /dev/sda15 is not an HFS+ partition: exiting
Aug 17 10:32:18 acer-desktop os-prober: debug: running /usr/lib/os-probes/mounted/20microsoft on mounted /dev/sda15
Aug 17 10:32:18 acer-desktop 20microsoft: debug: /dev/sda15 is not a MS partition: exiting
Aug 17 10:32:18 acer-desktop os-prober: debug: running /usr/lib/os-probes/mounted/30utility on mounted /dev/sda15
Aug 17 10:32:18 acer-desktop 30utility: debug: /dev/sda15 is not a FAT partition: exiting
Aug 17 10:32:18 acer-desktop os-prober: debug: running /usr/lib/os-probes/mounted/40lsb on mounted /dev/sda15
Aug 17 10:32:18 acer-desktop os-prober: debug: running /usr/lib/os-probes/mounted/70hurd on mounted /dev/sda15
Aug 17 10:32:18 acer-desktop os-prober: debug: running /usr/lib/os-probes/mounted/80minix on mounted /dev/sda15
Aug 17 10:32:18 acer-desktop os-prober: debug: running /usr/lib/os-probes/mounted/83haiku on mounted /dev/sda15
Aug 17 10:32:18 acer-desktop 83haiku: debug: /dev/sda15 is not a BeFS partition: exiting
Aug 17 10:32:18 acer-desktop os-prober: debug: running /usr/lib/os-probes/mounted/90linux-distro on mounted /dev/sda15
Aug 17 10:32:18 acer-desktop os-prober: debug: running /usr/lib/os-probes/mounted/90solaris on mounted /dev/sda15
Aug 17 10:32:18 acer-desktop os-prober: debug: running /usr/lib/os-probes/50mounted-tests on /dev/sda2
Aug 17 10:32:19 acer-desktop 50mounted-tests: debug: mounted using GRUB ntfs filesystem driver
Aug 17 10:32:19 acer-desktop 50mounted-tests: debug: running subtest /usr/lib/os-probes/mounted/05efi
Aug 17 10:32:19 acer-desktop 05efi: debug: Not on UEFI platform
Aug 17 10:32:19 acer-desktop 50mounted-tests: debug: running subtest /usr/lib/os-probes/mounted/10freedos
Aug 17 10:32:19 acer-desktop 10freedos: debug: /dev/sda2 is not a FAT partition: exiting
Aug 17 10:32:19 acer-desktop 50mounted-tests: debug: running subtest /usr/lib/os-probes/mounted/10qnx
Aug 17 10:32:19 acer-desktop 10qnx: debug: /dev/sda2 is not a QNX4 partition: exiting
Aug 17 10:32:19 acer-desktop 50mounted-tests: debug: running subtest /usr/lib/os-probes/mounted/20macosx
Aug 17 10:32:19 acer-desktop macosx-prober: debug: /dev/sda2 is not an HFS+ partition: exiting
Aug 17 10:32:19 acer-desktop 50mounted-tests: debug: running subtest /usr/lib/os-probes/mounted/20microsoft
Aug 17 10:32:19 acer-desktop 20microsoft: debug: /dev/sda2 is a NTFS partition
Aug 17 10:32:19 acer-desktop 20microsoft: result: /dev/sda2:Windows 7 (loader):Windows1:chain
Aug 17 10:32:19 acer-desktop 50mounted-tests: debug: os found by subtest /usr/lib/os-probes/mounted/20microsoft
Aug 17 10:32:19 acer-desktop os-prober: debug: os detected by /usr/lib/os-probes/50mounted-tests
Aug 17 10:32:19 acer-desktop os-prober: debug: running /usr/lib/os-probes/50mounted-tests on /dev/sda3
Aug 17 10:32:20 acer-desktop 50mounted-tests: debug: mounted using GRUB ntfs filesystem driver
Aug 17 10:32:20 acer-desktop 50mounted-tests: debug: running subtest /usr/lib/os-probes/mounted/05efi
Aug 17 10:32:20 acer-desktop 05efi: debug: Not on UEFI platform
Aug 17 10:32:20 acer-desktop 50mounted-tests: debug: running subtest /usr/lib/os-probes/mounted/10freedos
Aug 17 10:32:20 acer-desktop 10freedos: debug: /dev/sda3 is not a FAT partition: exiting
Aug 17 10:32:20 acer-desktop 50mounted-tests: debug: running subtest /usr/lib/os-probes/mounted/10qnx
Aug 17 10:32:20 acer-desktop 10qnx: debug: /dev/sda3 is not a QNX4 partition: exiting
Aug 17 10:32:20 acer-desktop 50mounted-tests: debug: running subtest /usr/lib/os-probes/mounted/20macosx
Aug 17 10:32:20 acer-desktop macosx-prober: debug: /dev/sda3 is not an HFS+ partition: exiting
Aug 17 10:32:20 acer-desktop 50mounted-tests: debug: running subtest /usr/lib/os-probes/mounted/20microsoft
Aug 17 10:32:20 acer-desktop 20microsoft: debug: /dev/sda3 is a NTFS partition
Aug 17 10:32:21 acer-desktop 50mounted-tests: debug: running subtest /usr/lib/os-probes/mounted/30utility
Aug 17 10:32:21 acer-desktop 30utility: debug: /dev/sda3 is not a FAT partition: exiting
Aug 17 10:32:21 acer-desktop 50mounted-tests: debug: running subtest /usr/lib/os-probes/mounted/40lsb
Aug 17 10:32:21 acer-desktop 50mounted-tests: debug: running subtest /usr/lib/os-probes/mounted/70hurd
Aug 17 10:32:21 acer-desktop 50mounted-tests: debug: running subtest /usr/lib/os-probes/mounted/80minix
Aug 17 10:32:21 acer-desktop 50mounted-tests: debug: running subtest /usr/lib/os-probes/mounted/83haiku
Aug 17 10:32:21 acer-desktop 83haiku: debug: /dev/sda3 is not a BeFS partition: exiting
Aug 17 10:32:21 acer-desktop 50mounted-tests: debug: running subtest /usr/lib/os-probes/mounted/90linux-distro
Aug 17 10:32:21 acer-desktop 50mounted-tests: debug: running subtest /usr/lib/os-probes/mounted/90solaris
Aug 17 10:32:21 acer-desktop 50mounted-tests: debug: running subtest /usr/lib/os-probes/mounted/efi
Aug 17 10:32:21 acer-desktop os-prober: debug: running /usr/lib/os-probes/50mounted-tests on /dev/sda4
Aug 17 10:32:22 acer-desktop kernel: [  942.938766] XFS (sda4): bad magic number
Aug 17 10:32:22 acer-desktop kernel: [  942.938774] XFS (sda4): SB validate failed
Aug 17 10:32:22 acer-desktop kernel: [  942.994315] FAT-fs (sda4): utf8 is not a recommended IO charset for FAT filesystems, filesystem will be case sensitive!
Aug 17 10:32:22 acer-desktop kernel: [  942.994608] FAT-fs (sda4): Can't find a valid FAT filesystem
Aug 17 10:32:22 acer-desktop kernel: [  943.026161] FAT-fs (sda4): utf8 is not a recommended IO charset for FAT filesystems, filesystem will be case sensitive!
Aug 17 10:32:22 acer-desktop kernel: [  943.027182] FAT-fs (sda4): Can't find a valid FAT filesystem
Aug 17 10:32:22 acer-desktop kernel: [  943.065035] MINIX-fs: unable to read superblock
Aug 17 10:32:22 acer-desktop kernel: [  943.117910] attempt to access beyond end of device
Aug 17 10:32:22 acer-desktop kernel: [  943.117919] sda4: rw=0, want=3, limit=2
Aug 17 10:32:22 acer-desktop kernel: [  943.117926] hfs: unable to find HFS+ superblock
