0] Zone PFN ranges:
[    0.000000]   DMA      0x00000010 -> 0x00001000
[    0.000000]   Normal   0x00001000 -> 0x000379fe
[    0.000000]   HighMem  0x000379fe -> 0x0014fe00
[    0.000000] Movable zone start PFN for each node
[    0.000000] early_node_map[4] active PFN ranges
[    0.000000]     0: 0x00000010 -> 0x0000009d
[    0.000000]     0: 0x00000100 -> 0x000a6e3f
[    0.000000]     0: 0x000a6fff -> 0x000a7000
[    0.000000]     0: 0x00100000 -> 0x0014fe00
[    0.000000] On node 0 totalpages: 1010637
[    0.000000] free_area_init_node: node 0, pgdat c1415d40, node_mem_map f4188200
[    0.000000]   DMA zone: 32 pages used for memmap
[    0.000000]   DMA zone: 0 pages reserved
[    0.000000]   DMA zone: 3949 pages, LIFO batch:0
[    0.000000]   Normal zone: 1748 pages used for memmap
[    0.000000]   Normal zone: 221994 pages, LIFO batch:31
[    0.000000]   HighMem zone: 8969 pages used for memmap
[    0.000000]   HighMem zone: 773945 pages, LIFO batch:31
[    0.000000] Using APIC driver default
[    0.000000] ACPI: PM-Timer IO Port: 0x408
[    0.000000] ACPI: Local APIC address 0xfee00000
[    0.000000] ACPI: LAPIC (acpi_id[0x01] lapic_id[0x00] enabled)
[    0.000000] ACPI: LAPIC (acpi_id[0x02] lapic_id[0x02] enabled)
[    0.000000] ACPI: LAPIC (acpi_id[0x03] lapic_id[0x00] disabled)
[    0.000000] ACPI: LAPIC (acpi_id[0x04] lapic_id[0x00] disabled)
[    0.000000] ACPI: LAPIC (acpi_id[0x05] lapic_id[0x00] disabled)
[    0.000000] ACPI: LAPIC (acpi_id[0x06] lapic_id[0x00] disabled)
[    0.000000] ACPI: LAPIC (acpi_id[0x07] lapic_id[0x00] disabled)
[    0.000000] ACPI: LAPIC (acpi_id[0x08] lapic_id[0x00] disabled)
[    0.000000] ACPI: IOAPIC (id[0x00] address[0xfec00000] gsi_base[0])
[    0.000000] IOAPIC[0]: apic_id 0, version 32, address 0xfec00000, GSI 0-23
[    0.000000] ACPI: INT_SRC_OVR (bus 0 bus_irq 0 global_irq 2 dfl dfl)
[    0.000000] ACPI: INT_SRC_OVR (bus 0 bus_irq 9 global_irq 9 high level)
[    0.000000] ACPI: IRQ0 used by override.
[    0.000000] ACPI: IRQ2 used by override.
[    0.000000] ACPI: IRQ9 used by override.
[    0.000000] Using ACPI (MADT) for SMP configuration information
[    0.000000] ACPI: HPET id: 0x8086a201 base: 0xfed00000
[    0.000000] SMP: Allowing 8 CPUs, 6 hotplug CPUs
[    0.000000] nr_irqs_gsi: 40
[    0.000000] PM: Registered nosave memory: 000000000009d000 - 000000000009e000
[    0.000000] PM: Registered nosave memory: 000000000009e000 - 00000000000a0000
[    0.000000] PM: Registered nosave memory: 00000000000a0000 - 00000000000e0000
[    0.000000] PM: Registered nosave memory: 00000000000e0000 - 0000000000100000
[    0.000000] Allocating PCI resources starting at afa00000 (gap: afa00000:30600000)
[    0.000000] Booting paravirtualized kernel on bare hardware
[    0.000000] setup_percpu: NR_CPUS:32 nr_cpumask_bits:32 nr_cpu_ids:8 nr_node_ids:1
[    0.000000] PERCPU: Embedded 14 pages/cpu @f797b000 s33024 r0 d24320 u57344
[    0.000000] pcpu-alloc: s33024 r0 d24320 u57344 alloc=14*4096
[    0.000000] pcpu-alloc: [0] 0 [0] 1 [0] 2 [0] 3 [0] 4 [0] 5 [0] 6 [0] 7 
[    0.000000] Built 1 zonelists in Zone order, mobility grouping on.  Total pages: 999888
[    0.000000] Kernel command line: BOOT_IMAGE=/boot/vmlinuz-3.2.0-2-686-pae root=UUID=5d02d9de-00b1-49a6-9469-bdf601fb23c3 ro quiet
[    0.000000] PID hash table entries: 4096 (order: 2, 16384 bytes)
[    0.000000] Dentry cache hash table entries: 131072 (order: 7, 524288 bytes)
[    0.000000] Inode-cache hash table entries: 65536 (order: 6, 262144 bytes)
[    0.000000] Initializing CPU#0
[    0.000000] xsave/xrstor: enabled xstate_bv 0x3, cntxt size 0x240
[    0.000000] Initializing HighMem for node 0 (000379fe:0014fe00)
[    0.000000] Memory: 3982524k/5502976k available (2843k kernel code, 60024k reserved, 1369k data, 412k init, 3131656k highmem)
[    0.000000] virtual kernel memory layout:
[    0.000000]     fixmap  : 0xffd36000 - 0xfffff000   (2852 kB)
[    0.000000]     pkmap   : 0xffa00000 - 0xffc00000   (2048 kB)
[    0.000000]     vmalloc : 0xf81fe000 - 0xff9fe000   ( 120 MB)
[    0.000000]     lowmem  : 0xc0000000 - 0xf79fe000   ( 889 MB)
[    0.000000]       .init : 0xc141e000 - 0xc1485000   ( 412 kB)
[    0.000000]       .data : 0xc12c6e6c - 0xc141d600   (1369 kB)
[    0.000000]       .text : 0xc1000000 - 0xc12c6e6c   (2843 kB)
[    0.000000] Checking if this processor honours the WP bit even in supervisor mode...Ok.
[    0.000000] Hierarchical RCU implementation.
[    0.000000] 	RCU dyntick-idle grace-period acceleration is enabled.
[    0.000000] NR_IRQS:2304 nr_irqs:744 16
[    0.000000] CPU 0 irqstacks, hard=f3c06000 soft=f3c08000
[    0.000000] Extended CMOS year: 2000
[    0.000000] Console: colour VGA+ 80x25
[    0.000000] console [tty0] enabled
[    0.000000] hpet clockevent registered
[    0.000000] Fast TSC calibration using PIT
[    0.004000] Detected 1596.187 MHz processor.
[    0.000002] Calibrating delay loop (skipped), value calculated using timer frequency.. 3192.37 BogoMIPS (lpj=6384748)
[    0.000007] pid_max: default: 32768 minimum: 301
[    0.000041] Security Framework initialized
[    0.000046] AppArmor: AppArmor disabled by boot time parameter
[    0.000062] Mount-cache hash table entries: 512
[    0.000184] Initializing cgroup subsys cpuacct
[    0.000191] Initializing cgroup subsys memory
[    0.000200] Initializing cgroup subsys devices
[    0.000203] Initializing cgroup subsys freezer
[    0.000205] Initializing cgroup subsys net_cls
[    0.000207] Initializing cgroup subsys blkio
[    0.000213] Initializing cgroup subsys perf_event
[    0.000245] CPU: Physical Processor ID: 0
[    0.000247] CPU: Processor Core ID: 0
[    0.000254] ENERGY_PERF_BIAS: Set to 'normal', was 'performance'
[    0.000255] ENERGY_PERF_BIAS: View and update with x86_energy_perf_policy(8)
[    0.000259] mce: CPU supports 7 MCE banks
[    0.000270] CPU0: Thermal monitoring handled by SMI
[    0.000280] using mwait in idle threads.
[    0.000892] ACPI: Core revision 20110623
[    0.019652] Enabling APIC mode:  Flat.  Using 1 I/O APICs
[    0.020079] ..TIMER: vector=0x30 apic1=0 pin1=2 apic2=-1 pin2=-1
[    0.059732] CPU0: Intel(R) Celeron(R) CPU B815 @ 1.60GHz stepping 07
[    0.167616] Performance Events: PEBS fmt1+, SandyBridge events, Intel PMU driver.
[    0.167623] PEBS disabled due to CPU errata.
[    0.167626] ... version:                3
[    0.167628] ... bit width:              48
[    0.167630] ... generic registers:      8
[    0.167632] ... value mask:             0000ffffffffffff
[    0.167634] ... max period:             000000007fffffff
[    0.167636] ... fixed-purpose events:   3
[    0.167638] ... event mask:             00000007000000ff
[    0.167832] NMI watchdog enabled, takes one hw-pmu counter.
[    0.167947] CPU 1 irqstacks, hard=f3d32000 soft=f3d34000
[    0.167949] Booting Node   0, Processors  #1
[    0.167952] smpboot cpu 1: start_ip = 99000
[    0.178202] Initializing CPU#1
[    0.255581] CPU1: Thermal monitoring handled by SMI
[    0.275631] NMI watchdog enabled, takes one hw-pmu counter.
[    0.275661] Brought up 2 CPUs
[    0.275664] Total of 2 processors activated (6385.11 BogoMIPS).
[    0.277546] devtmpfs: initialized
[    0.277723] PM: Registering ACPI NVS region at a6ebf000 (1048576 bytes)
[    0.277955] print_constraints: dummy: 
[    0.278015] NET: Registered protocol family 16
[    0.278115] ACPI FADT declares the system doesn't support PCIe ASPM, so disable it
[    0.278118] ACPI: bus type pci registered
[    0.278207] PCI: MMCONFIG for domain 0000 [bus 00-ff] at [mem 0xe0000000-0xefffffff] (base 0xe0000000)
[    0.278212] PCI: MMCONFIG at [mem 0xe0000000-0xefffffff] reserved in E820
[    0.278214] PCI: Using MMCONFIG for extended config space
[    0.278216] PCI: Using configuration type 1 for base access
[    0.278895] bio: create slab <bio-0> at 0
[    0.278986] ACPI: Added _OSI(Module Device)
[    0.278989] ACPI: Added _OSI(Processor Device)
[    0.278991] ACPI: Added _OSI(3.0 _SCP Extensions)
[    0.278994] ACPI: Added _OSI(Processor Aggregator Device)
[    0.280847] ACPI: EC: Look up EC in DSDT
[    0.295662] [Firmware Bug]: ACPI: BIOS _OSI(Linux) query ignored
[    0.296629] ACPI: SSDT a6e70718 0067C (v01  PmRef  Cpu0Cst 00003001 INTL 20100121)
[    0.297121] ACPI: Dynamic OEM Table Load:
[    0.297124] ACPI: SSDT   (null) 0067C (v01  PmRef  Cpu0Cst 00003001 INTL 20100121)
[    0.308018] ACPI: SSDT a6e71a98 00303 (v01  PmRef    ApIst 00003000 INTL 20100121)
[    0.308553] ACPI: Dynamic OEM Table Load:
[    0.308556] ACPI: SSDT   (null) 00303 (v01  PmRef    ApIst 00003000 INTL 20100121)
[    0.319798] ACPI: SSDT a6e6fd98 00119 (v01  PmRef    ApCst 00003000 INTL 20100121)
[    0.320271] ACPI: Dynamic OEM Table Load:
[    0.320274] ACPI: SSDT   (null) 00119 (v01  PmRef    ApCst 00003000 INTL 20100121)
[    0.332107] ACPI: Interpreter enabled
[    0.332114] ACPI: (supports S0 S3 S4 S5)
[    0.332144] ACPI: Using IOAPIC for interrupt routing
[    0.337520] ACPI: EC: GPE = 0x17, I/O: command/status = 0x66, data = 0x62
[    0.337729] ACPI: No dock devices found.
[    0.337732] HEST: Table not found.
[    0.337737] PCI: Using host bridge windows from ACPI; if necessary, use "pci=nocrs" and report a bug
[    0.338195] \_SB_.PCI0:_OSC invalid UUID
[    0.338197] _OSC request data:1 8 1f 
[    0.338202] ACPI: PCI Root Bridge [PCI0] (domain 0000 [bus 00-fe])
[    0.338981] pci_root PNP0A08:00: host bridge window [io  0x0000-0x0cf7]
[    0.338985] pci_root PNP0A08:00: host bridge window [io  0x0d00-0xffff]
[    0.338988] pci_root PNP0A08:00: host bridge window [mem 0x000a0000-0x000bffff]
[    0.338993] pci_root PNP0A08:00: host bridge window [mem 0xafa00000-0xfeafffff]
[    0.339008] pci 0000:00:00.0: [8086:0104] type 0 class 0x000600
[    0.339059] pci 0000:00:02.0: [8086:0106] type 0 class 0x000300
[    0.339074] pci 0000:00:02.0: reg 10: [mem 0xc0000000-0xc03fffff 64bit]
[    0.339083] pci 0000:00:02.0: reg 18: [mem 0xb0000000-0xbfffffff 64bit pref]
[    0.339089] pci 0000:00:02.0: reg 20: [io  0x4000-0x403f]
[    0.339179] pci 0000:00:16.0: [8086:1c3a] type 0 class 0x000780
[    0.339214] pci 0000:00:16.0: reg 10: [mem 0xc4404000-0xc440400f 64bit]
[    0.339337] pci 0000:00:16.0: PME# supported from D0 D3hot D3cold
[    0.339343] pci 0000:00:16.0: PME# disabled
[    0.339398] pci 0000:00:1a.0: [8086:1c2d] type 0 class 0x000c03
[    0.339678] pci 0000:00:1a.0: reg 10: [mem 0xc4409000-0xc44093ff]
[    0.341212] pci 0000:00:1a.0: PME# supported from D0 D3hot D3cold
[    0.341218] pci 0000:00:1a.0: PME# disabled
[    0.341259] pci 0000:00:1b.0: [8086:1c20] type 0 class 0x000403
[    0.341287] pci 0000:00:1b.0: reg 10: [mem 0xc4400000-0xc4403fff 64bit]
[    0.341420] pci 0000:00:1b.0: PME# supported from D0 D3hot D3cold
[    0.341426] pci 0000:00:1b.0: PME# disabled
[    0.341464] pci 0000:00:1c.0: [8086:1c10] type 1 class 0x000604
[    0.341610] pci 0000:00:1c.0: PME# supported from D0 D3hot D3cold
[    0.341616] pci 0000:00:1c.0: PME# disabled
[    0.341663] pci 0000:00:1c.5: [8086:1c1a] type 1 class 0x000604
[    0.341803] pci 0000:00:1c.5: PME# supported from D0 D3hot D3cold
[    0.341809] pci 0000:00:1c.5: PME# disabled
[    0.341857] pci 0000:00:1d.0: [8086:1c26] type 0 class 0x000c03
[    0.342121] pci 0000:00:1d.0: reg 10: [mem 0xc4408000-0xc44083ff]
[    0.343658] pci 0000:00:1d.0: PME# supported from D0 D3hot D3cold
[    0.343664] pci 0000:00:1d.0: PME# disabled
[    0.343699] pci 0000:00:1f.0: [8086:1c49] type 0 class 0x000601
[    0.343892] pci 0000:00:1f.2: [8086:1c03] type 0 class 0x000106
[    0.343928] pci 0000:00:1f.2: reg 10: [io  0x4088-0x408f]
[    0.343943] pci 0000:00:1f.2: reg 14: [io  0x4094-0x4097]
[    0.343958] pci 0000:00:1f.2: reg 18: [io  0x4080-0x4087]
[    0.343973] pci 0000:00:1f.2: reg 1c: [io  0x4090-0x4093]
[    0.343987] pci 0000:00:1f.2: reg 20: [io  0x4060-0x407f]
[    0.344002] pci 0000:00:1f.2: reg 24: [mem 0xc4407000-0xc44077ff]
[    0.344097] pci 0000:00:1f.2: PME# supported from D3hot
[    0.344103] pci 0000:00:1f.2: PME# disabled
[    0.344135] pci 0000:00:1f.3: [8086:1c22] type 0 class 0x000c05
[    0.344163] pci 0000:00:1f.3: reg 10: [mem 0xc4405000-0xc44050ff 64bit]
[    0.344201] pci 0000:00:1f.3: reg 20: [io  0x4040-0x405f]
[    0.344472] pci 0000:02:00.0: [1969:2062] type 0 class 0x000200
[    0.344558] pci 0000:02:00.0: reg 10: [mem 0xc3400000-0xc343ffff 64bit]
[    0.344626] pci 0000:02:00.0: reg 18: [io  0x3000-0x307f]
[    0.345174] pci 0000:02:00.0: PME# supported from D0 D1 D2 D3hot D3cold
[    0.345186] pci 0000:02:00.0: PME# disabled
[    0.351649] pci 0000:00:1c.0: PCI bridge to [bus 02-02]
[    0.351660] pci 0000:00:1c.0:   bridge window [io  0x3000-0x3fff]
[    0.351670] pci 0000:00:1c.0:   bridge window [mem 0xc3400000-0xc43fffff]
[    0.351686] pci 0000:00:1c.0:   bridge window [mem 0xc0400000-0xc13fffff 64bit pref]
[    0.351814] pci 0000:07:00.0: [168c:0032] type 0 class 0x000280
[    0.351851] pci 0000:07:00.0: reg 10: [mem 0xc2400000-0xc247ffff 64bit]
[    0.351937] pci 0000:07:00.0: reg 30: [mem 0xffff0000-0xffffffff pref]
[    0.352030] pci 0000:07:00.0: supports D1 D2
[    0.352032] pci 0000:07:00.0: PME# supported from D0 D1 D2 D3hot D3cold
[    0.352039] pci 0000:07:00.0: PME# disabled
[    0.359588] pci 0000:00:1c.5: PCI bridge to [bus 07-07]
[    0.359597] pci 0000:00:1c.5:   bridge window [io  0x2000-0x2fff]
[    0.359607] pci 0000:00:1c.5:   bridge window [mem 0xc2400000-0xc33fffff]
[    0.359622] pci 0000:00:1c.5:   bridge window [mem 0xc1400000-0xc23fffff 64bit pref]
[    0.359650] pci_bus 0000:00: on NUMA node 0
[    0.359658] ACPI: PCI Interrupt Routing Table [\_SB_.PCI0._PRT]
[    0.359931] ACPI: PCI Interrupt Routing Table [\_SB_.PCI0.RP01._PRT]
[    0.359990] ACPI: PCI Interrupt Routing Table [\_SB_.PCI0.RP06._PRT]
[    0.360105] \_SB_.PCI0:_OSC invalid UUID
[    0.360107] _OSC request data:1 1f 1f 
[    0.360112]  pci0000:00: Requesting ACPI _OSC control (0x1d)
[    0.360158] \_SB_.PCI0:_OSC invalid UUID
[    0.360159] _OSC request data:1 0 1d 
[    0.360164]  pci0000:00: ACPI _OSC request failed (AE_ERROR), returned control mask: 0x1d
[    0.360166] ACPI _OSC control for PCIe not granted, disabling ASPM
[    0.363659] ACPI: PCI Interrupt Link [LNKA] (IRQs 1 3 4 5 6 10 11 12 14 15) *7
[    0.363725] ACPI: PCI Interrupt Link [LNKB] (IRQs 1 3 4 5 6 10 11 12 14 15) *0, disabled.
[    0.363787] ACPI: PCI Interrupt Link [LNKC] (IRQs 1 3 4 5 6 10 *11 12 14 15)
[    0.363849] ACPI: PCI Interrupt Link [LNKD] (IRQs 1 3 4 5 6 10 11 12 14 15) *7
[    0.363910] ACPI: PCI Interrupt Link [LNKE] (IRQs 1 3 4 5 6 10 11 12 14 15) *0, disabled.
[    0.363977] ACPI: PCI Interrupt Link [LNKF] (IRQs 1 3 4 5 6 *10 11 12 14 15)
[    0.364038] ACPI: PCI Interrupt Link [LNKG] (IRQs 1 3 4 5 6 *10 11 12 14 15)
[    0.364100] ACPI: PCI Interrupt Link [LNKH] (IRQs 1 3 4 5 6 10 *11 12 14 15)
[    0.364221] vgaarb: device added: PCI:0000:00:02.0,decodes=io+mem,owns=io+mem,locks=none
[    0.364229] vgaarb: loaded
[    0.364231] vgaarb: bridge control possible 0000:00:02.0
[    0.364272] PCI: Using ACPI for IRQ routing
[    0.372123] PCI: pci_cache_line_size set to 64 bytes
[    0.372234] reserve RAM buffer: 000000000009d800 - 000000000009ffff 
[    0.372237] reserve RAM buffer: 00000000a6e3f000 - 00000000a7ffffff 
[    0.372241] reserve RAM buffer: 00000000a7000000 - 00000000a7ffffff 
[    0.372244] reserve RAM buffer: 000000014fe00000 - 000000014fffffff 
[    0.372372] hpet0: at MMIO 0xfed00000, IRQs 2, 8, 0, 0, 0, 0, 0, 0
[    0.372379] hpet0: 8 comparators, 64-bit 14.318180 MHz counter
[    0.375396] Switching to clocksource hpet
[    0.377302] pnp: PnP ACPI init
[    0.377318] ACPI: bus type pnp registered
[    0.377728] pnp 00:00: [bus 00-fe]
[    0.377732] pnp 00:00: [io  0x0000-0x0cf7 window]
[    0.377735] pnp 00:00: [io  0x0cf8-0x0cff]
[    0.377737] pnp 00:00: [io  0x0d00-0xffff window]
[    0.377740] pnp 00:00: [mem 0x000a0000-0x000bffff window]
[    0.377743] pnp 00:00: [mem 0x000c0000-0x000c3fff window]
[    0.377745] pnp 00:00: [mem 0x000c4000-0x000c7fff window]
[    0.377748] pnp 00:00: [mem 0x000c8000-0x000cbfff window]
[    0.377750] pnp 00:00: [mem 0x000cc000-0x000cffff window]
[    0.377753] pnp 00:00: [mem 0x000d0000-0x000d3fff window]
[    0.377755] pnp 00:00: [mem 0x000d4000-0x000d7fff window]
[    0.377758] pnp 00:00: [mem 0x000d8000-0x000dbfff window]
[    0.377760] pnp 00:00: [mem 0x000dc000-0x000dffff window]
[    0.377763] pnp 00:00: [mem 0x000e0000-0x000e3fff window]
[    0.377765] pnp 00:00: [mem 0x000e4000-0x000e7fff window]
[    0.377768] pnp 00:00: [mem 0x000e8000-0x000ebfff window]
[    0.377770] pnp 00:00: [mem 0x000ec000-0x000effff window]
[    0.377773] pnp 00:00: [mem 0x000f0000-0x000fffff window]
[    0.377776] pnp 00:00: [mem 0xafa00000-0xfeafffff window]
[    0.377836] pnp 00:00: Plug and Play ACPI device, IDs PNP0a08 PNP0a03 (active)
[    0.377859] pnp 00:01: [io  0x0000-0x001f]
[    0.377862] pnp 00:01: [io  0x0081-0x0091]
[    0.377864] pnp 00:01: [io  0x0093-0x009f]
[    0.377866] pnp 00:01: [io  0x00c0-0x00df]
[    0.377868] pnp 00:01: [dma 4]
[    0.377897] pnp 00:01: Plug and Play ACPI device, IDs PNP0200 (active)
[    0.377908] pnp 00:02: [mem 0xff000000-0xffffffff]
[    0.377935] pnp 00:02: Plug and Play ACPI device, IDs INT0800 (active)
[    0.378027] pnp 00:03: [mem 0xfed00000-0xfed003ff]
[    0.378058] pnp 00:03: Plug and Play ACPI device, IDs PNP0103 (active)
[    0.378070] pnp 00:04: [io  0x00f0]
[    0.378079] pnp 00:04: [irq 13]
[    0.378108] pnp 00:04: Plug and Play ACPI device, IDs PNP0c04 (active)
[    0.378122] pnp 00:05: [io  0x002e-0x002f]
[    0.378124] pnp 00:05: [io  0x004e-0x004f]
[    0.378126] pnp 00:05: [io  0x0061]
[    0.378128] pnp 00:05: [io  0x0063]
[    0.378130] pnp 00:05: [io  0x0065]
[    0.378132] pnp 00:05: [io  0x0067]
[    0.378134] pnp 00:05: [io  0x0070]
[    0.378136] pnp 00:05: [io  0x0080]
[    0.378138] pnp 00:05: [io  0x0092]
[    0.378140] pnp 00:05: [io  0x00b2-0x00b3]
[    0.378142] pnp 00:05: [io  0x0680-0x069f]
[    0.378144] pnp 00:05: [io  0x1000-0x100f]
[    0.378146] pnp 00:05: [io  0x1010-0x1013]
[    0.378148] pnp 00:05: [io  0xffff]
[    0.378152] pnp 00:05: [io  0x0400-0x0453]
[    0.378154] pnp 00:05: [io  0x0458-0x047f]
[    0.378156] pnp 00:05: [io  0x0500-0x057f]
[    0.378158] pnp 00:05: [io  0x164e-0x164f]
[    0.378210] system 00:05: [io  0x0680-0x069f] has been reserved
[    0.378214] system 00:05: [io  0x1000-0x100f] has been reserved
[    0.378217] system 00:05: [io  0x1010-0x1013] has been reserved
[    0.378220] system 00:05: [io  0xffff] has been reserved
[    0.378223] system 00:05: [io  0x0400-0x0453] has been reserved
[    0.378226] system 00:05: [io  0x0458-0x047f] has been reserved
[    0.378229] system 00:05: [io  0x0500-0x057f] has been reserved
[    0.378232] system 00:05: [io  0x164e-0x164f] has been reserved
[    0.378235] system 00:05: Plug and Play ACPI device, IDs PNP0c02 (active)
[    0.378245] pnp 00:06: [io  0x0070-0x0077]
[    0.378251] pnp 00:06: [irq 8]
[    0.378284] pnp 00:06: Plug and Play ACPI device, IDs PNP0b00 (active)
[    0.378308] pnp 00:07: [io  0x0454-0x0457]
[    0.378353] system 00:07: [io  0x0454-0x0457] has been reserved
[    0.378356] system 00:07: Plug and Play ACPI device, IDs INT3f0d PNP0c02 (active)
[    0.378367] pnp 00:08: [io  0x0060]
[    0.378369] pnp 00:08: [io  0x0064]
[    0.378375] pnp 00:08: [irq 1]
[    0.378405] pnp 00:08: Plug and Play ACPI device, IDs PNP0303 (active)
[    0.378418] pnp 00:09: [irq 12]
[    0.378450] pnp 00:09: Plug and Play ACPI device, IDs SYN1b39 SYN1b00 SYN0002 PNP0f13 (active)
[    0.378590] pnp 00:0a: [mem 0xfed1c000-0xfed1ffff]
[    0.378593] pnp 00:0a: [mem 0xfed10000-0xfed17fff]
[    0.378595] pnp 00:0a: [mem 0xfed18000-0xfed18fff]
[    0.378598] pnp 00:0a: [mem 0xfed19000-0xfed19fff]
[    0.378600] pnp 00:0a: [mem 0xe0000000-0xefffffff]
[    0.378602] pnp 00:0a: [mem 0xfed20000-0xfed3ffff]
[    0.378605] pnp 00:0a: [mem 0xfed90000-0xfed93fff]
[    0.378607] pnp 00:0a: [mem 0xff000000-0xffffffff]
[    0.378609] pnp 00:0a: [mem 0xfee00000-0xfeefffff]
[    0.378612] pnp 00:0a: [mem 0xafa00000-0xafa00fff]
[    0.378663] system 00:0a: [mem 0xfed1c000-0xfed1ffff] has been reserved
[    0.378667] system 00:0a: [mem 0xfed10000-0xfed17fff] has been reserved
[    0.378670] system 00:0a: [mem 0xfed18000-0xfed18fff] has been reserved
[    0.378673] system 00:0a: [mem 0xfed19000-0xfed19fff] has been reserved
[    0.378677] system 00:0a: [mem 0xe0000000-0xefffffff] has been reserved
[    0.378680] system 00:0a: [mem 0xfed20000-0xfed3ffff] has been reserved
[    0.378683] system 00:0a: [mem 0xfed90000-0xfed93fff] has been reserved
[    0.378687] system 00:0a: [mem 0xff000000-0xffffffff] could not be reserved
[    0.378690] system 00:0a: [mem 0xfee00000-0xfeefffff] could not be reserved
[    0.378693] system 00:0a: [mem 0xafa00000-0xafa00fff] has been reserved
[    0.378697] system 00:0a: Plug and Play ACPI device, IDs PNP0c02 (active)
[    0.378960] pnp 00:0b: [mem 0x20000000-0x201fffff]
[    0.378962] pnp 00:0b: [mem 0x40000000-0x401fffff]
[    0.379025] system 00:0b: [mem 0x20000000-0x201fffff] could not be reserved
[    0.379029] system 00:0b: [mem 0x40000000-0x401fffff] could not be reserved
[    0.379032] system 00:0b: Plug and Play ACPI device, IDs PNP0c01 (active)
[    0.379080] pnp: PnP ACPI: found 12 devices
[    0.379082] ACPI: ACPI bus type pnp unregistered
[    0.379085] PnPBIOS: Disabled by ACPI PNP
[    0.416085] pci 0000:07:00.0: no compatible bridge window for [mem 0xffff0000-0xffffffff pref]
[    0.416089] PCI: max bus depth: 1 pci_try_num: 2
[    0.416120] pci 0000:00:1c.0: PCI bridge to [bus 02-02]
[    0.416125] pci 0000:00:1c.0:   bridge window [io  0x3000-0x3fff]
[    0.416134] pci 0000:00:1c.0:   bridge window [mem 0xc3400000-0xc43fffff]
[    0.416141] pci 0000:00:1c.0:   bridge window [mem 0xc0400000-0xc13fffff 64bit pref]
[    0.416154] pci 0000:07:00.0: BAR 6: assigned [mem 0xc1400000-0xc140ffff pref]
[    0.416157] pci 0000:00:1c.5: PCI bridge to [bus 07-07]
[    0.416162] pci 0000:00:1c.5:   bridge window [io  0x2000-0x2fff]
[    0.416170] pci 0000:00:1c.5:   bridge window [mem 0xc2400000-0xc33fffff]
[    0.416176] pci 0000:00:1c.5:   bridge window [mem 0xc1400000-0xc23fffff 64bit pref]
[    0.416202] pci 0000:00:1c.0: PCI INT A -> GSI 17 (level, low) -> IRQ 17
[    0.416210] pci 0000:00:1c.0: setting latency timer to 64
[    0.416223] pci 0000:00:1c.5: PCI INT B -> GSI 16 (level, low) -> IRQ 16
[    0.416230] pci 0000:00:1c.5: setting latency timer to 64
[    0.416235] pci_bus 0000:00: resource 4 [io  0x0000-0x0cf7]
[    0.416238] pci_bus 0000:00: resource 5 [io  0x0d00-0xffff]
[    0.416240] pci_bus 0000:00: resource 6 [mem 0x000a0000-0x000bffff]
[    0.416243] pci_bus 0000:00: resource 7 [mem 0xafa00000-0xfeafffff]
[    0.416246] pci_bus 0000:02: resource 0 [io  0x3000-0x3fff]
[    0.416248] pci_bus 0000:02: resource 1 [mem 0xc3400000-0xc43fffff]
[    0.416251] pci_bus 0000:02: resource 2 [mem 0xc0400000-0xc13fffff 64bit pref]
[    0.416254] pci_bus 0000:07: resource 0 [io  0x2000-0x2fff]
[    0.416257] pci_bus 0000:07: resource 1 [mem 0xc2400000-0xc33fffff]
[    0.416259] pci_bus 0000:07: resource 2 [mem 0xc1400000-0xc23fffff 64bit pref]
[    0.416313] NET: Registered protocol family 2
[    0.416378] IP route cache hash table entries: 32768 (order: 5, 131072 bytes)
[    0.416575] TCP established hash table entries: 131072 (order: 8, 1048576 bytes)
[    0.416904] TCP bind hash table entries: 65536 (order: 7, 524288 bytes)
[    0.417048] TCP: Hash tables configured (established 131072 bind 65536)
[    0.417051] TCP reno registered
[    0.417055] UDP hash table entries: 512 (order: 2, 16384 bytes)
[    0.417062] UDP-Lite hash table entries: 512 (order: 2, 16384 bytes)
[    0.417169] NET: Registered protocol family 1
[    0.417183] pci 0000:00:02.0: Boot video device
[    0.417199] pci 0000:00:1a.0: PCI INT A -> GSI 16 (level, low) -> IRQ 16
[    0.431400] pci 0000:00:1a.0: PCI INT A disabled
[    0.431446] pci 0000:00:1d.0: PCI INT A -> GSI 23 (level, low) -> IRQ 23
[    0.447373] pci 0000:00:1d.0: PCI INT A disabled
[    0.447423] PCI: CLS 64 bytes, default 64
[    0.447516] Unpacking initramfs...
[    0.843328] Freeing initrd memory: 10448k freed
[    0.845319] Simple Boot Flag at 0x44 set to 0x1
[    0.845763] audit: initializing netlink socket (disabled)
[    0.845775] type=2000 audit(1372265248.712:1): initialized
[    0.871150] highmem bounce pool size: 64 pages
[    0.871156] HugeTLB registered 2 MB page size, pre-allocated 0 pages
[    0.880101] VFS: Disk quotas dquot_6.5.2
[    0.880141] Dquot-cache hash table entries: 1024 (order 0, 4096 bytes)
[    0.880217] msgmni has been set to 1682
[    0.880411] alg: No test for stdrng (krng)
[    0.880442] Block layer SCSI generic (bsg) driver version 0.4 loaded (major 253)
[    0.880446] io scheduler noop registered
[    0.880448] io scheduler deadline registered
[    0.880462] io scheduler cfq registered (default)
[    0.880717] pci_hotplug: PCI Hot Plug PCI Core version: 0.5
[    0.880746] pciehp: PCI Express Hot Plug Controller Driver version: 0.4
[    0.880748] acpiphp: ACPI Hot Plug PCI Controller Driver version: 0.5
[    0.881121] intel_idle: MWAIT substates: 0x120
[    0.881123] intel_idle: v0.4 model 0x2A
[    0.881125] intel_idle: lapic_timer_reliable_states 0xffffffff
[    0.881166] ERST: Table is not found!
[    0.881168] GHES: HEST is not enabled!
[    0.881183] isapnp: Scanning for PnP cards...
[    1.234947] isapnp: No Plug & Play device found
[    1.235014] Serial: 8250/16550 driver, 4 ports, IRQ sharing enabled
[    1.243255] Linux agpgart interface v0.103
[    1.243378] agpgart-intel 0000:00:00.0: Intel Sandybridge Chipset
[    1.243448] agpgart-intel 0000:00:00.0: detected gtt size: 2097152K total, 262144K mappable
[    1.244141] agpgart-intel 0000:00:00.0: detected 131072K stolen memory
[    1.244266] agpgart-intel 0000:00:00.0: AGP aperture is 256M @ 0xb0000000
[    1.244432] i8042: PNP: PS/2 Controller [PNP0303:PS2K,PNP0f13:PS2M] at 0x60,0x64 irq 1,12
[    1.250643] i8042: Detected active multiplexing controller, rev 1.1
[    1.253906] serio: i8042 KBD port at 0x60,0x64 irq 1
[    1.253914] serio: i8042 AUX0 port at 0x60,0x64 irq 12
[    1.253951] serio: i8042 AUX1 port at 0x60,0x64 irq 12
[    1.253980] serio: i8042 AUX2 port at 0x60,0x64 irq 12
[    1.254009] serio: i8042 AUX3 port at 0x60,0x64 irq 12
[    1.254142] mousedev: PS/2 mouse device common for all mice
[    1.254194] rtc_cmos 00:06: RTC can wake from S4
[    1.254317] rtc_cmos 00:06: rtc core: registered rtc_cmos as rtc0
[    1.254348] rtc0: alarms up to one year, y3k, 242 bytes nvram, hpet irqs
[    1.254414] cpuidle: using governor ladder
[    1.254503] cpuidle: using governor menu
[    1.254706] TCP cubic registered
[    1.254779] NET: Registered protocol family 10
[    1.255326] Mobile IPv6
[    1.255329] NET: Registered protocol family 17
[    1.255334] Registering the dns_resolver key type
[    1.255358] Using IPI No-Shortcut mode
[    1.255545] PM: Hibernation image not present or could not be loaded.
[    1.255559] registered taskstats version 1
[    1.260433] rtc_cmos 00:06: setting system clock to 2013-06-26 16:47:30 UTC (1372265250)
[    1.260504] Initializing network drop monitor service
[    1.260606] Freeing unused kernel memory: 412k freed
[    1.260759] Write protecting the kernel text: 2844k
[    1.260810] Write protecting the kernel read-only data: 1112k
[    1.260812] NX-protecting the kernel data: 3300k
[    1.273912] udevd[49]: starting version 175
[    1.277960] input: AT Translated Set 2 keyboard as /devices/platform/i8042/serio0/input/input0
[    1.294522] usbcore: registered new interface driver usbfs
[    1.294548] usbcore: registered new interface driver hub
[    1.309177] atl1c 0000:02:00.0: PCI INT A -> GSI 16 (level, low) -> IRQ 16
[    1.309209] atl1c 0000:02:00.0: setting latency timer to 64
[    1.317672] usbcore: registered new device driver usb
[    1.318122] ehci_hcd: USB 2.0 'Enhanced' Host Controller (EHCI) Driver
[    1.318150] ehci_hcd 0000:00:1a.0: PCI INT A -> GSI 16 (level, low) -> IRQ 16
[    1.318173] ehci_hcd 0000:00:1a.0: setting latency timer to 64
[    1.318178] ehci_hcd 0000:00:1a.0: EHCI Host Controller
[    1.318203] ehci_hcd 0000:00:1a.0: new USB bus registered, assigned bus number 1
[    1.318235] ehci_hcd 0000:00:1a.0: debug port 2
[    1.322122] ehci_hcd 0000:00:1a.0: cache line size of 64 is not supported
[    1.322162] ehci_hcd 0000:00:1a.0: irq 16, io mem 0xc4409000
[    1.328810] SCSI subsystem initialized
[    1.340411] ehci_hcd 0000:00:1a.0: USB 2.0 started, EHCI 1.00
[    1.340443] usb usb1: New USB device found, idVendor=1d6b, idProduct=0002
[    1.340447] usb usb1: New USB device strings: Mfr=3, Product=2, SerialNumber=1
[    1.340450] usb usb1: Product: EHCI Host Controller
[    1.340452] usb usb1: Manufacturer: Linux 3.2.0-2-686-pae ehci_hcd
[    1.340454] usb usb1: SerialNumber: 0000:00:1a.0
[    1.340598] hub 1-0:1.0: USB hub found
[    1.340603] hub 1-0:1.0: 2 ports detected
[    1.340686] ehci_hcd 0000:00:1d.0: PCI INT A -> GSI 23 (level, low) -> IRQ 23
[    1.340714] ehci_hcd 0000:00:1d.0: setting latency timer to 64
[    1.340718] ehci_hcd 0000:00:1d.0: EHCI Host Controller
[    1.340727] ehci_hcd 0000:00:1d.0: new USB bus registered, assigned bus number 2
[    1.340758] ehci_hcd 0000:00:1d.0: debug port 2
[    1.344657] ehci_hcd 0000:00:1d.0: cache line size of 64 is not supported
[    1.344911] libata version 3.00 loaded.
[    1.356354] ehci_hcd 0000:00:1d.0: irq 23, io mem 0xc4408000
[    1.358337] thermal LNXTHERM:00: registered as thermal_zone0
[    1.358342] ACPI: Thermal Zone [THRM] (81 C)
[    1.370725] ehci_hcd 0000:00:1d.0: USB 2.0 started, EHCI 1.00
[    1.370755] usb usb2: New USB device found, idVendor=1d6b, idProduct=0002
[    1.370759] usb usb2: New USB device strings: Mfr=3, Product=2, SerialNumber=1
[    1.370762] usb usb2: Product: EHCI Host Controller
[    1.370764] usb usb2: Manufacturer: Linux 3.2.0-2-686-pae ehci_hcd
[    1.370766] usb usb2: SerialNumber: 0000:00:1d.0
[    1.370909] hub 2-0:1.0: USB hub found
[    1.370915] hub 2-0:1.0: 2 ports detected
[    1.371004] ahci 0000:00:1f.2: version 3.0
[    1.371031] ahci 0000:00:1f.2: PCI INT B -> GSI 19 (level, low) -> IRQ 19
[    1.371096] ahci 0000:00:1f.2: irq 40 for MSI/MSI-X
[    1.371131] ahci: SSS flag set, parallel bus scan disabled
[    1.371162] ahci 0000:00:1f.2: AHCI 0001.0300 32 slots 6 ports 6 Gbps 0x3 impl SATA mode
[    1.371166] ahci 0000:00:1f.2: flags: 64bit ncq sntf stag pm led clo pio slum part ems apst 
[    1.371173] ahci 0000:00:1f.2: setting latency timer to 64
[    1.379412] scsi0 : ahci
[    1.379556] scsi1 : ahci
[    1.379646] scsi2 : ahci
[    1.379723] scsi3 : ahci
[    1.379806] scsi4 : ahci
[    1.379878] scsi5 : ahci
[    1.380013] ata1: SATA max UDMA/133 abar m2048@0xc4407000 port 0xc4407100 irq 40
[    1.380017] ata2: SATA max UDMA/133 abar m2048@0xc4407000 port 0xc4407180 irq 40
[    1.380020] ata3: DUMMY
[    1.380021] ata4: DUMMY
[    1.380023] ata5: DUMMY
[    1.380025] ata6: DUMMY
[    1.435446] atl1c 0000:02:00.0: version 1.0.1.0-NAPI
[    1.650527] usb 1-1: new high-speed USB device number 2 using ehci_hcd
[    1.698500] ata1: SATA link up 3.0 Gbps (SStatus 123 SControl 300)
[    1.736534] ata1.00: ATA-8: TOSHIBA MQ01ABD032, AX001A, max UDMA/100
[    1.736542] ata1.00: 625142448 sectors, multi 16: LBA48 NCQ (depth 31/32), AA
[    1.738397] ata1.00: configured for UDMA/100
[    1.738702] scsi 0:0:0:0: Direct-Access     ATA      TOSHIBA MQ01ABD0 AX00 PQ: 0 ANSI: 5
[    1.782804] usb 1-1: New USB device found, idVendor=8087, idProduct=0024
[    1.782811] usb 1-1: New USB device strings: Mfr=0, Product=0, SerialNumber=0
[    1.783213] hub 1-1:1.0: USB hub found
[    1.783269] hub 1-1:1.0: 6 ports detected
[    1.842386] Refined TSC clocksource calibration: 1596.373 MHz.
[    1.842396] Switching to clocksource tsc
[    1.894349] usb 2-1: new high-speed USB device number 2 using ehci_hcd
[    2.026630] usb 2-1: New USB device found, idVendor=8087, idProduct=0024
[    2.026639] usb 2-1: New USB device strings: Mfr=0, Product=0, SerialNumber=0
[    2.027023] hub 2-1:1.0: USB hub found
[    2.027083] hub 2-1:1.0: 6 ports detected
[    2.058235] ata2: SATA link up 1.5 Gbps (SStatus 113 SControl 300)
[    2.060758] ata2.00: ATAPI: HL-DT-ST DVDRAM GT51N, 1.00, max UDMA/100
[    2.063600] ata2.00: configured for UDMA/100
[    2.065462] scsi 1:0:0:0: CD-ROM            HL-DT-ST DVDRAM GT51N     1.00 PQ: 0 ANSI: 5
[    2.071477] sd 0:0:0:0: [sda] 625142448 512-byte logical blocks: (320 GB/298 GiB)
[    2.071481] sd 0:0:0:0: [sda] 4096-byte physical blocks
[    2.071529] sd 0:0:0:0: [sda] Write Protect is off
[    2.071533] sd 0:0:0:0: [sda] Mode Sense: 00 3a 00 00
[    2.071573] sd 0:0:0:0: [sda] Write cache: enabled, read cache: enabled, doesn't support DPO or FUA
[    2.073703] sr0: scsi3-mmc drive: 24x/24x writer dvd-ram cd/rw xa/form2 cdda tray
[    2.073710] cdrom: Uniform CD-ROM driver Revision: 3.20
[    2.073904] sr 1:0:0:0: Attached scsi CD-ROM sr0
[    2.098327] usb 1-1.1: new high-speed USB device number 3 using ehci_hcd
[    2.178755]  sda: sda1 sda2 sda3 sda4 < sda5 sda6 sda7 sda8 sda9 sda10 sda11 >
[    2.179832] sd 0:0:0:0: [sda] Attached SCSI disk
[    2.182064] sd 0:0:0:0: Attached scsi generic sg0 type 0
[    2.182140] sr 1:0:0:0: Attached scsi generic sg1 type 5
[    2.296684] usb 1-1.1: New USB device found, idVendor=0402, idProduct=9665
[    2.296694] usb 1-1.1: New USB device strings: Mfr=3, Product=1, SerialNumber=0
[    2.296701] usb 1-1.1: Product: 1.3M WebCam
[    2.296705] usb 1-1.1: Manufacturer: XPC1J04E0
[    4.548669] device-mapper: uevent: version 1.0.3
[    4.548730] device-mapper: ioctl: 4.22.0-ioctl (2011-10-19) initialised: dm-devel@redhat.com
[    4.651316] EXT4-fs (sda5): INFO: recovery required on readonly filesystem
[    4.651321] EXT4-fs (sda5): write access will be enabled during recovery
[    4.844796] EXT4-fs (sda5): recovery complete
[    4.845200] EXT4-fs (sda5): mounted filesystem with ordered data mode. Opts: (null)
[    6.870924] udevd[335]: starting version 175
[    7.369680] input: Power Button as /devices/LNXSYSTM:00/device:00/PNP0C0C:00/input/input1
[    7.369687] ACPI: Power Button [PWRB]
[    7.369751] input: Sleep Button as /devices/LNXSYSTM:00/device:00/PNP0C0E:00/input/input2
[    7.369755] ACPI: Sleep Button [SLPB]
[    7.369820] input: Lid Switch as /devices/LNXSYSTM:00/device:00/PNP0C0D:00/input/input3
[    7.369864] ACPI: Lid Switch [LID]
[    7.369924] input: Power Button as /devices/LNXSYSTM:00/LNXPWRBN:00/input/input4
[    7.369928] ACPI: Power Button [PWRF]
[    7.393902] wmi: Mapper loaded
[    7.447803] input: PC Speaker as /devices/platform/pcspkr/input/input5
[    7.494052] acer_wmi: Acer Laptop ACPI-WMI Extras
[    7.494074] acer_wmi: Function bitmap for Communication Button: 0x1
[    7.494190] acer_wmi: Brightness must be controlled by generic video driver
[    7.494651] input: Acer WMI hotkeys as /devices/virtual/input/input6
[    7.548326] iTCO_vendor_support: vendor-support=0
[    7.583951] iTCO_wdt: Intel TCO WatchDog Timer Driver v1.07
[    7.584048] iTCO_wdt: Found a Cougar Point TCO device (Version=2, TCOBASE=0x0460)
[    7.584286] iTCO_wdt: initialized. heartbeat=30 sec (nowayout=0)
[    7.602783] ACPI: AC Adapter [ACAD] (on-line)
[    7.604467] ACPI: Battery Slot [BAT1] (battery present)
[    7.611854] cfg80211: Calling CRDA to update world regulatory domain
[    7.644261] Linux media interface: v0.10
[    7.649141] Linux video capture interface: v2.00
[    7.654030] uvcvideo: Found UVC 1.00 device 1.3M WebCam (0402:9665)
[    7.656814] input: 1.3M WebCam as /devices/pci0000:00/0000:00:1a.0/usb1/1-1/1-1.1/1-1.1:1.0/input/input7
[    7.656903] usbcore: registered new interface driver uvcvideo
[    7.656905] USB Video Class driver (1.1.1)
[    7.662728] i801_smbus 0000:00:1f.3: PCI INT C -> GSI 19 (level, low) -> IRQ 19
[    7.662736] ACPI: resource 0000:00:1f.3 [io  0x4040-0x405f] conflicts with ACPI region SMBI [io 0x4040-0x404f]
[    7.662739] ACPI: If an ACPI driver is available for this device, you should use it instead of the native driver
[    7.801309] [drm] Initialized drm 1.1.0 20060810
[    7.820025] i915 0000:00:02.0: PCI INT A -> GSI 16 (level, low) -> IRQ 16
[    7.820031] i915 0000:00:02.0: setting latency timer to 64
[    7.836735] mtrr: type mismatch for b0000000,10000000 old: write-back new: write-combining
[    7.836739] [drm] MTRR allocation failed.  Graphics performance may suffer.
[    7.837086] i915 0000:00:02.0: irq 41 for MSI/MSI-X
[    7.837093] [drm] Supports vblank timestamp caching Rev 1 (10.10.2010).
[    7.837095] [drm] Driver supports precise vblank timestamp query.
[    7.837130] vgaarb: device changed decodes: PCI:0000:00:02.0,olddecodes=io+mem,decodes=io+mem:owns=io+mem
[    8.026720] ath9k 0000:07:00.0: PCI INT A -> GSI 17 (level, low) -> IRQ 17
[    8.026735] ath9k 0000:07:00.0: setting latency timer to 64
[    8.034943] ath: EEPROM regdomain: 0x6c
[    8.034945] ath: EEPROM indicates we should expect a direct regpair map
[    8.034948] ath: Country alpha2 being used: 00
[    8.034950] ath: Regpair used: 0x6c
[    8.061057] ieee80211 phy0: Selected rate control algorithm 'ath9k_rate_control'
[    8.061593] Registered led device: ath9k-phy0
[    8.061601] ieee80211 phy0: Atheros AR9485 Rev:1 mem=0xf8d80000, irq=17
[    8.217159] psmouse serio2: synaptics: Touchpad model: 1, fw: 7.2, id: 0x1c0b1, caps: 0xd04733/0xa44000/0xa0000
[    8.261174] input: SynPS/2 Synaptics TouchPad as /devices/platform/i8042/serio2/input/input8
[    8.427068] fbcon: inteldrmfb (fb0) is primary device
[    8.846686] Console: switching to colour frame buffer device 170x48
[    8.852242] fb0: inteldrmfb frame buffer device
[    8.852244] drm: registered panic notifier
[    8.874600] acpi device:30: registered as cooling_device2
[    8.874865] input: Video Bus as /devices/LNXSYSTM:00/device:00/PNP0A08:00/LNXVIDEO:00/input/input9
[    8.874918] ACPI: Video Device [GFX0] (multi-head: yes  rom: no  post: no)
[    8.874982] [drm] Initialized i915 1.6.0 20080730 for 0000:00:02.0 on minor 0
[    8.875253] snd_hda_intel 0000:00:1b.0: PCI INT A -> GSI 22 (level, low) -> IRQ 22
[    8.875328] snd_hda_intel 0000:00:1b.0: irq 42 for MSI/MSI-X
[    8.875367] snd_hda_intel 0000:00:1b.0: setting latency timer to 64
[    9.445009] input: HDA Digital PCBeep as /devices/pci0000:00/0000:00:1b.0/input/input10
[    9.450690] HDMI status: Codec=3 Pin=5 Presence_Detect=0 ELD_Valid=0
[    9.450858] input: HDA Intel PCH HDMI/DP,pcm=3 as /devices/pci0000:00/0000:00:1b.0/sound/card0/input11
[    9.451053] input: HDA Intel PCH Mic as /devices/pci0000:00/0000:00:1b.0/sound/card0/input12
[    9.451131] input: HDA Intel PCH Headphone as /devices/pci0000:00/0000:00:1b.0/sound/card0/input13
[   10.599828] EXT4-fs (sda5): re-mounted. Opts: (null)
[   11.245508] EXT4-fs (sda5): re-mounted. Opts: errors=remount-ro
[   11.382366] fuse init (API version 7.17)
[   11.411918] loop: module loaded
[  235.893476] EXT4-fs (sda7): mounted filesystem with ordered data mode. Opts: (null)
[  235.988704] EXT4-fs (sda8): mounted filesystem with ordered data mode. Opts: (null)
[  236.046962] EXT4-fs (sda9): mounted filesystem without journal. Opts: (null)
[  236.128825] EXT4-fs (sda6): mounted filesystem with ordered data mode. Opts: (null)
[  236.197782] EXT4-fs (sda10): warning: mounting unchecked fs, running e2fsck is recommended
[  236.198060] EXT4-fs (sda10): mounted filesystem without journal. Opts: (null)
[  236.368523] EXT4-fs (sda11): mounted filesystem without journal. Opts: (null)
[  236.747740] EXT4-fs error (device sda10): ext4_mb_generate_buddy:739: group 64, 16663 clusters in bitmap, 16684 in gd
[  391.974787] EXT4-fs (sda10): mounted filesystem without journal. Opts: (null)
[  402.346611] ADDRCONF(NETDEV_UP): wlan0: link is not ready
[  402.535947] RPC: Registered named UNIX socket transport module.
[  402.535951] RPC: Registered udp transport module.
[  402.535953] RPC: Registered tcp transport module.
[  402.535955] RPC: Registered tcp NFSv4.1 backchannel transport module.
[  402.586201] FS-Cache: Loaded
[  402.665430] FS-Cache: Netfs 'nfs' registered for caching
[  402.678287] Installing knfsd (copyright (C) 1996 okir@monad.swb.de).
[  406.395752] input: ACPI Virtual Keyboard Device as /devices/virtual/input/input14
[  413.689069] Netfilter messages via NETLINK v0.30.
[  414.872256] Bluetooth: Core ver 2.16
[  414.872275] NET: Registered protocol family 31
[  414.872278] Bluetooth: HCI device and connection manager initialized
[  414.872281] Bluetooth: HCI socket layer initialized
[  414.872283] Bluetooth: L2CAP socket layer initialized
[  414.872289] Bluetooth: SCO socket layer initialized
[  414.876728] Bluetooth: BNEP (Ethernet Emulation) ver 1.3
[  414.876732] Bluetooth: BNEP filters: protocol multicast
[  414.985394] Bluetooth: RFCOMM TTY layer initialized
[  414.985400] Bluetooth: RFCOMM socket layer initialized
[  414.985402] Bluetooth: RFCOMM ver 1.11
[  415.783549] lp: driver loaded but no devices found
[  416.152077] atl1c 0000:02:00.0: irq 43 for MSI/MSI-X
[  416.174782] ppdev: user-space parallel port driver
[  416.233952] ADDRCONF(NETDEV_UP): eth0: link is not ready
[  433.645462] postgres (6010): /proc/6010/oom_adj is deprecated, please use /proc/6010/oom_score_adj instead.
[  869.221283] gnome-settings-[6895]: segfault at 40 ip acf6c6e0 sp bfdc18fc error 4 in libmouse.so[acf6a000+9000]
[  869.524856] gnome-settings-[6965]: segfault at 40 ip adedf6e0 sp bfae183c error 4 in libmouse.so[adedd000+9000]
[  900.405681] UDF-fs: warning (device sr0): udf_load_vrs: No VRS found
[  900.405691] UDF-fs: warning (device sr0): udf_fill_super: No partition found (1)
[  901.765995] ISO 9660 Extensions: Microsoft Joliet Level 3
[  902.334276] ISOFS: changing to secondary root
[64208.237942] atl1c 0000:02:00.0: atl1c: eth0 NIC Link is Up<100 Mbps Full Duplex>
[64208.238147] ADDRCONF(NETDEV_CHANGE): eth0: link becomes ready
[64218.754901] eth0: no IPv6 routers present
[72476.004064] udevd[8709]: starting version 175
[72524.974964] eth0: no IPv6 routers present
[72794.551604] atl1c 0000:02:00.0: atl1c: eth0 NIC Link is Down
[440088.238711] tracker-miner-f[6991]: segfault at 45534e56 ip b74a24a7 sp bf98cf08 error 4 in libgobject-2.0.so.0.3200.4 (deleted)[b7470000+50000]
[881382.118221] usb 2-1.2: new high-speed USB device number 3 using ehci_hcd
[881382.210904] usb 2-1.2: New USB device found, idVendor=0781, idProduct=556c
[881382.210912] usb 2-1.2: New USB device strings: Mfr=1, Product=2, SerialNumber=3
[881382.210918] usb 2-1.2: Product: Firebird USB Flash Drive
[881382.210922] usb 2-1.2: Manufacturer: SanDisk
[881382.210927] usb 2-1.2: SerialNumber: 4C532000040904115443
[881382.345156] usbcore: registered new interface driver uas
[881382.348286] Initializing USB Mass Storage driver...
[881382.348424] scsi6 : usb-storage 2-1.2:1.0
[881382.348533] usbcore: registered new interface driver usb-storage
[881382.348536] USB Mass Storage support registered.
[881383.346530] scsi 6:0:0:0: Direct-Access     SanDisk  Ultra            1.26 PQ: 0 ANSI: 5
[881383.348199] sd 6:0:0:0: Attached scsi generic sg2 type 0
[881383.350219] sd 6:0:0:0: [sdb] 62530624 512-byte logical blocks: (32.0 GB/29.8 GiB)
[881383.351462] sd 6:0:0:0: [sdb] Write Protect is off
[881383.351469] sd 6:0:0:0: [sdb] Mode Sense: 43 00 00 00
[881383.352205] sd 6:0:0:0: [sdb] Write cache: disabled, read cache: enabled, doesn't support DPO or FUA
[881383.367501]  sdb: sdb1
[881383.371709] sd 6:0:0:0: [sdb] Attached SCSI removable disk
[881383.750741] EXT4-fs (sdb1): mounted filesystem with ordered data mode. Opts: (null)
[882285.974215] PM: Syncing filesystems ... done.
[882286.278979] PM: Preparing system for mem sleep
[882286.551696] Freezing user space processes ... (elapsed 0.01 seconds) done.
[882286.564907] Freezing remaining freezable tasks ... (elapsed 0.01 seconds) done.
[882286.580892] PM: Entering mem sleep
[882286.581000] Suspending console(s) (use no_console_suspend to debug)
[882286.604382] sd 0:0:0:0: [sda] Synchronizing SCSI cache
[882286.659342] pci 0000:00:1f.3: PCI INT C disabled
[882286.659365] ehci_hcd 0000:00:1d.0: PCI INT A disabled
[882286.708789] ehci_hcd 0000:00:1a.0: PCI INT A disabled
[882287.121786] sd 0:0:0:0: [sda] Stopping disk
[882288.023913] snd_hda_intel 0000:00:1b.0: PCI INT A disabled
[882288.039874] PM: suspend of devices complete after 1459.809 msecs
[882288.056065] atl1c 0000:02:00.0: PME# enabled
[882288.056075] atl1c 0000:02:00.0: wake-up capability enabled by ACPI
[882288.071990] ehci_hcd 0000:00:1d.0: PME# enabled
[882288.072022] ehci_hcd 0000:00:1d.0: wake-up capability enabled by ACPI
[882288.087882] ehci_hcd 0000:00:1a.0: PME# enabled
[882288.087947] ehci_hcd 0000:00:1a.0: wake-up capability enabled by ACPI
[882288.103902] PM: late suspend of devices complete after 64.066 msecs
[882288.104357] ACPI: Preparing to enter system sleep state S3
[882288.104780] PM: Saving platform NVS memory
[882288.106535] Disabling non-boot CPUs ...
[882288.107891] CPU 1 is now offline
[882288.108393] Extended CMOS year: 2000
[882288.108702] ACPI: Low-level resume complete
[882288.108749] PM: Restoring platform NVS memory
[882288.109231] CPU0: Thermal monitoring handled by SMI
[882288.109290] Extended CMOS year: 2000
[882288.109336] Enabling non-boot CPUs ...
[882288.109474] Booting Node 0 Processor 1 APIC 0x2
[882288.109476] smpboot cpu 1: start_ip = 99000
[882288.119724] Initializing CPU#1
[882288.120494] Calibrating delay loop (skipped) already calibrated this CPU
[882288.120525] CPU1: Thermal monitoring handled by SMI
[882288.140912] NMI watchdog enabled, takes one hw-pmu counter.
[882288.141285] CPU1 is up
[882288.143408] ACPI: Waking up from system sleep state S3
[882288.143946] i915 0000:00:02.0: restoring config space at offset 0x1 (was 0x900007, writing 0x900407)
[882288.144004] pci 0000:00:16.0: restoring config space at offset 0x1 (was 0x180006, writing 0x100006)
[882288.144068] ehci_hcd 0000:00:1a.0: restoring config space at offset 0x1 (was 0x2900006, writing 0x2900002)
[882288.144111] ehci_hcd 0000:00:1a.0: wake-up capability disabled by ACPI
[882288.144117] ehci_hcd 0000:00:1a.0: PME# disabled
[882288.144168] snd_hda_intel 0000:00:1b.0: restoring config space at offset 0x1 (was 0x100006, writing 0x100002)
[882288.144231] pcieport 0000:00:1c.0: restoring config space at offset 0x7 (was 0x20003030, writing 0x3030)
[882288.144391] ehci_hcd 0000:00:1d.0: restoring config space at offset 0x1 (was 0x2900006, writing 0x2900002)
[882288.144431] ehci_hcd 0000:00:1d.0: wake-up capability disabled by ACPI
[882288.144437] ehci_hcd 0000:00:1d.0: PME# disabled
[882288.144539] ahci 0000:00:1f.2: restoring config space at offset 0x1 (was 0x2b00007, writing 0x2b00407)
[882288.144777] ath9k 0000:07:00.0: restoring config space at offset 0xf (was 0x100, writing 0x10b)
[882288.144790] ath9k 0000:07:00.0: restoring config space at offset 0xc (was 0x0, writing 0xffff0000)
[882288.144892] PM: early resume of devices complete after 0.991 msecs
[882288.145016] i915 0000:00:02.0: setting latency timer to 64
[882288.148686] ehci_hcd 0000:00:1a.0: PCI INT A -> GSI 16 (level, low) -> IRQ 16
[882288.148695] ehci_hcd 0000:00:1a.0: setting latency timer to 64
[882288.148719] snd_hda_intel 0000:00:1b.0: PCI INT A -> GSI 22 (level, low) -> IRQ 22
[882288.148727] snd_hda_intel 0000:00:1b.0: setting latency timer to 64
[882288.148789] snd_hda_intel 0000:00:1b.0: irq 42 for MSI/MSI-X
[882288.148844] ehci_hcd 0000:00:1d.0: PCI INT A -> GSI 23 (level, low) -> IRQ 23
[882288.148852] ehci_hcd 0000:00:1d.0: setting latency timer to 64
[882288.148878] ahci 0000:00:1f.2: setting latency timer to 64
[882288.148913] pci 0000:00:1f.3: PCI INT C -> GSI 19 (level, low) -> IRQ 19
[882288.148921] atl1c 0000:02:00.0: wake-up capability disabled by ACPI
[882288.148928] atl1c 0000:02:00.0: PME# disabled
[882288.172655] sd 0:0:0:0: [sda] Starting disk
[882288.416549] usb 1-1.1: reset high-speed USB device number 3 using ehci_hcd
[882288.476446] ata2: SATA link up 1.5 Gbps (SStatus 113 SControl 300)
[882288.483042] ata2.00: configured for UDMA/100
[882290.035335] ata1: SATA link up 3.0 Gbps (SStatus 123 SControl 300)
[882290.038663] ata1.00: configured for UDMA/100
[882290.109317] PM: resume of devices complete after 1965.769 msecs
[882290.109413] PM: Finishing wakeup.
[882290.109414] Restarting tasks ... done.
[882290.126950] video LNXVIDEO:00: Restoring backlight state
[882290.597252] atl1c 0000:02:00.0: irq 43 for MSI/MSI-X
[882290.680014] ADDRCONF(NETDEV_UP): eth0: link is not ready
[916837.790692] PM: Syncing filesystems ... done.
[916837.836549] PM: Preparing system for mem sleep
[916838.116410] Freezing user space processes ... (elapsed 0.01 seconds) done.
[916838.132281] Freezing remaining freezable tasks ... (elapsed 0.01 seconds) done.
[916838.148258] PM: Entering mem sleep
[916838.148407] Suspending console(s) (use no_console_suspend to debug)
[916838.171753] sd 0:0:0:0: [sda] Synchronizing SCSI cache
[916838.171852] sd 0:0:0:0: [sda] Stopping disk
[916838.227053] pci 0000:00:1f.3: PCI INT C disabled
[916838.227070] ehci_hcd 0000:00:1d.0: PCI INT A disabled
[916838.276154] ehci_hcd 0000:00:1a.0: PCI INT A disabled
[916838.484221] snd_hda_intel 0000:00:1b.0: PCI INT A disabled
[916838.687995] PM: suspend of devices complete after 539.873 msecs
[916838.704064] atl1c 0000:02:00.0: PME# enabled
[916838.704072] atl1c 0000:02:00.0: wake-up capability enabled by ACPI
[916838.719996] ehci_hcd 0000:00:1d.0: PME# enabled
[916838.720026] ehci_hcd 0000:00:1d.0: wake-up capability enabled by ACPI
[916838.736037] ehci_hcd 0000:00:1a.0: PME# enabled
[916838.736061] ehci_hcd 0000:00:1a.0: wake-up capability enabled by ACPI
[916838.751905] PM: late suspend of devices complete after 63.948 msecs
[916838.752359] ACPI: Preparing to enter system sleep state S3
[916838.752770] PM: Saving platform NVS memory
[916838.754665] Disabling non-boot CPUs ...
[916838.756148] CPU 1 is now offline
[916838.756633] Extended CMOS year: 2000
[916838.756942] ACPI: Low-level resume complete
[916838.756990] PM: Restoring platform NVS memory
[916838.757459] CPU0: Thermal monitoring handled by SMI
[916838.757518] Extended CMOS year: 2000
[916838.757562] Enabling non-boot CPUs ...
[916838.757698] Booting Node 0 Processor 1 APIC 0x2
[916838.757700] smpboot cpu 1: start_ip = 99000
[916838.767950] Initializing CPU#1
[916838.768718] Calibrating delay loop (skipped) already calibrated this CPU
[916838.768749] CPU1: Thermal monitoring handled by SMI
[916838.789102] NMI watchdog enabled, takes one hw-pmu counter.
[916838.789508] CPU1 is up
[916838.791697] ACPI: Waking up from system sleep state S3
[916838.792243] i915 0000:00:02.0: restoring config space at offset 0x1 (was 0x900007, writing 0x900407)
[916838.792360] ehci_hcd 0000:00:1a.0: restoring config space at offset 0x1 (was 0x2900006, writing 0x2900002)
[916838.792402] ehci_hcd 0000:00:1a.0: wake-up capability disabled by ACPI
[916838.792409] ehci_hcd 0000:00:1a.0: PME# disabled
[916838.792461] snd_hda_intel 0000:00:1b.0: restoring config space at offset 0x1 (was 0x100006, writing 0x100002)
[916838.792691] ehci_hcd 0000:00:1d.0: restoring config space at offset 0x1 (was 0x2900006, writing 0x2900002)
[916838.792730] ehci_hcd 0000:00:1d.0: wake-up capability disabled by ACPI
[916838.792736] ehci_hcd 0000:00:1d.0: PME# disabled
[916838.792838] ahci 0000:00:1f.2: restoring config space at offset 0x1 (was 0x2b00007, writing 0x2b00407)
[916838.793053] ath9k 0000:07:00.0: restoring config space at offset 0xf (was 0x100, writing 0x10b)
[916838.793066] ath9k 0000:07:00.0: restoring config space at offset 0xc (was 0x0, writing 0xffff0000)
[916838.793169] PM: early resume of devices complete after 0.970 msecs
[916838.793294] i915 0000:00:02.0: setting latency timer to 64
[916838.852261] ehci_hcd 0000:00:1a.0: PCI INT A -> GSI 16 (level, low) -> IRQ 16
[916838.852269] ehci_hcd 0000:00:1a.0: setting latency timer to 64
[916838.852282] snd_hda_intel 0000:00:1b.0: PCI INT A -> GSI 22 (level, low) -> IRQ 22
[916838.852290] snd_hda_intel 0000:00:1b.0: setting latency timer to 64
[916838.852300] ehci_hcd 0000:00:1d.0: PCI INT A -> GSI 23 (level, low) -> IRQ 23
[916838.852312] ehci_hcd 0000:00:1d.0: setting latency timer to 64
[916838.852345] ahci 0000:00:1f.2: setting latency timer to 64
[916838.852368] snd_hda_intel 0000:00:1b.0: irq 42 for MSI/MSI-X
[916838.852386] pci 0000:00:1f.3: PCI INT C -> GSI 19 (level, low) -> IRQ 19
[916838.852398] atl1c 0000:02:00.0: wake-up capability disabled by ACPI
[916838.852405] atl1c 0000:02:00.0: PME# disabled
[916838.861229] sd 0:0:0:0: [sda] Starting disk
[916839.112563] usb 1-1.1: reset high-speed USB device number 3 using ehci_hcd
[916839.180409] ata2: SATA link up 1.5 Gbps (SStatus 113 SControl 300)
[916839.186378] ata2.00: configured for UDMA/100
[916840.683337] ata1: SATA link up 3.0 Gbps (SStatus 123 SControl 300)
[916840.686680] ata1.00: configured for UDMA/100
[916840.766642] PM: resume of devices complete after 1974.823 msecs
[916840.766734] PM: Finishing wakeup.
[916840.766736] Restarting tasks ... done.
[916840.782987] video LNXVIDEO:00: Restoring backlight state
[916840.847316] usb 2-1.4: new high-speed USB device number 4 using ehci_hcd
[916840.940232] usb 2-1.4: New USB device found, idVendor=0781, idProduct=556c
[916840.940238] usb 2-1.4: New USB device strings: Mfr=1, Product=2, SerialNumber=3
[916840.940241] usb 2-1.4: Product: Ultra
[916840.940243] usb 2-1.4: Manufacturer: SanDisk
[916840.940245] usb 2-1.4: SerialNumber: 20041100400C6192349F
[916840.942010] scsi7 : usb-storage 2-1.4:1.0
[916841.341762] atl1c 0000:02:00.0: irq 43 for MSI/MSI-X
[916841.424171] ADDRCONF(NETDEV_UP): eth0: link is not ready
[916841.939813] scsi 7:0:0:0: Direct-Access     SanDisk  Ultra            1.26 PQ: 0 ANSI: 5
[916841.940596] sd 7:0:0:0: Attached scsi generic sg3 type 0
[916841.941773] sd 7:0:0:0: [sdc] 62530624 512-byte logical blocks: (32.0 GB/29.8 GiB)
[916841.943019] sd 7:0:0:0: [sdc] Write Protect is off
[916841.943024] sd 7:0:0:0: [sdc] Mode Sense: 43 00 00 00
[916841.945341] sd 7:0:0:0: [sdc] Write cache: disabled, read cache: enabled, doesn't support DPO or FUA
[916841.955152]  sdc: sdc1
[916841.957749] sd 7:0:0:0: [sdc] Attached SCSI removable disk
[916849.385051] FAT-fs (sdc1): utf8 is not a recommended IO charset for FAT filesystems, filesystem will be case sensitive!
[916961.029243] sdb: detected capacity change from 32015679488 to 0
[916967.027964] usb 2-1.2: USB disconnect, device number 3
[916975.411976] usb 2-1.2: new high-speed USB device number 5 using ehci_hcd
[916975.504650] usb 2-1.2: New USB device found, idVendor=0781, idProduct=5530
[916975.504659] usb 2-1.2: New USB device strings: Mfr=1, Product=2, SerialNumber=3
[916975.504666] usb 2-1.2: Product: Cruzer
[916975.504670] usb 2-1.2: Manufacturer: SanDisk
[916975.504675] usb 2-1.2: SerialNumber: 20051738431130B16025
[916975.505213] scsi8 : usb-storage 2-1.2:1.0
[916976.504504] scsi 8:0:0:0: Direct-Access     SanDisk  Cruzer           1.19 PQ: 0 ANSI: 5
[916976.507573] sd 8:0:0:0: Attached scsi generic sg2 type 0
[916976.509445] sd 8:0:0:0: [sdb] 31266816 512-byte logical blocks: (16.0 GB/14.9 GiB)
[916976.510550] sd 8:0:0:0: [sdb] Write Protect is off
[916976.510557] sd 8:0:0:0: [sdb] Mode Sense: 43 00 00 00
[916976.512241] sd 8:0:0:0: [sdb] Write cache: disabled, read cache: enabled, doesn't support DPO or FUA
[916976.521347]  sdb: sdb1
[916976.525052] sd 8:0:0:0: [sdb] Attached SCSI removable disk
[916976.785300] FAT-fs (sdb1): utf8 is not a recommended IO charset for FAT filesystems, filesystem will be case sensitive!
[963323.468565] sr 1:0:0:0: [sr0] Media Changed
[963323.468574] sr 1:0:0:0: [sr0]  Result: hostbyte=DID_OK driverbyte=DRIVER_SENSE
[963323.468582] sr 1:0:0:0: [sr0]  Sense Key : Unit Attention [current] 
[963323.468591] sr 1:0:0:0: [sr0]  Add. Sense: Not ready to ready change, medium may have changed
[963323.468604] sr 1:0:0:0: [sr0] CDB: Read(10): 28 00 00 00 3b 28 00 00 01 00
[963323.468623] end_request: I/O error, dev sr0, sector 60576
[963625.652736] sdb: detected capacity change from 16008609792 to 0
[963632.412758] usb 2-1.2: USB disconnect, device number 5
[964271.387996] usb 2-1.2: new full-speed USB device number 6 using ehci_hcd
[964271.481924] usb 2-1.2: New USB device found, idVendor=05dc, idProduct=0080
[964271.481930] usb 2-1.2: New USB device strings: Mfr=1, Product=1, SerialNumber=2
[964271.481933] usb 2-1.2: Product: LEXR PLUG DRIVE
[964271.481936] usb 2-1.2: Manufacturer: LEXR PLUG DRIVE
[964271.481940] usb 2-1.2: SerialNumber: 000000017581171351100000000000000000000000000
[964271.482974] scsi9 : usb-storage 2-1.2:1.0
[964272.480135] scsi 9:0:0:0: Direct-Access     LEXAR    DIGITAL FILM     /W1. PQ: 0 ANSI: 2
[964272.481465] sd 9:0:0:0: Attached scsi generic sg2 type 0
[964272.483330] sd 9:0:0:0: [sdb] 125952 512-byte logical blocks: (64.4 MB/61.5 MiB)
[964272.484070] sd 9:0:0:0: [sdb] Write Protect is off
[964272.484075] sd 9:0:0:0: [sdb] Mode Sense: 23 00 00 00
[964272.485791] sd 9:0:0:0: [sdb] No Caching mode page present
[964272.485798] sd 9:0:0:0: [sdb] Assuming drive cache: write through
[964272.488943] sd 9:0:0:0: [sdb] No Caching mode page present
[964272.488949] sd 9:0:0:0: [sdb] Assuming drive cache: write through
[964272.494489]  sdb: sdb1
[964272.497819] sd 9:0:0:0: [sdb] No Caching mode page present
[964272.497826] sd 9:0:0:0: [sdb] Assuming drive cache: write through
[964272.497830] sd 9:0:0:0: [sdb] Attached SCSI removable disk
[964272.924633] FAT-fs (sdb1): utf8 is not a recommended IO charset for FAT filesystems, filesystem will be case sensitive!
[964363.538102] usb 2-1.2: USB disconnect, device number 6
[964418.210573] sdc: detected capacity change from 32015679488 to 0
[964422.887539] usb 2-1.4: USB disconnect, device number 4
[964426.154209] usb 2-1.2: new high-speed USB device number 7 using ehci_hcd
[964426.246887] usb 2-1.2: New USB device found, idVendor=0781, idProduct=556c
[964426.246892] usb 2-1.2: New USB device strings: Mfr=1, Product=2, SerialNumber=3
[964426.246895] usb 2-1.2: Product: Ultra
[964426.246898] usb 2-1.2: Manufacturer: SanDisk
[964426.246901] usb 2-1.2: SerialNumber: 20041100400C6192349F
[964426.247270] scsi10 : usb-storage 2-1.2:1.0
[964427.246597] scsi 10:0:0:0: Direct-Access     SanDisk  Ultra            1.26 PQ: 0 ANSI: 5
[964427.248331] sd 10:0:0:0: Attached scsi generic sg2 type 0
[964427.249562] sd 10:0:0:0: [sdb] 62530624 512-byte logical blocks: (32.0 GB/29.8 GiB)
[964427.250802] sd 10:0:0:0: [sdb] Write Protect is off
[964427.250806] sd 10:0:0:0: [sdb] Mode Sense: 43 00 00 00
[964427.252671] sd 10:0:0:0: [sdb] Write cache: disabled, read cache: enabled, doesn't support DPO or FUA
[964427.262821]  sdb: sdb1
[964427.265904] sd 10:0:0:0: [sdb] Attached SCSI removable disk
[964427.488687] FAT-fs (sdb1): utf8 is not a recommended IO charset for FAT filesystems, filesystem will be case sensitive!
[964515.526808] usb 1-1.2: new full-speed USB device number 4 using ehci_hcd
[964515.625104] usb 1-1.2: New USB device found, idVendor=0403, idProduct=6001
[964515.625110] usb 1-1.2: New USB device strings: Mfr=1, Product=2, SerialNumber=3
[964515.625114] usb 1-1.2: Product: FT232R USB UART
[964515.625116] usb 1-1.2: Manufacturer: FTDI
[964515.625119] usb 1-1.2: SerialNumber: A602VM2R
[964515.726496] usbcore: registered new interface driver usbserial
[964515.726512] USB Serial support registered for generic
[964515.726541] usbcore: registered new interface driver usbserial_generic
[964515.726544] usbserial: USB Serial Driver core
[964515.728422] USB Serial support registered for FTDI USB Serial Device
[964515.728504] ftdi_sio 1-1.2:1.0: FTDI USB Serial Device converter detected
[964515.728547] usb 1-1.2: Detected FT232RL
[964515.728550] usb 1-1.2: Number of endpoints 2
[964515.728553] usb 1-1.2: Endpoint 1 MaxPacketSize 64
[964515.728556] usb 1-1.2: Endpoint 2 MaxPacketSize 64
[964515.728559] usb 1-1.2: Setting MaxPacketSize 64
[964515.728963] usb 1-1.2: FTDI USB Serial Device converter now attached to ttyUSB0
[964515.728988] usbcore: registered new interface driver ftdi_sio
[964515.728991] ftdi_sio: v1.6.0:USB FTDI Serial Converters Driver
[965109.337335] usb 1-1.2: USB disconnect, device number 4
[965109.337505] ftdi_sio ttyUSB0: FTDI USB Serial Device converter now disconnected from ttyUSB0
[965109.337523] ftdi_sio 1-1.2:1.0: device disconnected
[965573.241009] usb 2-1.4: new high-speed USB device number 8 using ehci_hcd
[965573.333564] usb 2-1.4: New USB device found, idVendor=050d, idProduct=0224
[965573.333570] usb 2-1.4: New USB device strings: Mfr=1, Product=2, SerialNumber=0
[965573.333574] usb 2-1.4: Product: USB2.0 Hub Controller
[965573.333577] usb 2-1.4: Manufacturer: NEC Corporation
[965573.333878] hub 2-1.4:1.0: USB hub found
[965573.334058] hub 2-1.4:1.0: 4 ports detected
[965573.620736] usb 2-1.4.4: new high-speed USB device number 9 using ehci_hcd
[965573.730278] usb 2-1.4.4: New USB device found, idVendor=0c0b, idProduct=b157
[965573.730284] usb 2-1.4.4: New USB device strings: Mfr=10, Product=11, SerialNumber=3
[965573.730288] usb 2-1.4.4: Product: DMI USB2.0 Storage 
[965573.730291] usb 2-1.4.4: Manufacturer: DMI
[965573.730293] usb 2-1.4.4: SerialNumber: 201001182414
[965573.731539] scsi11 : usb-storage 2-1.4.4:1.0
[965586.572525] scsi 11:0:0:0: Direct-Access     ST315003 41AS                  PQ: 0 ANSI: 2 CCS
[965586.575101] sd 11:0:0:0: [sdc] 2930277168 512-byte logical blocks: (1.50 TB/1.36 TiB)
[965586.575159] sd 11:0:0:0: Attached scsi generic sg3 type 0
[965586.575838] sd 11:0:0:0: [sdc] Write Protect is off
[965586.575843] sd 11:0:0:0: [sdc] Mode Sense: 00 38 00 00
[965586.576580] sd 11:0:0:0: [sdc] Asking for cache data failed
[965586.576584] sd 11:0:0:0: [sdc] Assuming drive cache: write through
[965586.579334] sd 11:0:0:0: [sdc] Asking for cache data failed
[965586.579340] sd 11:0:0:0: [sdc] Assuming drive cache: write through
[965586.600366]  sdc: sdc1
[965586.603847] sd 11:0:0:0: [sdc] Asking for cache data failed
[965586.603852] sd 11:0:0:0: [sdc] Assuming drive cache: write through
[965586.603855] sd 11:0:0:0: [sdc] Attached SCSI disk
[965587.038383] kjournald starting.  Commit interval 5 seconds
[965587.038956] EXT3-fs (sdc1): warning: checktime reached, running e2fsck is recommended
[965587.040265] EXT3-fs (sdc1): using internal journal
[965587.040269] EXT3-fs (sdc1): recovery complete
[965587.040274] EXT3-fs (sdc1): mounted filesystem with ordered data mode
[966421.587541] usb 2-1.4.4: USB disconnect, device number 9
[966422.027352] Buffer I/O error on device sdc1, logical block 183108098
[966422.027357] lost page write due to I/O error on sdc1
[966422.027361] JBD: I/O error detected when updating journal superblock for sdc1.
[966422.027703] Buffer I/O error on device sdc1, logical block 0
[966422.027705] lost page write due to I/O error on sdc1
[966422.027709] EXT3-fs (sdc1): I/O error while writing superblock
[966447.125536] usb 2-1.4.3: new high-speed USB device number 10 using ehci_hcd
[966447.382473] usb 2-1.4.3: New USB device found, idVendor=1058, idProduct=1102
[966447.382482] usb 2-1.4.3: New USB device strings: Mfr=1, Product=2, SerialNumber=3
[966447.382488] usb 2-1.4.3: Product: My Book
[966447.382492] usb 2-1.4.3: Manufacturer: Western Digital
[966447.382497] usb 2-1.4.3: SerialNumber: 57442D574341553436353037303432
[966447.430909] scsi12 : usb-storage 2-1.4.3:1.0
[966447.604224] input: Western Digital My Book as /devices/pci0000:00/0000:00:1d.0/usb2/2-1/2-1.4/2-1.4.3/2-1.4.3:1.1/input/input15
[966447.604576] generic-usb 0003:1058:1102.0001: input,hidraw0: USB HID v1.11 Device [Western Digital My Book] on usb-0000:00:1d.0-1.4.3/input1
[966447.604615] usbcore: registered new interface driver usbhid
[966447.604619] usbhid: USB HID core driver
[966448.455391] scsi 12:0:0:0: Direct-Access     WD       My Book          1028 PQ: 0 ANSI: 4
[966448.459303] sd 12:0:0:0: Attached scsi generic sg3 type 0
[966448.924637] sd 12:0:0:0: Device offlined - not ready after error recovery
[966448.924679] sd 12:0:0:0: rejecting I/O to offline device
[966448.924702] sd 12:0:0:0: rejecting I/O to offline device
[966448.924718] sd 12:0:0:0: rejecting I/O to offline device
[966448.924729] sd 12:0:0:0: rejecting I/O to offline device
[966448.924737] sd 12:0:0:0: [sdc] READ CAPACITY failed
[966448.924741] sd 12:0:0:0: [sdc]  Result: hostbyte=DID_NO_CONNECT driverbyte=DRIVER_OK
[966448.924749] sd 12:0:0:0: [sdc] Sense not available.
[966448.924759] sd 12:0:0:0: rejecting I/O to offline device
[966448.924768] sd 12:0:0:0: [sdc] Write Protect is off
[966448.924773] sd 12:0:0:0: [sdc] Mode Sense: 00 00 00 00
[966448.924781] sd 12:0:0:0: rejecting I/O to offline device
[966448.924789] sd 12:0:0:0: [sdc] Asking for cache data failed
[966448.924794] sd 12:0:0:0: [sdc] Assuming drive cache: write through
[966448.925101] sd 12:0:0:0: [sdc] Attached SCSI disk
[966448.925195] usb 2-1.4.3: USB disconnect, device number 10
[966853.301852] hub 2-1.4:1.0: unable to enumerate USB device on port 3
[966855.412099] usb 2-1.4.3: new high-speed USB device number 12 using ehci_hcd
[966855.666911] usb 2-1.4.3: New USB device found, idVendor=1058, idProduct=1102
[966855.666919] usb 2-1.4.3: New USB device strings: Mfr=1, Product=2, SerialNumber=3
[966855.666925] usb 2-1.4.3: Product: My Book
[966855.666930] usb 2-1.4.3: Manufacturer: Western Digital
[966855.666934] usb 2-1.4.3: SerialNumber: 57442D574341553436353037303432
[966855.713474] scsi13 : usb-storage 2-1.4.3:1.0
[966855.780734] input: Western Digital My Book as /devices/pci0000:00/0000:00:1d.0/usb2/2-1/2-1.4/2-1.4.3/2-1.4.3:1.1/input/input16
[966855.781048] generic-usb 0003:1058:1102.0002: input,hidraw0: USB HID v1.11 Device [Western Digital My Book] on usb-0000:00:1d.0-1.4.3/input1
[966856.739094] scsi 13:0:0:0: Direct-Access     WD       My Book          1028 PQ: 0 ANSI: 4
[966856.740834] sd 13:0:0:0: Attached scsi generic sg3 type 0
[966856.761663] sd 13:0:0:0: [sdc] 1953525168 512-byte logical blocks: (1.00 TB/931 GiB)
[966856.775270] sd 13:0:0:0: [sdc] Write Protect is off
[966856.775278] sd 13:0:0:0: [sdc] Mode Sense: 10 00 00 00
[966856.788512] sd 13:0:0:0: [sdc] Write cache: enabled, read cache: enabled, doesn't support DPO or FUA
[966856.843246]  sdc: sdc1
[966856.952903] sd 13:0:0:0: [sdc] Attached SCSI disk
[966857.808554] kjournald starting.  Commit interval 5 seconds
[966857.808938] EXT3-fs (sdc1): warning: checktime reached, running e2fsck is recommended
[966857.809619] EXT3-fs (sdc1): using internal journal
[966857.809625] EXT3-fs (sdc1): recovery complete
[966857.809633] EXT3-fs (sdc1): mounted filesystem with ordered data mode
[967897.097644] usb 2-1.4.4: new high-speed USB device number 13 using ehci_hcd
[967897.207304] usb 2-1.4.4: New USB device found, idVendor=0c0b, idProduct=b157
[967897.207313] usb 2-1.4.4: New USB device strings: Mfr=10, Product=11, SerialNumber=3
[967897.207319] usb 2-1.4.4: Product: DMI USB2.0 Storage 
[967897.207324] usb 2-1.4.4: Manufacturer: DMI
[967897.207328] usb 2-1.4.4: SerialNumber: 201001182414
[967897.208916] scsi14 : usb-storage 2-1.4.4:1.0
[967910.051319] scsi 14:0:0:0: Direct-Access     ST315003 41AS                  PQ: 0 ANSI: 2 CCS
[967910.053771] sd 14:0:0:0: [sdd] 2930277168 512-byte logical blocks: (1.50 TB/1.36 TiB)
[967910.054178] sd 14:0:0:0: Attached scsi generic sg4 type 0
[967910.054751] sd 14:0:0:0: [sdd] Write Protect is off
[967910.054759] sd 14:0:0:0: [sdd] Mode Sense: 00 38 00 00
[967910.055507] sd 14:0:0:0: [sdd] Asking for cache data failed
[967910.055515] sd 14:0:0:0: [sdd] Assuming drive cache: write through
[967910.058613] sd 14:0:0:0: [sdd] Asking for cache data failed
[967910.058621] sd 14:0:0:0: [sdd] Assuming drive cache: write through
[967910.079921]  sdd: sdd1
[967910.082969] sd 14:0:0:0: [sdd] Asking for cache data failed
[967910.083002] sd 14:0:0:0: [sdd] Assuming drive cache: write through
[967910.083009] sd 14:0:0:0: [sdd] Attached SCSI disk
[967910.951877] kjournald starting.  Commit interval 5 seconds
[967910.952788] EXT3-fs (sdd1): warning: checktime reached, running e2fsck is recommended
[967910.954344] EXT3-fs (sdd1): using internal journal
[967910.954350] EXT3-fs (sdd1): recovery complete
[967910.958109] EXT3-fs (sdd1): mounted filesystem with ordered data mode
[993262.683510] usb 2-1.4.3: USB disconnect, device number 12
[993262.887104] sd 13:0:0:0: [sdc] Synchronizing SCSI cache
[993262.887170] sd 13:0:0:0: [sdc]  Result: hostbyte=DID_NO_CONNECT driverbyte=DRIVER_OK
[993263.223414] Buffer I/O error on device sdc1, logical block 122061314
[993263.223422] lost page write due to I/O error on sdc1
[993263.223428] JBD: I/O error detected when updating journal superblock for sdc1.
[993263.223823] Buffer I/O error on device sdc1, logical block 0
[993263.223827] lost page write due to I/O error on sdc1
[993263.223833] EXT3-fs (sdc1): I/O error while writing superblock
[993263.919112] usb 2-1.4.3: new high-speed USB device number 14 using ehci_hcd
[993264.175452] usb 2-1.4.3: New USB device found, idVendor=1058, idProduct=1102
[993264.175462] usb 2-1.4.3: New USB device strings: Mfr=1, Product=2, SerialNumber=3
[993264.175480] usb 2-1.4.3: Product: My Book
[993264.175483] usb 2-1.4.3: Manufacturer: Western Digital
[993264.175487] usb 2-1.4.3: SerialNumber: 57442D574341553436353037303432
[993264.222026] scsi15 : usb-storage 2-1.4.3:1.0
[993264.289525] input: Western Digital My Book as /devices/pci0000:00/0000:00:1d.0/usb2/2-1/2-1.4/2-1.4.3/2-1.4.3:1.1/input/input17
[993264.289691] generic-usb 0003:1058:1102.0003: input,hidraw0: USB HID v1.11 Device [Western Digital My Book] on usb-0000:00:1d.0-1.4.3/input1
[993265.244740] scsi 15:0:0:0: Direct-Access     WD       My Book          1028 PQ: 0 ANSI: 4
[993265.246603] sd 15:0:0:0: Attached scsi generic sg3 type 0
[993265.267210] sd 15:0:0:0: [sdc] 1953525168 512-byte logical blocks: (1.00 TB/931 GiB)
[993265.280933] sd 15:0:0:0: [sdc] Write Protect is off
[993265.280941] sd 15:0:0:0: [sdc] Mode Sense: 10 00 00 00
[993265.294296] sd 15:0:0:0: [sdc] Write cache: enabled, read cache: enabled, doesn't support DPO or FUA
[993265.353781]  sdc: sdc1
[993265.467555] sd 15:0:0:0: [sdc] Attached SCSI disk
[999222.555797] kjournald starting.  Commit interval 5 seconds
[999222.556424] EXT3-fs (sdc1): warning: checktime reached, running e2fsck is recommended
[999222.557710] EXT3-fs (sdc1): using internal journal
[999222.557718] EXT3-fs (sdc1): recovery complete
[999222.558297] EXT3-fs (sdc1): mounted filesystem with ordered data mode
[1075508.897994] usb 2-1.4: USB disconnect, device number 8
[1075508.898003] usb 2-1.4.3: USB disconnect, device number 14
[1075509.123509] sd 15:0:0:0: [sdc] Synchronizing SCSI cache
[1075509.123605] sd 15:0:0:0: [sdc]  Result: hostbyte=DID_NO_CONNECT driverbyte=DRIVER_OK
[1075509.153140] usb 2-1.4.4: USB disconnect, device number 13
[1075509.359893] Buffer I/O error on device sdc1, logical block 122061314
[1075509.359898] lost page write due to I/O error on sdc1
[1075509.359902] JBD: I/O error detected when updating journal superblock for sdc1.
[1075509.360135] Buffer I/O error on device sdc1, logical block 0
[1075509.360138] lost page write due to I/O error on sdc1
[1075509.360141] EXT3-fs (sdc1): I/O error while writing superblock
[1075509.487382] Buffer I/O error on device sdd1, logical block 183108098
[1075509.487387] lost page write due to I/O error on sdd1
[1075509.487390] JBD: I/O error detected when updating journal superblock for sdd1.
[1075509.487732] Buffer I/O error on device sdd1, logical block 0
[1075509.487735] lost page write due to I/O error on sdd1
[1075509.487738] EXT3-fs (sdd1): I/O error while writing superblock
[1085519.160394] PM: Syncing filesystems ... done.
[1085519.165748] PM: Preparing system for mem sleep
[1085519.431424] Freezing user space processes ... (elapsed 0.01 seconds) done.
[1085519.447313] Freezing remaining freezable tasks ... (elapsed 0.01 seconds) done.
[1085519.463296] PM: Entering mem sleep
[1085519.463393] Suspending console(s) (use no_console_suspend to debug)
[1085519.486832] sd 0:0:0:0: [sda] Synchronizing SCSI cache
[1085519.501039] sd 0:0:0:0: [sda] Stopping disk
[1085519.542645] pci 0000:00:1f.3: PCI INT C disabled
[1085519.542655] ehci_hcd 0000:00:1d.0: PCI INT A disabled
[1085519.591193] ehci_hcd 0000:00:1a.0: PCI INT A disabled
[1085519.799140] snd_hda_intel 0000:00:1b.0: PCI INT A disabled
[1085520.007054] PM: suspend of devices complete after 543.950 msecs
[1085520.023112] atl1c 0000:02:00.0: PME# enabled
[1085520.023120] atl1c 0000:02:00.0: wake-up capability enabled by ACPI
[1085520.039035] ehci_hcd 0000:00:1d.0: PME# enabled
[1085520.039069] ehci_hcd 0000:00:1d.0: wake-up capability enabled by ACPI
[1085520.055083] ehci_hcd 0000:00:1a.0: PME# enabled
[1085520.055107] ehci_hcd 0000:00:1a.0: wake-up capability enabled by ACPI
[1085520.070943] PM: late suspend of devices complete after 63.929 msecs
[1085520.071398] ACPI: Preparing to enter system sleep state S3
[1085520.071822] PM: Saving platform NVS memory
[1085520.073786] Disabling non-boot CPUs ...
[1085520.075211] CPU 1 is now offline
[1085520.075720] Extended CMOS year: 2000
[1085520.076029] ACPI: Low-level resume complete
[1085520.076076] PM: Restoring platform NVS memory
[1085520.076560] CPU0: Thermal monitoring handled by SMI
[1085520.076618] Extended CMOS year: 2000
[1085520.076664] Enabling non-boot CPUs ...
[1085520.076805] Booting Node 0 Processor 1 APIC 0x2
[1085520.076808] smpboot cpu 1: start_ip = 99000
[1085520.087055] Initializing CPU#1
[1085520.087826] Calibrating delay loop (skipped) already calibrated this CPU
[1085520.087857] CPU1: Thermal monitoring handled by SMI
[1085520.108199] NMI watchdog enabled, takes one hw-pmu counter.
[1085520.108555] CPU1 is up
[1085520.110782] ACPI: Waking up from system sleep state S3
[1085520.111338] i915 0000:00:02.0: restoring config space at offset 0x1 (was 0x900007, writing 0x900407)
[1085520.111454] ehci_hcd 0000:00:1a.0: restoring config space at offset 0x1 (was 0x2900006, writing 0x2900002)
[1085520.111499] ehci_hcd 0000:00:1a.0: wake-up capability disabled by ACPI
[1085520.111505] ehci_hcd 0000:00:1a.0: PME# disabled
[1085520.111557] snd_hda_intel 0000:00:1b.0: restoring config space at offset 0x1 (was 0x100006, writing 0x100002)
[1085520.111785] ehci_hcd 0000:00:1d.0: restoring config space at offset 0x1 (was 0x2900006, writing 0x2900002)
[1085520.111824] ehci_hcd 0000:00:1d.0: wake-up capability disabled by ACPI
[1085520.111830] ehci_hcd 0000:00:1d.0: PME# disabled
[1085520.111933] ahci 0000:00:1f.2: restoring config space at offset 0x1 (was 0x2b00007, writing 0x2b00407)
[1085520.112148] ath9k 0000:07:00.0: restoring config space at offset 0xf (was 0x100, writing 0x10b)
[1085520.112161] ath9k 0000:07:00.0: restoring config space at offset 0xc (was 0x0, writing 0xffff0000)
[1085520.112264] PM: early resume of devices complete after 0.972 msecs
[1085520.112387] i915 0000:00:02.0: setting latency timer to 64
[1085520.113561] ehci_hcd 0000:00:1a.0: PCI INT A -> GSI 16 (level, low) -> IRQ 16
[1085520.113570] ehci_hcd 0000:00:1a.0: setting latency timer to 64
[1085520.113594] snd_hda_intel 0000:00:1b.0: PCI INT A -> GSI 22 (level, low) -> IRQ 22
[1085520.113602] snd_hda_intel 0000:00:1b.0: setting latency timer to 64
[1085520.113663] snd_hda_intel 0000:00:1b.0: irq 42 for MSI/MSI-X
[1085520.113716] ehci_hcd 0000:00:1d.0: PCI INT A -> GSI 23 (level, low) -> IRQ 23
[1085520.113724] ehci_hcd 0000:00:1d.0: setting latency timer to 64
[1085520.113749] ahci 0000:00:1f.2: setting latency timer to 64
[1085520.113785] pci 0000:00:1f.3: PCI INT C -> GSI 19 (level, low) -> IRQ 19
[1085520.113792] atl1c 0000:02:00.0: wake-up capability disabled by ACPI
[1085520.113800] atl1c 0000:02:00.0: PME# disabled
[1085520.135532] Extended CMOS year: 2000
[1085520.138415] sd 0:0:0:0: [sda] Starting disk
[1085520.383677] usb 1-1.1: reset high-speed USB device number 3 using ehci_hcd
[1085520.447499] ata2: SATA link up 1.5 Gbps (SStatus 113 SControl 300)
[1085520.454781] ata2.00: configured for UDMA/100
[1085522.006392] ata1: SATA link up 3.0 Gbps (SStatus 123 SControl 300)
[1085522.009719] ata1.00: configured for UDMA/100
[1085522.080379] PM: resume of devices complete after 1969.461 msecs
[1085522.080474] PM: Finishing wakeup.
[1085522.080476] Restarting tasks ... done.
[1085522.107147] video LNXVIDEO:00: Restoring backlight state
[1085522.504977] atl1c 0000:02:00.0: irq 43 for MSI/MSI-X
[1085522.587198] ADDRCONF(NETDEV_UP): eth0: link is not ready
[1088406.636013] PM: Syncing filesystems ... done.
[1088406.641348] PM: Preparing system for mem sleep
[1088406.921423] Freezing user space processes ... (elapsed 0.01 seconds) done.
[1088406.937281] Freezing remaining freezable tasks ... (elapsed 0.01 seconds) done.
[1088406.953266] PM: Entering mem sleep
[1088406.953369] Suspending console(s) (use no_console_suspend to debug)
[1088406.976682] sd 0:0:0:0: [sda] Synchronizing SCSI cache
[1088407.002497] sd 0:0:0:0: [sda] Stopping disk
[1088407.031812] pci 0000:00:1f.3: PCI INT C disabled
[1088407.031841] ehci_hcd 0000:00:1d.0: PCI INT A disabled
[1088407.031874] snd_hda_intel 0000:00:1b.0: PCI INT A disabled
[1088407.081162] ehci_hcd 0000:00:1a.0: PCI INT A disabled
[1088407.532978] PM: suspend of devices complete after 579.925 msecs
[1088407.549049] atl1c 0000:02:00.0: PME# enabled
[1088407.549058] atl1c 0000:02:00.0: wake-up capability enabled by ACPI
[1088407.564976] ehci_hcd 0000:00:1d.0: PME# enabled
[1088407.565006] ehci_hcd 0000:00:1d.0: wake-up capability enabled by ACPI
[1088407.581021] ehci_hcd 0000:00:1a.0: PME# enabled
[1088407.581045] ehci_hcd 0000:00:1a.0: wake-up capability enabled by ACPI
[1088407.596885] PM: late suspend of devices complete after 63.945 msecs
[1088407.597339] ACPI: Preparing to enter system sleep state S3
[1088407.597767] PM: Saving platform NVS memory
[1088407.599763] Disabling non-boot CPUs ...
[1088407.601222] CPU 1 is now offline
[1088407.601715] Extended CMOS year: 2000
[1088407.602024] ACPI: Low-level resume complete
[1088407.602072] PM: Restoring platform NVS memory
[1088407.602577] CPU0: Thermal monitoring handled by SMI
[1088407.602636] Extended CMOS year: 2000
[1088407.602681] Enabling non-boot CPUs ...
[1088407.602823] Booting Node 0 Processor 1 APIC 0x2
[1088407.602825] smpboot cpu 1: start_ip = 99000
[1088407.613073] Initializing CPU#1
[1088407.613843] Calibrating delay loop (skipped) already calibrated this CPU
[1088407.613874] CPU1: Thermal monitoring handled by SMI
[1088407.634216] NMI watchdog enabled, takes one hw-pmu counter.
[1088407.634619] CPU1 is up
[1088407.636825] ACPI: Waking up from system sleep state S3
[1088407.637370] i915 0000:00:02.0: restoring config space at offset 0x1 (was 0x900007, writing 0x900407)
[1088407.637489] ehci_hcd 0000:00:1a.0: restoring config space at offset 0x1 (was 0x2900006, writing 0x2900002)
[1088407.637531] ehci_hcd 0000:00:1a.0: wake-up capability disabled by ACPI
[1088407.637538] ehci_hcd 0000:00:1a.0: PME# disabled
[1088407.637590] snd_hda_intel 0000:00:1b.0: restoring config space at offset 0x1 (was 0x100006, writing 0x100002)
[1088407.637820] ehci_hcd 0000:00:1d.0: restoring config space at offset 0x1 (was 0x2900006, writing 0x2900002)
[1088407.637861] ehci_hcd 0000:00:1d.0: wake-up capability disabled by ACPI
[1088407.637867] ehci_hcd 0000:00:1d.0: PME# disabled
[1088407.637969] ahci 0000:00:1f.2: restoring config space at offset 0x1 (was 0x2b00007, writing 0x2b00407)
[1088407.638184] ath9k 0000:07:00.0: restoring config space at offset 0xf (was 0x100, writing 0x10b)
[1088407.638197] ath9k 0000:07:00.0: restoring config space at offset 0xc (was 0x0, writing 0xffff0000)
[1088407.638300] PM: early resume of devices complete after 0.974 msecs
[1088407.638424] i915 0000:00:02.0: setting latency timer to 64
[1088407.697405] ehci_hcd 0000:00:1a.0: PCI INT A -> GSI 16 (level, low) -> IRQ 16
[1088407.697414] ehci_hcd 0000:00:1a.0: setting latency timer to 64
[1088407.697426] snd_hda_intel 0000:00:1b.0: PCI INT A -> GSI 22 (level, low) -> IRQ 22
[1088407.697435] snd_hda_intel 0000:00:1b.0: setting latency timer to 64
[1088407.697444] ehci_hcd 0000:00:1d.0: PCI INT A -> GSI 23 (level, low) -> IRQ 23
[1088407.697458] ehci_hcd 0000:00:1d.0: setting latency timer to 64
[1088407.697490] ahci 0000:00:1f.2: setting latency timer to 64
[1088407.697513] snd_hda_intel 0000:00:1b.0: irq 42 for MSI/MSI-X
[1088407.697530] pci 0000:00:1f.3: PCI INT C -> GSI 19 (level, low) -> IRQ 19
[1088407.697541] atl1c 0000:02:00.0: wake-up capability disabled by ACPI
[1088407.697549] atl1c 0000:02:00.0: PME# disabled
[1088407.706283] sd 0:0:0:0: [sda] Starting disk
[1088407.957599] usb 1-1.1: reset high-speed USB device number 3 using ehci_hcd
[1088408.025425] ata2: SATA link up 1.5 Gbps (SStatus 113 SControl 300)
[1088408.031369] ata2.00: configured for UDMA/100
[1088409.584317] ata1: SATA link up 3.0 Gbps (SStatus 123 SControl 300)
[1088409.587660] ata1.00: configured for UDMA/100
[1088409.660897] PM: resume of devices complete after 2023.982 msecs
[1088409.660991] PM: Finishing wakeup.
[1088409.660993] Restarting tasks ... done.
[1088409.681816] video LNXVIDEO:00: Restoring backlight state
[1088410.302705] atl1c 0000:02:00.0: irq 43 for MSI/MSI-X
[1088410.385060] ADDRCONF(NETDEV_UP): eth0: link is not ready
[1096215.679932] PM: Syncing filesystems ... done.
[1096215.685268] PM: Preparing system for mem sleep
[1096215.958535] Freezing user space processes ... (elapsed 0.01 seconds) done.
[1096215.974398] Freezing remaining freezable tasks ... (elapsed 0.01 seconds) done.
[1096215.990380] PM: Entering mem sleep
[1096215.990485] Suspending console(s) (use no_console_suspend to debug)
[1096216.024291] sd 0:0:0:0: [sda] Synchronizing SCSI cache
[1096216.049607] sd 0:0:0:0: [sda] Stopping disk
[1096216.079244] pci 0000:00:1f.3: PCI INT C disabled
[1096216.079273] ehci_hcd 0000:00:1d.0: PCI INT A disabled
[1096216.130270] ehci_hcd 0000:00:1a.0: PCI INT A disabled
[1096216.338357] snd_hda_intel 0000:00:1b.0: PCI INT A disabled
[1096216.550119] PM: suspend of devices complete after 559.935 msecs
[1096216.566177] atl1c 0000:02:00.0: PME# enabled
[1096216.566185] atl1c 0000:02:00.0: wake-up capability enabled by ACPI
[1096216.582104] ehci_hcd 0000:00:1d.0: PME# enabled
[1096216.582138] ehci_hcd 0000:00:1d.0: wake-up capability enabled by ACPI
[1096216.598150] ehci_hcd 0000:00:1a.0: PME# enabled
[1096216.598175] ehci_hcd 0000:00:1a.0: wake-up capability enabled by ACPI
[1096216.614014] PM: late suspend of devices complete after 63.934 msecs
[1096216.614469] ACPI: Preparing to enter system sleep state S3
[1096216.614891] PM: Saving platform NVS memory
[1096216.616746] Disabling non-boot CPUs ...
[1096216.618169] CPU 1 is now offline
[1096216.618639] Extended CMOS year: 2000
[1096216.618948] ACPI: Low-level resume complete
[1096216.618996] PM: Restoring platform NVS memory
[1096216.619481] CPU0: Thermal monitoring handled by SMI
[1096216.619540] Extended CMOS year: 2000
[1096216.619586] Enabling non-boot CPUs ...
[1096216.619753] Booting Node 0 Processor 1 APIC 0x2
[1096216.619755] smpboot cpu 1: start_ip = 99000
[1096216.630003] Initializing CPU#1
[1096216.630773] Calibrating delay loop (skipped) already calibrated this CPU
[1096216.630804] CPU1: Thermal monitoring handled by SMI
[1096216.651157] NMI watchdog enabled, takes one hw-pmu counter.
[1096216.651565] CPU1 is up
[1096216.653777] ACPI: Waking up from system sleep state S3
[1096216.654309] i915 0000:00:02.0: restoring config space at offset 0x1 (was 0x900007, writing 0x900407)
[1096216.654428] ehci_hcd 0000:00:1a.0: restoring config space at offset 0x1 (was 0x2900006, writing 0x2900002)
[1096216.654470] ehci_hcd 0000:00:1a.0: wake-up capability disabled by ACPI
[1096216.654477] ehci_hcd 0000:00:1a.0: PME# disabled
[1096216.654527] snd_hda_intel 0000:00:1b.0: restoring config space at offset 0x1 (was 0x100006, writing 0x100002)
[1096216.654743] ehci_hcd 0000:00:1d.0: restoring config space at offset 0x1 (was 0x2900006, writing 0x2900002)
[1096216.654795] ehci_hcd 0000:00:1d.0: wake-up capability disabled by ACPI
[1096216.654802] ehci_hcd 0000:00:1d.0: PME# disabled
[1096216.654904] ahci 0000:00:1f.2: restoring config space at offset 0x1 (was 0x2b00007, writing 0x2b00407)
[1096216.655118] ath9k 0000:07:00.0: restoring config space at offset 0xf (was 0x100, writing 0x10b)
[1096216.655131] ath9k 0000:07:00.0: restoring config space at offset 0xc (was 0x0, writing 0xffff0000)
[1096216.655234] PM: early resume of devices complete after 0.970 msecs
[1096216.655359] i915 0000:00:02.0: setting latency timer to 64
[1096216.656545] ehci_hcd 0000:00:1a.0: PCI INT A -> GSI 16 (level, low) -> IRQ 16
[1096216.656553] ehci_hcd 0000:00:1a.0: setting latency timer to 64
[1096216.656578] snd_hda_intel 0000:00:1b.0: PCI INT A -> GSI 22 (level, low) -> IRQ 22
[1096216.656585] snd_hda_intel 0000:00:1b.0: setting latency timer to 64
[1096216.656646] snd_hda_intel 0000:00:1b.0: irq 42 for MSI/MSI-X
[1096216.656699] ehci_hcd 0000:00:1d.0: PCI INT A -> GSI 23 (level, low) -> IRQ 23
[1096216.656707] ehci_hcd 0000:00:1d.0: setting latency timer to 64
[1096216.656732] ahci 0000:00:1f.2: setting latency timer to 64
[1096216.656767] pci 0000:00:1f.3: PCI INT C -> GSI 19 (level, low) -> IRQ 19
[1096216.656775] atl1c 0000:02:00.0: wake-up capability disabled by ACPI
[1096216.656782] atl1c 0000:02:00.0: PME# disabled
[1096216.683309] sd 0:0:0:0: [sda] Starting disk
[1096216.926786] usb 1-1.1: reset high-speed USB device number 3 using ehci_hcd
[1096216.990573] ata2: SATA link up 1.5 Gbps (SStatus 113 SControl 300)
[1096216.997740] ata2.00: configured for UDMA/100
[1096218.549462] ata1: SATA link up 3.0 Gbps (SStatus 123 SControl 300)
[1096218.552790] ata1.00: configured for UDMA/100
[1096218.623562] PM: resume of devices complete after 1969.674 msecs
[1096218.623657] PM: Finishing wakeup.
[1096218.623659] Restarting tasks ... done.
[1096218.634751] video LNXVIDEO:00: Restoring backlight state
[1096219.049756] atl1c 0000:02:00.0: irq 43 for MSI/MSI-X
[1096219.134197] ADDRCONF(NETDEV_UP): eth0: link is not ready
[1113245.813659] PM: Syncing filesystems ... done.
[1113245.818953] PM: Preparing system for mem sleep
[1113246.098781] Freezing user space processes ... (elapsed 0.01 seconds) done.
[1113246.114664] Freezing remaining freezable tasks ... (elapsed 0.01 seconds) done.
[1113246.130650] PM: Entering mem sleep
[1113246.130755] Suspending console(s) (use no_console_suspend to debug)
[1113246.154130] sd 0:0:0:0: [sda] Synchronizing SCSI cache
[1113246.166474] sd 0:0:0:0: [sda] Stopping disk
[1113246.209093] pci 0000:00:1f.3: PCI INT C disabled
[1113246.209111] ehci_hcd 0000:00:1d.0: PCI INT A disabled
[1113246.209169] snd_hda_intel 0000:00:1b.0: PCI INT A disabled
[1113246.258548] ehci_hcd 0000:00:1a.0: PCI INT A disabled
[1113246.698391] PM: suspend of devices complete after 567.941 msecs
[1113246.714442] atl1c 0000:02:00.0: PME# enabled
[1113246.714450] atl1c 0000:02:00.0: wake-up capability enabled by ACPI
[1113246.730373] ehci_hcd 0000:00:1d.0: PME# enabled
[1113246.730407] ehci_hcd 0000:00:1d.0: wake-up capability enabled by ACPI
[1113246.746416] ehci_hcd 0000:00:1a.0: PME# enabled
[1113246.746441] ehci_hcd 0000:00:1a.0: wake-up capability enabled by ACPI
[1113246.762281] PM: late suspend of devices complete after 63.929 msecs
[1113246.762737] ACPI: Preparing to enter system sleep state S3
[1113246.763151] PM: Saving platform NVS memory
[1113246.765293] Disabling non-boot CPUs ...
[1113246.766718] CPU 1 is now offline
[1113246.767239] Extended CMOS year: 2000
[1113246.767548] ACPI: Low-level resume complete
[1113246.767596] PM: Restoring platform NVS memory
[1113246.768077] CPU0: Thermal monitoring handled by SMI
[1113246.768135] Extended CMOS year: 2000
[1113246.768181] Enabling non-boot CPUs ...
[1113246.768321] Booting Node 0 Processor 1 APIC 0x2
[1113246.768323] smpboot cpu 1: start_ip = 99000
[1113246.778570] Initializing CPU#1
[1113246.779341] Calibrating delay loop (skipped) already calibrated this CPU
[1113246.779372] CPU1: Thermal monitoring handled by SMI
[1113246.799714] NMI watchdog enabled, takes one hw-pmu counter.
[1113246.800124] CPU1 is up
[1113246.802364] ACPI: Waking up from system sleep state S3
[1113246.802907] i915 0000:00:02.0: restoring config space at offset 0x1 (was 0x900007, writing 0x900407)
[1113246.803025] ehci_hcd 0000:00:1a.0: restoring config space at offset 0x1 (was 0x2900006, writing 0x2900002)
[1113246.803078] ehci_hcd 0000:00:1a.0: wake-up capability disabled by ACPI
[1113246.803085] ehci_hcd 0000:00:1a.0: PME# disabled
[1113246.803137] snd_hda_intel 0000:00:1b.0: restoring config space at offset 0x1 (was 0x100006, writing 0x100002)
[1113246.803358] ehci_hcd 0000:00:1d.0: restoring config space at offset 0x1 (was 0x2900006, writing 0x2900002)
[1113246.803396] ehci_hcd 0000:00:1d.0: wake-up capability disabled by ACPI
[1113246.803403] ehci_hcd 0000:00:1d.0: PME# disabled
[1113246.803505] ahci 0000:00:1f.2: restoring config space at offset 0x1 (was 0x2b00007, writing 0x2b00407)
[1113246.803720] ath9k 0000:07:00.0: restoring config space at offset 0xf (was 0x100, writing 0x10b)
[1113246.803732] ath9k 0000:07:00.0: restoring config space at offset 0xc (was 0x0, writing 0xffff0000)
[1113246.803836] PM: early resume of devices complete after 0.973 msecs
[1113246.803959] i915 0000:00:02.0: setting latency timer to 64
[1113246.805144] ehci_hcd 0000:00:1a.0: PCI INT A -> GSI 16 (level, low) -> IRQ 16
[1113246.805153] ehci_hcd 0000:00:1a.0: setting latency timer to 64
[1113246.805177] snd_hda_intel 0000:00:1b.0: PCI INT A -> GSI 22 (level, low) -> IRQ 22
[1113246.805185] snd_hda_intel 0000:00:1b.0: setting latency timer to 64
[1113246.805245] snd_hda_intel 0000:00:1b.0: irq 42 for MSI/MSI-X
[1113246.805298] ehci_hcd 0000:00:1d.0: PCI INT A -> GSI 23 (level, low) -> IRQ 23
[1113246.805306] ehci_hcd 0000:00:1d.0: setting latency timer to 64
[1113246.805332] ahci 0000:00:1f.2: setting latency timer to 64
[1113246.805367] pci 0000:00:1f.3: PCI INT C -> GSI 19 (level, low) -> IRQ 19
[1113246.805375] atl1c 0000:02:00.0: wake-up capability disabled by ACPI
[1113246.805382] atl1c 0000:02:00.0: PME# disabled
[1113246.831044] sd 0:0:0:0: [sda] Starting disk
[1113247.079051] usb 1-1.1: reset high-speed USB device number 3 using ehci_hcd
[1113247.138831] ata2: SATA link up 1.5 Gbps (SStatus 113 SControl 300)
[1113247.144787] ata2.00: configured for UDMA/100
[1113248.753685] ata1: SATA link up 3.0 Gbps (SStatus 123 SControl 300)
[1113248.757012] ata1.00: configured for UDMA/100
[1113248.824647] PM: resume of devices complete after 2022.194 msecs
[1113248.824741] PM: Finishing wakeup.
[1113248.824743] Restarting tasks ... done.
[1113248.850556] video LNXVIDEO:00: Restoring backlight state
[1113249.277097] atl1c 0000:02:00.0: irq 43 for MSI/MSI-X
[1113249.358397] ADDRCONF(NETDEV_UP): eth0: link is not ready
[1113328.720140] PM: Syncing filesystems ... done.
[1113328.725465] PM: Preparing system for mem sleep
[1113329.012879] Freezing user space processes ... (elapsed 0.01 seconds) done.
[1113329.028792] Freezing remaining freezable tasks ... (elapsed 0.01 seconds) done.
[1113329.044775] PM: Entering mem sleep
[1113329.044873] Suspending console(s) (use no_console_suspend to debug)
[1113329.068274] sd 0:0:0:0: [sda] Synchronizing SCSI cache
[1113329.088050] sd 0:0:0:0: [sda] Stopping disk
[1113329.123224] pci 0000:00:1f.3: PCI INT C disabled
[1113329.123241] ehci_hcd 0000:00:1d.0: PCI INT A disabled
[1113329.123279] snd_hda_intel 0000:00:1b.0: PCI INT A disabled
[1113329.172672] ehci_hcd 0000:00:1a.0: PCI INT A disabled
[1113329.584530] PM: suspend of devices complete after 539.940 msecs
[1113329.600586] atl1c 0000:02:00.0: PME# enabled
[1113329.600594] atl1c 0000:02:00.0: wake-up capability enabled by ACPI
[1113329.616514] ehci_hcd 0000:00:1d.0: PME# enabled
[1113329.616547] ehci_hcd 0000:00:1d.0: wake-up capability enabled by ACPI
[1113329.632557] ehci_hcd 0000:00:1a.0: PME# enabled
[1113329.632581] ehci_hcd 0000:00:1a.0: wake-up capability enabled by ACPI
[1113329.648424] PM: late suspend of devices complete after 63.932 msecs
[1113329.648878] ACPI: Preparing to enter system sleep state S3
[1113329.649297] PM: Saving platform NVS memory
[1113329.651486] Disabling non-boot CPUs ...
[1113329.652911] CPU 1 is now offline
[1113329.653407] Extended CMOS year: 2000
[1113329.653716] ACPI: Low-level resume complete
[1113329.653764] PM: Restoring platform NVS memory
[1113329.654246] CPU0: Thermal monitoring handled by SMI
[1113329.654305] Extended CMOS year: 2000
[1113329.654350] Enabling non-boot CPUs ...
[1113329.654493] Booting Node 0 Processor 1 APIC 0x2
[1113329.654495] smpboot cpu 1: start_ip = 99000
[1113329.664742] Initializing CPU#1
[1113329.665513] Calibrating delay loop (skipped) already calibrated this CPU
[1113329.665544] CPU1: Thermal monitoring handled by SMI
[1113329.685898] NMI watchdog enabled, takes one hw-pmu counter.
[1113329.686304] CPU1 is up
[1113329.688536] ACPI: Waking up from system sleep state S3
[1113329.689077] i915 0000:00:02.0: restoring config space at offset 0x1 (was 0x900007, writing 0x900407)
[1113329.689205] ehci_hcd 0000:00:1a.0: restoring config space at offset 0x1 (was 0x2900006, writing 0x2900002)
[1113329.689248] ehci_hcd 0000:00:1a.0: wake-up capability disabled by ACPI
[1113329.689255] ehci_hcd 0000:00:1a.0: PME# disabled
[1113329.689306] snd_hda_intel 0000:00:1b.0: restoring config space at offset 0x1 (was 0x100006, writing 0x100002)
[1113329.689525] ehci_hcd 0000:00:1d.0: restoring config space at offset 0x1 (was 0x2900006, writing 0x2900002)
[1113329.689565] ehci_hcd 0000:00:1d.0: wake-up capability disabled by ACPI
[1113329.689571] ehci_hcd 0000:00:1d.0: PME# disabled
[1113329.689673] ahci 0000:00:1f.2: restoring config space at offset 0x1 (was 0x2b00007, writing 0x2b00407)
[1113329.689889] ath9k 0000:07:00.0: restoring config space at offset 0xf (was 0x100, writing 0x10b)
[1113329.689901] ath9k 0000:07:00.0: restoring config space at offset 0xc (was 0x0, writing 0xffff0000)
[1113329.690004] PM: early resume of devices complete after 0.972 msecs
[1113329.690128] i915 0000:00:02.0: setting latency timer to 64
[1113329.691331] ehci_hcd 0000:00:1a.0: PCI INT A -> GSI 16 (level, low) -> IRQ 16
[1113329.691340] ehci_hcd 0000:00:1a.0: setting latency timer to 64
[1113329.691364] snd_hda_intel 0000:00:1b.0: PCI INT A -> GSI 22 (level, low) -> IRQ 22
[1113329.691371] snd_hda_intel 0000:00:1b.0: setting latency timer to 64
[1113329.691434] snd_hda_intel 0000:00:1b.0: irq 42 for MSI/MSI-X
[1113329.691487] ehci_hcd 0000:00:1d.0: PCI INT A -> GSI 23 (level, low) -> IRQ 23
[1113329.691495] ehci_hcd 0000:00:1d.0: setting latency timer to 64
[1113329.691521] ahci 0000:00:1f.2: setting latency timer to 64
[1113329.691555] pci 0000:00:1f.3: PCI INT C -> GSI 19 (level, low) -> IRQ 19
[1113329.691563] atl1c 0000:02:00.0: wake-up capability disabled by ACPI
[1113329.691570] atl1c 0000:02:00.0: PME# disabled
[1113329.713252] Extended CMOS year: 2000
[1113329.721187] sd 0:0:0:0: [sda] Starting disk
[1113329.965191] usb 1-1.1: reset high-speed USB device number 3 using ehci_hcd
[1113330.024978] ata2: SATA link up 1.5 Gbps (SStatus 113 SControl 300)
[1113330.032157] ata2.00: configured for UDMA/100
[1113331.639831] ata1: SATA link up 3.0 Gbps (SStatus 123 SControl 300)
[1113331.643155] ata1.00: configured for UDMA/100
[1113331.718360] PM: resume of devices complete after 2029.745 msecs
[1113331.718456] PM: Finishing wakeup.
[1113331.718458] Restarting tasks ... done.
[1113331.726908] video LNXVIDEO:00: Restoring backlight state
[1113332.141961] atl1c 0000:02:00.0: irq 43 for MSI/MSI-X
[1113332.224573] ADDRCONF(NETDEV_UP): eth0: link is not ready
[1122882.546364] PM: Syncing filesystems ... done.
[1122882.552015] PM: Preparing system for mem sleep
[1122882.825141] Freezing user space processes ... (elapsed 0.01 seconds) done.
[1122882.841011] Freezing remaining freezable tasks ... (elapsed 0.01 seconds) done.
[1122882.856995] PM: Entering mem sleep
[1122882.857095] Suspending console(s) (use no_console_suspend to debug)
[1122882.880441] sd 0:0:0:0: [sda] Synchronizing SCSI cache
[1122882.914459] sd 0:0:0:0: [sda] Stopping disk
[1122882.935713] pci 0000:00:1f.3: PCI INT C disabled
[1122882.935728] ehci_hcd 0000:00:1d.0: PCI INT A disabled
[1122882.984896] ehci_hcd 0000:00:1a.0: PCI INT A disabled
[1122883.192923] snd_hda_intel 0000:00:1b.0: PCI INT A disabled
[1122883.428714] PM: suspend of devices complete after 571.928 msecs
[1122883.444788] atl1c 0000:02:00.0: PME# enabled
[1122883.444797] atl1c 0000:02:00.0: wake-up capability enabled by ACPI
[1122883.460716] ehci_hcd 0000:00:1d.0: PME# enabled
[1122883.460746] ehci_hcd 0000:00:1d.0: wake-up capability enabled by ACPI
[1122883.476758] ehci_hcd 0000:00:1a.0: PME# enabled
[1122883.476781] ehci_hcd 0000:00:1a.0: wake-up capability enabled by ACPI
[1122883.492624] PM: late suspend of devices complete after 63.948 msecs
[1122883.493079] ACPI: Preparing to enter system sleep state S3
[1122883.493496] PM: Saving platform NVS memory
[1122883.495730] Disabling non-boot CPUs ...
[1122883.497191] CPU 1 is now offline
[1122883.497682] Extended CMOS year: 2000
[1122883.497992] ACPI: Low-level resume complete
[1122883.498040] PM: Restoring platform NVS memory
[1122883.498534] CPU0: Thermal monitoring handled by SMI
[1122883.498593] Extended CMOS year: 2000
[1122883.498638] Enabling non-boot CPUs ...
[1122883.498778] Booting Node 0 Processor 1 APIC 0x2
[1122883.498781] smpboot cpu 1: start_ip = 99000
[1122883.509028] Initializing CPU#1
[1122883.509799] Calibrating delay loop (skipped) already calibrated this CPU
[1122883.509830] CPU1: Thermal monitoring handled by SMI
[1122883.530186] NMI watchdog enabled, takes one hw-pmu counter.
[1122883.530584] CPU1 is up
[1122883.532822] ACPI: Waking up from system sleep state S3
[1122883.533372] i915 0000:00:02.0: restoring config space at offset 0x1 (was 0x900007, writing 0x900407)
[1122883.533499] ehci_hcd 0000:00:1a.0: restoring config space at offset 0x1 (was 0x2900006, writing 0x2900002)
[1122883.533542] ehci_hcd 0000:00:1a.0: wake-up capability disabled by ACPI
[1122883.533548] ehci_hcd 0000:00:1a.0: PME# disabled
[1122883.533600] snd_hda_intel 0000:00:1b.0: restoring config space at offset 0x1 (was 0x100006, writing 0x100002)
[1122883.533819] ehci_hcd 0000:00:1d.0: restoring config space at offset 0x1 (was 0x2900006, writing 0x2900002)
[1122883.533857] ehci_hcd 0000:00:1d.0: wake-up capability disabled by ACPI
[1122883.533863] ehci_hcd 0000:00:1d.0: PME# disabled
[1122883.533965] ahci 0000:00:1f.2: restoring config space at offset 0x1 (was 0x2b00007, writing 0x2b00407)
[1122883.534181] ath9k 0000:07:00.0: restoring config space at offset 0xf (was 0x100, writing 0x10b)
[1122883.534193] ath9k 0000:07:00.0: restoring config space at offset 0xc (was 0x0, writing 0xffff0000)
[1122883.534295] PM: early resume of devices complete after 0.968 msecs
[1122883.534419] i915 0000:00:02.0: setting latency timer to 64
[1122883.592818] ehci_hcd 0000:00:1a.0: PCI INT A -> GSI 16 (level, low) -> IRQ 16
[1122883.592826] ehci_hcd 0000:00:1a.0: setting latency timer to 64
[1122883.592839] snd_hda_intel 0000:00:1b.0: PCI INT A -> GSI 22 (level, low) -> IRQ 22
[1122883.592848] snd_hda_intel 0000:00:1b.0: setting latency timer to 64
[1122883.592857] ehci_hcd 0000:00:1d.0: PCI INT A -> GSI 23 (level, low) -> IRQ 23
[1122883.592869] ehci_hcd 0000:00:1d.0: setting latency timer to 64
[1122883.592905] ahci 0000:00:1f.2: setting latency timer to 64
