ruby 1.9.3p194 (2012-04-20 revision 35410) [x86_64-linux]
Run options: 

# Running tests:

.....F.........E..$ ruby  script/work_flow.rb --help
@errors="/home/greg/Desktop/src/Open-Table-Explorer/app/models/parse.rb:317: warning: already initialized constant Failed_capture\n/home/greg/Desktop/src/Open-Table-Explorer/app/models/parse.rb:318: warning: already initialized constant Syntax_failed_capture\n"
$ echo "Hello World"
Hello World
$ echo "1 2;3 4"
1 2;3 4
$ $?=1
@errors="sh: 1: 0=1: not found\n"
@process_status=#<Process::Status: pid 11197 exit 127>
$ ls happyHappyFailFail.junk
@errors="ls: cannot access happyHappyFailFail.junk: No such file or directory\n"
@process_status=#<Process::Status: pid 11200 exit 2>
$ file -b script/work_flow.rb
Ruby script, ASCII text executable
$ file -b --mime script/work_flow.rb
text/x-ruby; charset=us-ascii
$ file -b script/work_flow.rb
Ruby script, ASCII text executable
$ file -b --mime script/work_flow.rb
text/x-ruby; charset=us-ascii
Usage: work_flow.rb --<command> files
    -e, --[no-]edit                  Edit related files and versions in diffuse
    -d, --[no-]merge-down            Test downgraded related files in git branches
    -u, --[no-]upgrade               Test upgraded related files in git branches
    -t, --[no-]test                  Test, commit. 
    -b, --[no-]best                  Best. Merge down, no conflicts. 
    -m, --[no-]emacs                 Emacs unit edit. 
    -x, --[no-]execute               Unit test and edit. 
    -p, --[no-]passed                Stage file to passed. 
    -g, --[no-]testing               Stage file to testing. 
    -i, --[no-]edited                Stage file to edited. 
    -v, --[no-]deserve               Stage file to edited. 
    -a, --[no-]all                   All files tested 
    -n, --[no-]minimal               edit with minimal comparison. 
    -l, --[no-]loop                  Test, commit, edit, loop.
    -s, --[no-]split                 split off new class and edit
    -r, --[no-]related               Related files
    -c                               merge_conflict_recovery
        --[no-]merge-conflict-recovery
F...merge(:edited, :testing, :interactive)
$ git cola
@errors="\n(process:11304): Gtk-WARNING **: Locale not supported by C library.\n\tUsing the fallback 'C' locale.\n"
F$ ruby  script/work_flow.rb --merge-down
@errors="/home/greg/Desktop/src/Open-Table-Explorer/app/models/regexp_parse.rb:110:in `<top (required)>': uninitialized constant RegexpParse (NameError)\n\tfrom /home/greg/Desktop/src/Open-Table-Explorer/app/models/parse.rb:11:in `require_relative'\n\tfrom /home/greg/Desktop/src/Open-Table-Explorer/app/models/parse.rb:11:in `<top (required)>'\n\tfrom /home/greg/Desktop/src/Open-Table-Explorer/app/models/repository.rb:30:in `require_relative'\n\tfrom /home/greg/Desktop/src/Open-Table-Explorer/app/models/repository.rb:30:in `<top (required)>'\n\tfrom /home/greg/Desktop/src/Open-Table-Explorer/app/models/work_flow.rb:9:in `require_relative'\n\tfrom /home/greg/Desktop/src/Open-Table-Explorer/app/models/work_flow.rb:9:in `<top (required)>'\n\tfrom script/work_flow.rb:12:in `require_relative'\n\tfrom script/work_flow.rb:12:in `<main>'\n"
@process_status=#<Process::Status: pid 11406 exit 1>
$ echo "Hello World"
Hello World
$ echo "1 2;3 4"
1 2;3 4
$ $?=1
@errors="sh: 1: 0=1: not found\n"
$ ls happyHappyFailFail.junk
@errors="ls: cannot access happyHappyFailFail.junk: No such file or directory\n"
F.F...F...

Finished tests in 25.644023s, 1.2868 tests/s, 167.6024 assertions/s.

  1) Failure:
test_bracketing_versions?(WorkFlowTest) [test/unit/work_flow_test.rb:179]:
<13> expected but was
<8>.

  2) Error:
test_differences?(WorkFlowTest):
RuntimeError: test/long_test/repository_test.rb does not exist.
    /home/greg/Desktop/src/Open-Table-Explorer/app/models/work_flow.rb:109:in `diff_command?'
    /home/greg/Desktop/src/Open-Table-Explorer/app/models/work_flow.rb:123:in `working_different_from?'
    test/unit/work_flow_test.rb:125:in `test_differences?'
    /usr/lib/ruby/vendor_ruby/minitest/unit.rb:1058:in `run'
    /usr/lib/ruby/1.9.1/test/unit/testcase.rb:17:in `run'
    /usr/lib/ruby/vendor_ruby/active_support/testing/setup_and_teardown.rb:36:in `block in run'
    /usr/lib/ruby/vendor_ruby/active_support/callbacks.rb:403:in `_run__1685065526828429791__setup__3067637048867227647__callbacks'
    /usr/lib/ruby/vendor_ruby/active_support/callbacks.rb:405:in `__run_callback'
    /usr/lib/ruby/vendor_ruby/active_support/callbacks.rb:385:in `_run_setup_callbacks'
    /usr/lib/ruby/vendor_ruby/active_support/callbacks.rb:81:in `run_callbacks'
    /usr/lib/ruby/vendor_ruby/active_support/testing/setup_and_teardown.rb:35:in `run'
    /usr/lib/ruby/vendor_ruby/minitest/unit.rb:823:in `block in _run_suite'
    /usr/lib/ruby/vendor_ruby/minitest/unit.rb:815:in `map'
    /usr/lib/ruby/vendor_ruby/minitest/unit.rb:815:in `_run_suite'
    /usr/lib/ruby/1.9.1/test/unit.rb:565:in `block in _run_suites'
    /usr/lib/ruby/1.9.1/test/unit.rb:563:in `each'
    /usr/lib/ruby/1.9.1/test/unit.rb:563:in `_run_suites'
    /usr/lib/ruby/vendor_ruby/minitest/unit.rb:775:in `_run_anything'
    /usr/lib/ruby/vendor_ruby/minitest/unit.rb:964:in `run_tests'
    /usr/lib/ruby/vendor_ruby/minitest/unit.rb:951:in `block in _run'
    /usr/lib/ruby/vendor_ruby/minitest/unit.rb:950:in `each'
    /usr/lib/ruby/vendor_ruby/minitest/unit.rb:950:in `_run'
    /usr/lib/ruby/vendor_ruby/minitest/unit.rb:939:in `run'
    /usr/lib/ruby/1.9.1/test/unit.rb:21:in `run'
    /usr/lib/ruby/1.9.1/test/unit.rb:326:in `block (2 levels) in autorun'
    /usr/lib/ruby/1.9.1/test/unit.rb:27:in `run_once'
    /usr/lib/ruby/1.9.1/test/unit.rb:325:in `block in autorun'

  3) Failure:
test_help_command(WorkFlowTest) [test/unit/work_flow_test.rb:247]:
self=$ ruby  script/work_flow.rb --help
@errors="/home/greg/Desktop/src/Open-Table-Explorer/app/models/parse.rb:317: warning: already initialized constant Failed_capture\n/home/greg/Desktop/src/Open-Table-Explorer/app/models/parse.rb:318: warning: already initialized constant Syntax_failed_capture\n"
$ echo "Hello World"
Hello World
$ echo "1 2;3 4"
1 2;3 4
$ $?=1
@errors="sh: 1: 0=1: not found\n"
@process_status=#<Process::Status: pid 11197 exit 127>
$ ls happyHappyFailFail.junk
@errors="ls: cannot access happyHappyFailFail.junk: No such file or directory\n"
@process_status=#<Process::Status: pid 11200 exit 2>
$ file -b script/work_flow.rb
Ruby script, ASCII text executable
$ file -b --mime script/work_flow.rb
text/x-ruby; charset=us-ascii
$ file -b script/work_flow.rb
Ruby script, ASCII text executable
$ file -b --mime script/work_flow.rb
text/x-ruby; charset=us-ascii
Usage: work_flow.rb --<command> files
    -e, --[no-]edit                  Edit related files and versions in diffuse
    -d, --[no-]merge-down            Test downgraded related files in git branches
    -u, --[no-]upgrade               Test upgraded related files in git branches
    -t, --[no-]test                  Test, commit. 
    -b, --[no-]best                  Best. Merge down, no conflicts. 
    -m, --[no-]emacs                 Emacs unit edit. 
    -x, --[no-]execute               Unit test and edit. 
    -p, --[no-]passed                Stage file to passed. 
    -g, --[no-]testing               Stage file to testing. 
    -i, --[no-]edited                Stage file to edited. 
    -v, --[no-]deserve               Stage file to edited. 
    -a, --[no-]all                   All files tested 
    -n, --[no-]minimal               edit with minimal comparison. 
    -l, --[no-]loop                  Test, commit, edit, loop.
    -s, --[no-]split                 split off new class and edit
    -r, --[no-]related               Related files
    -c                               merge_conflict_recovery
        --[no-]merge-conflict-recovery
expected errors to be empty\n
"/home/greg/Desktop/src/Open-Table-Explorer/app/models/parse.rb:317: warning: already initialized constant Failed_capture\n/home/greg/Desktop/src/Open-Table-Explorer/app/models/parse.rb:318: warning: already initialized constant Syntax_failed_capture\n" is not empty.

  4) Failure:
test_merge(WorkFlowTest) [/home/greg/Desktop/src/Open-Table-Explorer/app/models/repository.rb:295]:
self=$ git cola
@errors="\n(process:11304): Gtk-WARNING **: Locale not supported by C library.\n\tUsing the fallback 'C' locale.\n"
expected errors to be empty\n
"\n(process:11304): Gtk-WARNING **: Locale not supported by C library.\n\tUsing the fallback 'C' locale.\n" is not empty.

  5) Failure:
test_merge_command(WorkFlowTest) [test/unit/work_flow_test.rb:251]:
self=$ ruby  script/work_flow.rb --merge-down
@errors="/home/greg/Desktop/src/Open-Table-Explorer/app/models/regexp_parse.rb:110:in `<top (required)>': uninitialized constant RegexpParse (NameError)\n\tfrom /home/greg/Desktop/src/Open-Table-Explorer/app/models/parse.rb:11:in `require_relative'\n\tfrom /home/greg/Desktop/src/Open-Table-Explorer/app/models/parse.rb:11:in `<top (required)>'\n\tfrom /home/greg/Desktop/src/Open-Table-Explorer/app/models/repository.rb:30:in `require_relative'\n\tfrom /home/greg/Desktop/src/Open-Table-Explorer/app/models/repository.rb:30:in `<top (required)>'\n\tfrom /home/greg/Desktop/src/Open-Table-Explorer/app/models/work_flow.rb:9:in `require_relative'\n\tfrom /home/greg/Desktop/src/Open-Table-Explorer/app/models/work_flow.rb:9:in `<top (required)>'\n\tfrom script/work_flow.rb:12:in `require_relative'\n\tfrom script/work_flow.rb:12:in `<main>'\n"
@process_status=#<Process::Status: pid 11406 exit 1>
$ echo "Hello World"
Hello World
$ echo "1 2;3 4"
1 2;3 4
$ $?=1
@errors="sh: 1: 0=1: not found\n"
$ ls happyHappyFailFail.junk
@errors="ls: cannot access happyHappyFailFail.junk: No such file or directory\n"
expected errors to be empty\n
"/home/greg/Desktop/src/Open-Table-Explorer/app/models/regexp_parse.rb:110:in `<top (required)>': uninitialized constant RegexpParse (NameError)\n\tfrom /home/greg/Desktop/src/Open-Table-Explorer/app/models/parse.rb:11:in `require_relative'\n\tfrom /home/greg/Desktop/src/Open-Table-Explorer/app/models/parse.rb:11:in `<top (required)>'\n\tfrom /home/greg/Desktop/src/Open-Table-Explorer/app/models/repository.rb:30:in `require_relative'\n\tfrom /home/greg/Desktop/src/Open-Table-Explorer/app/models/repository.rb:30:in `<top (required)>'\n\tfrom /home/greg/Desktop/src/Open-Table-Explorer/app/models/work_flow.rb:9:in `require_relative'\n\tfrom /home/greg/Desktop/src/Open-Table-Explorer/app/models/work_flow.rb:9:in `<top (required)>'\n\tfrom script/work_flow.rb:12:in `require_relative'\n\tfrom script/work_flow.rb:12:in `<main>'\n" is not empty.

  6) Failure:
test_minimal_comparison(WorkFlowTest) [test/unit/work_flow_test.rb:209]:
<" -t app/models/work_flow.rb app/models/minimal2.rb -t test/unit/work_flow_test.rb test/unit/minimal2_test.rb -t script/work_flow.rb script/minimal2.rb -t test/integration/work_flow_test.rb test/integration/minimal2_test.rb -t test/long_test/work_flow_test.rb test/long_test/minimal2_test.rb -t test/assertions/work_flow_assertions.rb test/assertions/minimal2_assertions.rb -t test/unit/work_flow_assertions_test.rb test/unit/minimal2_assertions_test.rb -t log/library/work_flow.log log/library/minimal2.log -t log/assertions/work_flow.log log/assertions/minimal2.log -t log/integration/work_flow.log log/integration/minimal2.log -t log/long/work_flow.log log/long/minimal2.log -t test/data_sources/work_flow test/data_sources/minimal2"> expected but was
<" -t app/models/work_flow.rb app/models/minimal2.rb -t test/unit/work_flow_test.rb test/unit/minimal2_test.rb">.

  7) Failure:
test_scan_verions?(WorkFlowTest) [test/unit/work_flow_test.rb:168]:
filename="test/long_test/repository_test.rb"
range=-2..3
direction=:last
differences=[nil, nil, false, false, false, nil]
different_indices=[]
existing_indices=[0, 1, 2]
scan_verions=0.
<13> expected but was
<8>.

33 tests, 4298 assertions, 6 failures, 1 errors, 0 skips
